
################ canonical investment: n=2000, stakes levels [1000.0, 2500.0, 5000.0, 10000.0, 25000.0, 50000.0, 100000.0]
behaviour: standardised logistic coefficients for chose_short (90% bootstrap interval):
   log H            -3.240  [-3.810, -2.803]
   log ratio        +0.071  [-0.049, +0.216]
   log stakes       -0.030  [-0.164, +0.085]
   log short delay  -0.365  [-0.486, -0.246]
   log long delay   +1.457  [+1.300, +1.680]
   short first      +0.152  [+0.038, +0.256]
   stratum low  n= 519: P(short) 0.75; fitted switch horizon 10^1.28 = 19.12 y
   stratum mid  n= 550: P(short) 0.73; fitted switch horizon 10^1.06 = 11.60 y
   stratum high n= 821: P(short) 0.74; fitted switch horizon 10^0.99 = 9.68 y

=== L22 T3 (n=1890) ===
(a) ridge R² 5-fold: log H 0.997  log stakes 0.989  log ratio 0.968;  |rho(PC1-3, stakes)| [0.09, 0.09, 0.19] vs H [0.94, 0.16, 0.12]
    centroid ordinality / split-half |cos| / chord (within-spread units): stakes 0.82 / 0.94 / 0.84;  ratio 0.80 / 0.98 / 0.48;  horizon 0.98 / 1.00 / 1.74;  angle(stakes dir, horizon dir) 79°
(b) per stratum |rho(PC1, H)| low 0.91 mid 0.96 high 0.94;  chord/spread low 1.80 mid 1.77 high 1.73
    angle between strata horizon directions (PC1 / top-2 subspace): low-mid 10°/14°  mid-high 9°/16°  low-high 14°/21°
    frozen ridge for log H across strata: low→high: within-2x 0.91, RMSE 0.191 dec, R² 0.980 (in-high CV R² 0.995); high→low: within-2x 0.93, RMSE 0.152 dec, R² 0.987 (in-low CV R² 0.993)
    quad curve model, stratum as context, 5-fold R²: none 0.2937  offset 0.3500  interaction 0.3518

=== L37 T3 (n=1890) ===
(a) ridge R² 5-fold: log H 0.991  log stakes 0.967  log ratio 0.911;  |rho(PC1-3, stakes)| [0.01, 0.0, 0.29] vs H [0.96, 0.03, 0.02]
    centroid ordinality / split-half |cos| / chord (within-spread units): stakes 0.96 / 0.94 / 0.74;  ratio 0.80 / 0.97 / 0.49;  horizon 0.99 / 1.00 / 1.60;  angle(stakes dir, horizon dir) 87°
(b) per stratum |rho(PC1, H)| low 0.95 mid 0.95 high 0.11;  chord/spread low 1.67 mid 1.64 high 1.59
    angle between strata horizon directions (PC1 / top-2 subspace): low-mid 10°/13°  mid-high 10°/15°  low-high 15°/20°
    frozen ridge for log H across strata: low→high: within-2x 0.90, RMSE 0.179 dec, R² 0.983 (in-high CV R² 0.990); high→low: within-2x 0.59, RMSE 0.310 dec, R² 0.948 (in-low CV R² 0.988)
    quad curve model, stratum as context, 5-fold R²: none 0.2685  offset 0.3155  interaction 0.3169

=== L22 R0 (n=1890) ===
(a) ridge R² 5-fold: log H 0.998  log stakes 0.991  log ratio 0.975;  |rho(PC1-3, stakes)| [0.03, 0.27, 0.23] vs H [0.95, 0.05, 0.0]
    centroid ordinality / split-half |cos| / chord (within-spread units): stakes 0.96 / 0.99 / 0.90;  ratio 0.80 / 0.98 / 0.45;  horizon 0.99 / 1.00 / 1.98;  angle(stakes dir, horizon dir) 86°
(b) per stratum |rho(PC1, H)| low 0.95 mid 0.96 high 0.95;  chord/spread low 1.99 mid 2.04 high 1.97
    angle between strata horizon directions (PC1 / top-2 subspace): low-mid 9°/10°  mid-high 8°/11°  low-high 9°/13°
    frozen ridge for log H across strata: low→high: within-2x 0.94, RMSE 0.168 dec, R² 0.985 (in-high CV R² 0.996); high→low: within-2x 0.99, RMSE 0.118 dec, R² 0.992 (in-low CV R² 0.995)
    quad curve model, stratum as context, 5-fold R²: none 0.3542  offset 0.4036  interaction 0.4038

=== L29 R0 (n=1890) ===
(a) ridge R² 5-fold: log H 0.998  log stakes 0.992  log ratio 0.981;  |rho(PC1-3, stakes)| [0.06, 0.04, 0.09] vs H [0.78, 0.42, 0.04]
    centroid ordinality / split-half |cos| / chord (within-spread units): stakes 1.00 / 0.94 / 0.45;  ratio 1.00 / 0.95 / 0.35;  horizon 0.96 / 1.00 / 2.14;  angle(stakes dir, horizon dir) 84°
(b) per stratum |rho(PC1, H)| low 0.75 mid 0.80 high 0.79;  chord/spread low 2.18 mid 2.21 high 2.12
    angle between strata horizon directions (PC1 / top-2 subspace): low-mid 6°/10°  mid-high 8°/11°  low-high 12°/14°
    frozen ridge for log H across strata: low→high: within-2x 0.99, RMSE 0.124 dec, R² 0.992 (in-high CV R² 0.997); high→low: within-2x 0.99, RMSE 0.105 dec, R² 0.994 (in-low CV R² 0.995)
    quad curve model, stratum as context, 5-fold R²: none 0.4025  offset 0.4134  interaction 0.4152

################ matrix main investment: n=1080, stakes levels [1000.0, 2500.0, 5000.0, 10000.0, 25000.0, 50000.0, 100000.0]
behaviour: standardised logistic coefficients for chose_short (90% bootstrap interval):
   log H            -1.994  [-2.372, -1.738]
   log ratio        -0.118  [-0.253, +0.031]
   log stakes       -0.066  [-0.200, +0.073]
   log short delay  -0.356  [-0.525, -0.192]
   log long delay   +0.700  [+0.565, +0.874]
   short first      +0.739  [+0.638, +0.861]
   stratum low  n= 252: P(short) 0.72; fitted switch horizon 10^1.10 = 12.60 y
   stratum mid  n= 396: P(short) 0.69; fitted switch horizon 10^0.98 = 9.59 y
   stratum high n= 432: P(short) 0.72; fitted switch horizon 10^1.19 = 15.52 y

=== L22 T3 (n=1080) ===
(a) ridge R² 5-fold: log H 0.990  log stakes 0.981  log ratio 0.951;  |rho(PC1-3, stakes)| [0.02, 0.08, 0.02] vs H [0.2, 0.25, 0.25]
    centroid ordinality / split-half |cos| / chord (within-spread units): stakes 0.64 / 0.64 / 0.18;  ratio 0.10 / 0.64 / 0.12;  horizon 0.96 / 0.98 / 0.36;  angle(stakes dir, horizon dir) 68°
(b) per stratum |rho(PC1, H)| low 0.18 mid 0.20 high 0.21;  chord/spread low 0.39 mid 0.37 high 0.36
    angle between strata horizon directions (PC1 / top-2 subspace): low-mid 12°/22°  mid-high 12°/16°  low-high 15°/27°
    frozen ridge for log H across strata: low→high: within-2x 0.58, RMSE 0.358 dec, R² 0.932 (in-high CV R² 0.981); high→low: within-2x 0.82, RMSE 0.215 dec, R² 0.975 (in-low CV R² 0.982)
    quad curve model, stratum as context, 5-fold R²: none 0.0142  offset 0.0146  interaction 0.0089

=== L37 T3 (n=1080) ===
(a) ridge R² 5-fold: log H 0.979  log stakes 0.950  log ratio 0.878;  |rho(PC1-3, stakes)| [0.06, 0.08, 0.1] vs H [0.1, 0.23, 0.28]
    centroid ordinality / split-half |cos| / chord (within-spread units): stakes 0.93 / 0.56 / 0.20;  ratio 0.10 / 0.61 / 0.14;  horizon 0.92 / 0.98 / 0.39;  angle(stakes dir, horizon dir) 72°
(b) per stratum |rho(PC1, H)| low 0.09 mid 0.09 high 0.11;  chord/spread low 0.43 mid 0.39 high 0.39
    angle between strata horizon directions (PC1 / top-2 subspace): low-mid 13°/23°  mid-high 15°/19°  low-high 17°/30°
    frozen ridge for log H across strata: low→high: within-2x 0.44, RMSE 0.495 dec, R² 0.869 (in-high CV R² 0.971); high→low: within-2x 0.67, RMSE 0.319 dec, R² 0.946 (in-low CV R² 0.970)
    quad curve model, stratum as context, 5-fold R²: none 0.0186  offset 0.0202  interaction 0.0148

=== L22 R0 (n=1080) ===
(a) ridge R² 5-fold: log H 0.993  log stakes 0.978  log ratio 0.959;  |rho(PC1-3, stakes)| [0.07, 0.06, 0.02] vs H [0.17, 0.05, 0.2]
    centroid ordinality / split-half |cos| / chord (within-spread units): stakes 0.93 / 0.71 / 0.16;  ratio 0.10 / 0.39 / 0.10;  horizon 0.98 / 0.98 / 0.43;  angle(stakes dir, horizon dir) 78°
(b) per stratum |rho(PC1, H)| low 0.16 mid 0.17 high 0.18;  chord/spread low 0.45 mid 0.44 high 0.41
    angle between strata horizon directions (PC1 / top-2 subspace): low-mid 9°/17°  mid-high 11°/18°  low-high 11°/25°
    frozen ridge for log H across strata: low→high: within-2x 0.56, RMSE 0.364 dec, R² 0.929 (in-high CV R² 0.985); high→low: within-2x 0.79, RMSE 0.235 dec, R² 0.970 (in-low CV R² 0.984)
    quad curve model, stratum as context, 5-fold R²: none 0.0179  offset 0.0176  interaction 0.0119

=== L29 R0 (n=1080) ===
(a) ridge R² 5-fold: log H 0.993  log stakes 0.968  log ratio 0.959;  |rho(PC1-3, stakes)| [0.06, 0.01, 0.06] vs H [0.2, 0.78, 0.08]
    centroid ordinality / split-half |cos| / chord (within-spread units): stakes 0.68 / 0.12 / 0.19;  ratio 0.60 / 0.71 / 0.24;  horizon 0.95 / 1.00 / 1.03;  angle(stakes dir, horizon dir) 87°
(b) per stratum |rho(PC1, H)| low 0.23 mid 0.22 high 0.18;  chord/spread low 1.09 mid 1.01 high 1.02
    angle between strata horizon directions (PC1 / top-2 subspace): low-mid 15°/16°  mid-high 9°/11°  low-high 13°/20°
    frozen ridge for log H across strata: low→high: within-2x 0.61, RMSE 0.365 dec, R² 0.929 (in-high CV R² 0.983); high→low: within-2x 0.80, RMSE 0.233 dec, R² 0.971 (in-low CV R² 0.983)
    quad curve model, stratum as context, 5-fold R²: none 0.1186  offset 0.1206  interaction 0.1177

################ matrix main climate: n=1080, stakes levels [1000.0, 2500.0, 5000.0, 10000.0, 25000.0, 50000.0, 100000.0]
behaviour: standardised logistic coefficients for chose_short (90% bootstrap interval):
   log H            -1.760  [-1.992, -1.571]
   log ratio        -0.517  [-0.672, -0.389]
   log stakes       +0.046  [-0.117, +0.190]
   log short delay  +0.170  [-0.001, +0.343]
   log long delay   +1.031  [+0.888, +1.205]
   short first      +1.299  [+1.154, +1.450]
   stratum low  n= 252: P(short) 0.71; fitted switch horizon 10^1.36 = 23.03 y
   stratum mid  n= 396: P(short) 0.64; fitted switch horizon 10^0.84 = 6.93 y
   stratum high n= 432: P(short) 0.66; fitted switch horizon 10^0.92 = 8.29 y

=== L22 T3 (n=1080) ===
(a) ridge R² 5-fold: log H 0.988  log stakes 0.970  log ratio 0.949;  |rho(PC1-3, stakes)| [0.02, 0.04, 0.02] vs H [0.01, 0.17, 0.09]
    centroid ordinality / split-half |cos| / chord (within-spread units): stakes 0.29 / 0.31 / 0.13;  ratio 0.30 / 0.68 / 0.10;  horizon 0.98 / 0.98 / 0.34;  angle(stakes dir, horizon dir) 83°
(b) per stratum |rho(PC1, H)| low 0.04 mid 0.01 high 0.00;  chord/spread low 0.37 mid 0.35 high 0.33
    angle between strata horizon directions (PC1 / top-2 subspace): low-mid 14°/73°  mid-high 13°/36°  low-high 17°/67°
    frozen ridge for log H across strata: low→high: within-2x 0.58, RMSE 0.411 dec, R² 0.910 (in-high CV R² 0.976); high→low: within-2x 0.69, RMSE 0.285 dec, R² 0.957 (in-low CV R² 0.975)
    quad curve model, stratum as context, 5-fold R²: none 0.0087  offset 0.0078  interaction 0.0028

=== L37 T3 (n=1080) ===
(a) ridge R² 5-fold: log H 0.969  log stakes 0.907  log ratio 0.873;  |rho(PC1-3, stakes)| [0.08, 0.06, 0.02] vs H [0.1, 0.08, 0.09]
    centroid ordinality / split-half |cos| / chord (within-spread units): stakes 0.75 / 0.12 / 0.15;  ratio 0.10 / 0.24 / 0.11;  horizon 1.00 / 0.98 / 0.41;  angle(stakes dir, horizon dir) 83°
(b) per stratum |rho(PC1, H)| low 0.14 mid 0.12 high 0.08;  chord/spread low 0.46 mid 0.43 high 0.40
    angle between strata horizon directions (PC1 / top-2 subspace): low-mid 15°/58°  mid-high 14°/33°  low-high 18°/52°
    frozen ridge for log H across strata: low→high: within-2x 0.56, RMSE 0.432 dec, R² 0.901 (in-high CV R² 0.954); high→low: within-2x 0.53, RMSE 0.413 dec, R² 0.909 (in-low CV R² 0.963)
    quad curve model, stratum as context, 5-fold R²: none 0.0157  offset 0.0162  interaction 0.0112

=== L22 R0 (n=1080) ===
(a) ridge R² 5-fold: log H 0.990  log stakes 0.960  log ratio 0.952;  |rho(PC1-3, stakes)| [0.04, 0.08, 0.03] vs H [0.17, 0.0, 0.13]
    centroid ordinality / split-half |cos| / chord (within-spread units): stakes 0.64 / 0.67 / 0.10;  ratio 0.10 / 0.75 / 0.07;  horizon 1.00 / 0.98 / 0.37;  angle(stakes dir, horizon dir) 88°
(b) per stratum |rho(PC1, H)| low 0.18 mid 0.19 high 0.17;  chord/spread low 0.40 mid 0.37 high 0.36
    angle between strata horizon directions (PC1 / top-2 subspace): low-mid 12°/60°  mid-high 13°/28°  low-high 12°/62°
    frozen ridge for log H across strata: low→high: within-2x 0.65, RMSE 0.329 dec, R² 0.943 (in-high CV R² 0.980); high→low: within-2x 0.81, RMSE 0.230 dec, R² 0.972 (in-low CV R² 0.977)
    quad curve model, stratum as context, 5-fold R²: none 0.0089  offset 0.0069  interaction 0.0017

=== L29 R0 (n=1080) ===
(a) ridge R² 5-fold: log H 0.991  log stakes 0.960  log ratio 0.967;  |rho(PC1-3, stakes)| [0.04, 0.01, 0.01] vs H [0.02, 0.79, 0.13]
    centroid ordinality / split-half |cos| / chord (within-spread units): stakes 0.36 / 0.07 / 0.12;  ratio 0.50 / 0.04 / 0.18;  horizon 0.99 / 0.99 / 0.89;  angle(stakes dir, horizon dir) 67°
(b) per stratum |rho(PC1, H)| low 0.04 mid 0.08 high 0.02;  chord/spread low 0.97 mid 0.89 high 0.86
    angle between strata horizon directions (PC1 / top-2 subspace): low-mid 18°/33°  mid-high 11°/31°  low-high 12°/38°
    frozen ridge for log H across strata: low→high: within-2x 0.71, RMSE 0.315 dec, R² 0.947 (in-high CV R² 0.979); high→low: within-2x 0.85, RMSE 0.213 dec, R² 0.976 (in-low CV R² 0.981)
    quad curve model, stratum as context, 5-fold R²: none 0.0764  offset 0.0762  interaction 0.0734

wrote figures/stakes_pilot
