=== analyze_run: runs/gemma-4-31b_matrix_s0_long -> figures/gemma-4-31b_matrix_s0_long (L=60, cells 33:R0,43:R0,55:T3,33:T3) ===
=== sweep ===
run: google/gemma-4-31B-it  n=3240  layers=60  positions=['T0', 'T1', 'T2', 'T3', 'T4', 'T5', 'T6', 'T7', 'T8', 'R0', 'R1', 'R2', 'R3', 'R4', 'R5', 'R6', 'R7', 'M0', 'E0', 'MEAN']
format adherence: 0.921   chose_short overall: 0.787
horizon_bin  horizon_years   n  n_format_ok  frac_short  p_short_mean
   17 hours       0.001939  20           15    1.000000      0.999608
      1 day       0.002738 240          218    1.000000      0.998521
     3 days       0.008214  20           20    1.000000      0.983552
     1 week       0.019165 260          240    1.000000      0.999446
    2 weeks       0.038330 240          217    1.000000      0.999377
    18 days       0.049281  20           20    0.950000      0.946539
    1 month       0.083333 260          239    0.995816      0.996484
   10 weeks       0.191650  40           38    0.973684      0.969343
   3 months       0.250000 240          219    1.000000      0.999344
   6 months       0.500000 260          239    1.000000      0.999980
  10 months       0.833333  20           20    1.000000      0.999983
     1 year       1.000000  20           20    0.550000      0.555119
    2 years       2.000000 260          240    0.900000      0.899930
    3 years       3.000000  20           20    0.100000      0.100012
    5 years       5.000000 260          240    0.795833      0.796500
   10 years      10.000000 260          240    0.650000      0.651330
   20 years      20.000000 260          240    0.525000      0.521919
   30 years      30.000000 260          240    0.337500      0.332764
  100 years     100.000000 260          240    0.320833      0.325432
  300 years     300.000000  20           20    0.400000      0.390215
  self.explained_variance_ratio_ = self.explained_variance_ / total_var
  return float(spearmanr(a, b, nan_policy="omit").statistic)
  return float(spearmanr(a, b, nan_policy="omit").statistic)
  self.explained_variance_ratio_ = self.explained_variance_ / total_var
  return float(spearmanr(a, b, nan_policy="omit").statistic)
  return float(spearmanr(a, b, nan_policy="omit").statistic)
  self.explained_variance_ratio_ = self.explained_variance_ / total_var
  return float(spearmanr(a, b, nan_policy="omit").statistic)
  return float(spearmanr(a, b, nan_policy="omit").statistic)
  self.explained_variance_ratio_ = self.explained_variance_ / total_var
  return float(spearmanr(a, b, nan_policy="omit").statistic)
  return float(spearmanr(a, b, nan_policy="omit").statistic)
  self.explained_variance_ratio_ = self.explained_variance_ / total_var
  return float(spearmanr(a, b, nan_policy="omit").statistic)
  return float(spearmanr(a, b, nan_policy="omit").statistic)
  self.explained_variance_ratio_ = self.explained_variance_ / total_var
  return float(spearmanr(a, b, nan_policy="omit").statistic)
  return float(spearmanr(a, b, nan_policy="omit").statistic)
  self.explained_variance_ratio_ = self.explained_variance_ / total_var
  return float(spearmanr(a, b, nan_policy="omit").statistic)
  return float(spearmanr(a, b, nan_policy="omit").statistic)
  self.explained_variance_ratio_ = self.explained_variance_ / total_var
  return float(spearmanr(a, b, nan_policy="omit").statistic)
  return float(spearmanr(a, b, nan_policy="omit").statistic)
  self.explained_variance_ratio_ = self.explained_variance_ / total_var
  return float(spearmanr(a, b, nan_policy="omit").statistic)
  return float(spearmanr(a, b, nan_policy="omit").statistic)
  return float(spearmanr(a, b, nan_policy="omit").statistic)
  return float(spearmanr(a, b, nan_policy="omit").statistic)
  return float(spearmanr(a, b, nan_policy="omit").statistic)

top cells by |rho_pc1_horizon|:
 layer position  rho_pc1_horizon  rho_pc1_reward_ratio  evr_pc1  silhouette_choice_pc3  rho_pc1_p_short
    32     MEAN         0.841868             -0.056481 0.233369               0.307485        -0.405938
    33     MEAN         0.834664             -0.058687 0.229734               0.306592        -0.385383
    34     MEAN         0.832311             -0.066120 0.228987               0.315176        -0.402175
    35     MEAN        -0.813495              0.070142 0.244233               0.321865         0.367412

sample-level PCA spectrum at the top cells (explained variance ratio; |rho| of each PC with log horizon):
  L32 MEAN: evr 0.233 0.184 0.079 0.068 0.043 0.031 0.027 0.020 0.016 0.015  (cum2 0.42 cum5 0.61 cum10 0.72; components for 90% / 95% of variance: 64 / 162)
            |rho| 0.84 0.09 0.04 0.24 0.25 0.22 0.05 0.02 0.01 0.01
  L33 MEAN: evr 0.230 0.188 0.085 0.065 0.043 0.037 0.026 0.020 0.016 0.014  (cum2 0.42 cum5 0.61 cum10 0.72; components for 90% / 95% of variance: 63 / 163)
            |rho| 0.83 0.09 0.07 0.22 0.19 0.23 0.20 0.03 0.08 0.00
  L34 MEAN: evr 0.229 0.189 0.092 0.062 0.049 0.040 0.026 0.021 0.016 0.014  (cum2 0.42 cum5 0.62 cum10 0.74; components for 90% / 95% of variance: 59 / 156)
            |rho| 0.83 0.10 0.17 0.24 0.19 0.21 0.20 0.04 0.10 0.02
  L35 MEAN: evr 0.244 0.169 0.099 0.063 0.050 0.040 0.027 0.020 0.016 0.014  (cum2 0.41 cum5 0.62 cum10 0.74; components for 90% / 95% of variance: 55 / 144)
            |rho| 0.81 0.01 0.20 0.11 0.27 0.27 0.14 0.05 0.10 0.02

wrote figures/gemma-4-31b_matrix_s0_long
=== path geometry ===
=== L33 R0 ===
  centroid planarity: top-1/2/3 PCs of the 17 centroids explain [0.4860000014305115, 0.3619999885559082, 0.07599999755620956]
  centroid scree (fraction of centroid variance), ranks 1-8: 0.486 0.362 0.076 0.028 0.015 0.010 0.008 0.004
  split-half noise scree at the same ranks:              0.264 0.042 0.021 0.011 0.007 0.005 0.003 0.002
  cumulative: beyond PC2 0.152, beyond PC3 0.076; components for 90% / 95% / 99% of centroid variance: 3 / 4 / 9; above 2x noise: 12 of 16
  in centroid top-3 PC space: path length 162.3, tortuosity 11.87 (full-space 11.69); turning angles median 118 deg, max 176
  split-half: centroid-plane correlation r = 0.633; median odd/even centroid gap / median segment = 0.64
  spacing per decade of horizon: first 80.1, last 18.1, middle median 43.7  (ends/middle 1.12)
=== L43 R0 ===
  centroid planarity: top-1/2/3 PCs of the 17 centroids explain [0.4950000047683716, 0.3630000054836273, 0.0860000029206276]
  centroid scree (fraction of centroid variance), ranks 1-8: 0.495 0.363 0.086 0.024 0.010 0.008 0.005 0.003
  split-half noise scree at the same ranks:              0.252 0.125 0.036 0.021 0.013 0.004 0.002 0.001
  cumulative: beyond PC2 0.141, beyond PC3 0.056; components for 90% / 95% / 99% of centroid variance: 3 / 4 / 7; above 2x noise: 5 of 16
  in centroid top-3 PC space: path length 241.8, tortuosity 8.42 (full-space 8.58); turning angles median 109 deg, max 175
  split-half: centroid-plane correlation r = 0.525; median odd/even centroid gap / median segment = 1.38
  spacing per decade of horizon: first 107.0, last 36.9, middle median 74.0  (ends/middle 0.97)
=== L55 T3 ===
  centroid planarity: top-1/2/3 PCs of the 17 centroids explain [0.5289999842643738, 0.16599999368190765, 0.08100000023841858]
  centroid scree (fraction of centroid variance), ranks 1-8: 0.529 0.166 0.081 0.065 0.035 0.029 0.025 0.017
  split-half noise scree at the same ranks:              0.401 0.196 0.098 0.058 0.047 0.023 0.017 0.014
  cumulative: beyond PC2 0.306, beyond PC3 0.225; components for 90% / 95% / 99% of centroid variance: 6 / 9 / 14; above 2x noise: 0 of 16
  in centroid top-3 PC space: path length 212.4, tortuosity 5.85 (full-space 7.36); turning angles median 132 deg, max 179
  split-half: centroid-plane correlation r = 0.629; median odd/even centroid gap / median segment = 0.55
  spacing per decade of horizon: first 119.8, last 7.5, middle median 59.4  (ends/middle 1.07)
=== L33 T3 ===
  centroid planarity: top-1/2/3 PCs of the 17 centroids explain [0.5009999871253967, 0.1770000010728836, 0.12099999934434891]
  centroid scree (fraction of centroid variance), ranks 1-8: 0.501 0.177 0.121 0.089 0.033 0.021 0.016 0.013
  split-half noise scree at the same ranks:              0.312 0.172 0.066 0.048 0.039 0.012 0.010 0.009
  cumulative: beyond PC2 0.322, beyond PC3 0.201; components for 90% / 95% / 99% of centroid variance: 5 / 7 / 12; above 2x noise: 1 of 16
  in centroid top-3 PC space: path length 249.2, tortuosity 4.90 (full-space 6.16); turning angles median 120 deg, max 177
  split-half: centroid-plane correlation r = 0.754; median odd/even centroid gap / median segment = 0.40
  spacing per decade of horizon: first 142.4, last 38.1, middle median 45.8  (ends/middle 1.97)
per-layer components for 95% of centroid variance (layers 1..L):
  T3: 2 3 3 2 3 3 4 4 4 4 4 5 5 5 5 4 5 4 5 4 4 5 5 6 6 6 7 7 8 7 7 7 7 7 7 8 8 8 9 8 8 8 8 8 8 8 8 8 8 8 8 8 8 9 9 9 9 9 9 8
  R0: 2 2 2 2 2 2 2 2 2 2 2 2 2 2 2 2 2 2 2 2 2 4 5 5 4 5 4 5 4 4 4 4 4 4 4 4 4 4 5 5 4 4 4 4 4 4 4 4 4 4 4 5 5 4 4 5 5 5 4 4
per-layer fraction of centroid variance beyond PC2:
  T3: 0.04 0.05 0.06 0.05 0.05 0.07 0.10 0.10 0.10 0.10 0.10 0.12 0.12 0.12 0.13 0.13 0.15 0.15 0.14 0.13 0.12 0.14 0.16 0.18 0.19 0.25 0.30 0.35 0.33 0.31 0.33 0.31 0.32 0.32 0.31 0.31 0.33 0.34 0.33 0.30 0.29 0.28 0.27 0.27 0.27 0.27 0.26 0.26 0.27 0.28 0.28 0.29 0.29 0.30 0.31 0.32 0.33 0.35 0.34 0.34
  R0: 0.03 0.01 0.01 0.01 0.01 0.01 0.01 0.02 0.01 0.01 0.02 0.03 0.02 0.02 0.02 0.02 0.02 0.02 0.03 0.04 0.04 0.09 0.16 0.17 0.16 0.17 0.16 0.18 0.16 0.15 0.13 0.15 0.15 0.14 0.14 0.14 0.14 0.15 0.18 0.20 0.17 0.15 0.14 0.14 0.16 0.16 0.16 0.15 0.16 0.16 0.17 0.18 0.19 0.18 0.18 0.19 0.19 0.19 0.19 0.20
wrote figures/gemma-4-31b_matrix_s0_long
=== hypothesis checks ===
run google/gemma-4-31B-it n=3240
=== H(sink) at T4: |rho| of the k-th PC with log horizon (same PCA fit); evr_top1; top/median PC std ===
layer  evr_top1  k=0     k=1     k=2     k=5    top/median
L33    0.149    0.044  0.128  0.011  0.228   5x
L43    0.141    0.205  0.107  0.112  0.139   5x
L55    0.099    0.051  0.257  0.055  0.072   4x

=== H(U-shape): 17 canonical centroids in their own PC plane; polynomial fits vs log10 horizon ===
cell     PC2: R2 quad  vertex(years)  R2 linear | PC1: R2 linear  R2 quad
(U-shape fit restricted to 18 bins in [0.0027, 100.0] years)
L33 R0   0.732           0.01         0.632     | 0.217           0.266
L33 T3   0.186           2.90         0.105     | 0.779           0.883
L43 R0   0.664           0.00         0.650     | 0.098           0.265
L55 T3   0.192           1.74         0.074     | 0.758           0.884

=== H(variants) by horizon_unit (['days', 'hours', 'months', 'weeks', 'years']) ===
cell     pooled|rho_pc1|  per-variant|rho_pc1|  silhouette(variant,PC1-3)  |rho(PC1,variant-mean)|
  per = "/".join(f"{abs(spearmanr(PCA(1, random_state=0).fit_transform(X[vv == k])[:, 0], yy[vv == k]).statistic):.2f}" for k in keys if (vv == k).sum() > 10)
L21 R0   0.091            0.13/nan/0.01/0.09/0.14       -0.619                    0.044
  per = "/".join(f"{abs(spearmanr(PCA(1, random_state=0).fit_transform(X[vv == k])[:, 0], yy[vv == k]).statistic):.2f}" for k in keys if (vv == k).sum() > 10)
L33 T3   0.121            0.10/nan/0.06/0.04/0.15       -0.042                    0.092
  per = "/".join(f"{abs(spearmanr(PCA(1, random_state=0).fit_transform(X[vv == k])[:, 0], yy[vv == k]).statistic):.2f}" for k in keys if (vv == k).sum() > 10)
L33 R0   0.134            0.41/nan/0.04/0.08/0.18       -0.325                    0.177
  per = "/".join(f"{abs(spearmanr(PCA(1, random_state=0).fit_transform(X[vv == k])[:, 0], yy[vv == k]).statistic):.2f}" for k in keys if (vv == k).sum() > 10)
L43 R0   0.149            0.29/nan/0.06/0.01/0.12       -0.033                    0.166
  per = "/".join(f"{abs(spearmanr(PCA(1, random_state=0).fit_transform(X[vv == k])[:, 0], yy[vv == k]).statistic):.2f}" for k in keys if (vv == k).sum() > 10)
L55 T3   0.057            0.10/nan/0.02/0.03/0.09       -0.044                    0.043
=== 3-D views ===
wrote figures/gemma-4-31b_matrix_s0_long/view3d_centroid_L33_R0.html  (689 KB; plotly.min.js shared in figures/gemma-4-31b_matrix_s0_long)
wrote figures/gemma-4-31b_matrix_s0_long/view3d_centroid_L43_R0.html  (687 KB; plotly.min.js shared in figures/gemma-4-31b_matrix_s0_long)
wrote figures/gemma-4-31b_matrix_s0_long/view3d_centroid_L55_T3.html  (687 KB; plotly.min.js shared in figures/gemma-4-31b_matrix_s0_long)
wrote figures/gemma-4-31b_matrix_s0_long/view3d_centroid_L33_T3.html  (688 KB; plotly.min.js shared in figures/gemma-4-31b_matrix_s0_long)
wrote figures/gemma-4-31b_matrix_s0_long/view3d_sample_L33_R0.html  (687 KB; plotly.min.js shared in figures/gemma-4-31b_matrix_s0_long)
ANALYZE_RUN DONE
