matrix long run: n=3240, generated tokens median 57, at cap (160): 0.076; anchors valid: M0 0.926, E0 1.000, MEAN 0.926
reasoning restates the stated horizon text: main 0.275 (structured 0.21, plain 0.23, varied 0.38)

cell        A w2x  G w2x  w2x A restate/not rho|short rho|long | m=0: mean slope / w2x over 6 families | +mention/role: slope / w2x on 4 held-out | behavior Δlogloss
L 2 T3      0.25   0.24     0.39 /  0.21    +0.83 / +0.47    | +0.205 / 0.19                       | +0.195 / 0.20                   | +0.008
L 2 R0      0.20   0.19     0.15 /  0.21    +0.79 / +0.51    | +0.184 / 0.19                       | +0.166 / 0.19                   | +0.012
L 2 MEAN    0.51   0.60     0.51 /  0.52    +0.93 / +0.66    | +0.017 / 0.57                       | +0.014 / 0.61                   | +0.077
L 4 T3      0.30   0.27     0.42 /  0.27    +0.88 / +0.56    | +0.226 / 0.20                       | +0.201 / 0.24                   | +0.010
L 4 R0      0.23   0.26     0.22 /  0.23    +0.80 / +0.59    | +0.196 / 0.16                       | +0.161 / 0.20                   | +0.008
L 4 MEAN    0.55   0.64     0.51 /  0.55    +0.93 / +0.75    | +0.015 / 0.60                       | +0.008 / 0.64                   | +0.081
L 6 T3      0.37   0.34     0.41 /  0.36    +0.90 / +0.78    | +0.317 / 0.19                       | +0.260 / 0.22                   | +0.010
L 6 R0      0.37   0.29     0.39 /  0.37    +0.87 / +0.74    | +0.290 / 0.18                       | +0.216 / 0.24                   | +0.011
L 6 MEAN    0.59   0.66     0.56 /  0.60    +0.95 / +0.82    | +0.050 / 0.62                       | +0.046 / 0.68                   | +0.085
L 8 T3      0.71   0.62     0.63 /  0.73    +0.97 / +0.87    | +0.300 / 0.19                       | +0.193 / 0.23                   | +0.007
L 8 R0      0.56   0.55     0.53 /  0.57    +0.95 / +0.86    | +0.411 / 0.17                       | +0.246 / 0.29                   | +0.012
L 8 MEAN    0.65   0.66     0.56 /  0.67    +0.97 / +0.86    | +0.067 / 0.62                       | +0.054 / 0.71                   | +0.073
L10 T3      0.66   0.63     0.58 /  0.69    +0.96 / +0.86    | +0.297 / 0.21                       | +0.193 / 0.15                   | +0.008
L10 R0      0.57   0.49     0.53 /  0.58    +0.94 / +0.84    | +0.387 / 0.17                       | +0.227 / 0.24                   | +0.011
L10 MEAN    0.70   0.70     0.61 /  0.72    +0.97 / +0.87    | +0.062 / 0.63                       | +0.054 / 0.73                   | +0.072
L12 T3      0.73   0.73     0.63 /  0.76    +0.97 / +0.90    | +0.231 / 0.29                       | +0.133 / 0.23                   | +0.006
L12 R0      0.48   0.49     0.46 /  0.48    +0.93 / +0.87    | +0.414 / 0.17                       | +0.213 / 0.21                   | +0.011
L12 MEAN    0.72   0.72     0.71 /  0.72    +0.98 / +0.86    | +0.066 / 0.65                       | +0.047 / 0.74                   | +0.070
L14 T3      0.70   0.65     0.61 /  0.72    +0.97 / +0.89    | +0.245 / 0.28                       | +0.136 / 0.28                   | +0.006
L14 R0      0.40   0.44     0.41 /  0.40    +0.92 / +0.83    | +0.404 / 0.18                       | +0.213 / 0.24                   | +0.011
L14 MEAN    0.70   0.68     0.71 /  0.69    +0.97 / +0.80    | +0.063 / 0.64                       | +0.051 / 0.73                   | +0.080
L16 T3      0.65   0.60     0.54 /  0.68    +0.96 / +0.88    | +0.234 / 0.29                       | +0.134 / 0.34                   | +0.007
L16 R0      0.39   0.44     0.37 /  0.40    +0.91 / +0.82    | +0.366 / 0.17                       | +0.202 / 0.25                   | +0.010
L16 MEAN    0.74   0.69     0.73 /  0.74    +0.97 / +0.84    | +0.052 / 0.68                       | +0.039 / 0.76                   | +0.089
L18 T3      0.78   0.74     0.69 /  0.80    +0.98 / +0.92    | +0.118 / 0.34                       | +0.097 / 0.55                   | +0.007
L18 R0      0.39   0.40     0.37 /  0.39    +0.92 / +0.82    | +0.324 / 0.23                       | +0.189 / 0.25                   | +0.010
L18 MEAN    0.82   0.81     0.78 /  0.83    +0.98 / +0.86    | +0.044 / 0.72                       | +0.034 / 0.79                   | +0.093
L20 T3      0.86   0.86     0.83 /  0.87    +0.98 / +0.93    | +0.095 / 0.41                       | +0.070 / 0.42                   | +0.005
L20 R0      0.66   0.66     0.59 /  0.68    +0.97 / +0.93    | +0.231 / 0.35                       | +0.126 / 0.45                   | +0.008
L20 MEAN    0.85   0.89     0.80 /  0.86    +0.98 / +0.90    | +0.057 / 0.73                       | +0.034 / 0.83                   | +0.088
L22 T3      0.89   0.85     0.90 /  0.89    +0.98 / +0.92    | +0.097 / 0.36                       | +0.064 / 0.62                   | +0.004
L22 R0      0.91   0.92     0.88 /  0.92    +0.98 / +0.95    | +0.207 / 0.46                       | +0.108 / 0.66                   | +0.007
L22 MEAN    0.90   0.88     0.86 /  0.91    +0.98 / +0.91    | +0.031 / 0.80                       | +0.018 / 0.88                   | +0.089
L24 T3      0.85   0.82     0.86 /  0.85    +0.98 / +0.90    | +0.097 / 0.52                       | +0.041 / 0.75                   | +0.004
L24 R0      0.98   0.87     1.00 /  0.98    +0.98 / +0.96    | +0.146 / 0.50                       | +0.084 / 0.57                   | +0.009
L24 MEAN    0.91   0.96     0.93 /  0.91    +0.98 / +0.93    | +0.025 / 0.82                       | +0.025 / 0.85                   | +0.084
L26 T3      0.81   0.79     0.86 /  0.80    +0.98 / +0.85    | +0.073 / 0.62                       | +0.010 / 0.81                   | +0.003
L26 R0      0.97   0.94     0.98 /  0.96    +0.98 / +0.95    | +0.147 / 0.54                       | +0.070 / 0.69                   | +0.009
L26 MEAN    0.91   0.89     0.97 /  0.90    +0.98 / +0.92    | +0.014 / 0.86                       | +0.012 / 0.89                   | +0.100
L28 T3      0.77   0.69     0.69 /  0.79    +0.97 / +0.82    | +0.066 / 0.60                       | -0.003 / 0.71                   | +0.016
L28 R0      0.96   0.91     0.92 /  0.97    +0.98 / +0.95    | +0.123 / 0.59                       | +0.035 / 0.81                   | +0.010
L28 MEAN    0.85   0.85     0.83 /  0.85    +0.98 / +0.90    | -0.001 / 0.87                       | +0.002 / 0.91                   | +0.107
L30 T3      0.74   0.73     0.75 /  0.74    +0.96 / +0.82    | +0.034 / 0.52                       | +0.018 / 0.66                   | +0.018
L30 R0      0.91   0.87     0.92 /  0.90    +0.98 / +0.94    | +0.134 / 0.48                       | +0.046 / 0.75                   | +0.011
L30 MEAN    0.88   0.92     0.88 /  0.88    +0.98 / +0.92    | -0.006 / 0.90                       | +0.013 / 0.91                   | +0.101
L32 T3      0.67   0.63     0.64 /  0.68    +0.96 / +0.75    | +0.028 / 0.58                       | +0.038 / 0.67                   | +0.019
L32 R0      0.94   0.92     0.90 /  0.96    +0.98 / +0.95    | +0.088 / 0.64                       | +0.034 / 0.76                   | +0.018
L32 MEAN    0.92   0.94     0.88 /  0.93    +0.98 / +0.95    | +0.011 / 0.93                       | +0.009 / 0.94                   | +0.124
L34 T3      0.75   0.64     0.78 /  0.74    +0.97 / +0.83    | +0.037 / 0.57                       | +0.010 / 0.66                   | +0.021
L34 R0      0.92   0.90     0.86 /  0.93    +0.98 / +0.95    | +0.048 / 0.76                       | +0.000 / 0.85                   | +0.036
L34 MEAN    0.92   0.93     0.93 /  0.92    +0.98 / +0.92    | +0.009 / 0.89                       | +0.013 / 0.94                   | +0.131
L36 T3      0.64   0.58     0.61 /  0.65    +0.94 / +0.79    | +0.049 / 0.52                       | +0.021 / 0.60                   | +0.023
L36 R0      0.95   0.97     0.90 /  0.97    +0.98 / +0.95    | +0.037 / 0.71                       | +0.006 / 0.83                   | +0.039
L36 MEAN    0.95   0.92     0.97 /  0.95    +0.98 / +0.93    | -0.001 / 0.89                       | +0.009 / 0.92                   | +0.127
L38 T3      0.65   0.65     0.61 /  0.66    +0.96 / +0.69    | +0.038 / 0.52                       | +0.002 / 0.56                   | +0.028
L38 R0      0.92   0.91     0.86 /  0.93    +0.98 / +0.94    | +0.047 / 0.67                       | +0.003 / 0.81                   | +0.048
L38 MEAN    0.92   0.91     0.97 /  0.90    +0.98 / +0.92    | -0.001 / 0.88                       | +0.005 / 0.92                   | +0.103
L40 T3      0.60   0.49     0.64 /  0.59    +0.94 / +0.69    | +0.073 / 0.47                       | +0.036 / 0.52                   | +0.028
L40 R0      0.90   0.86     0.90 /  0.90    +0.98 / +0.92    | +0.008 / 0.65                       | -0.015 / 0.86                   | +0.038
L40 MEAN    0.91   0.90     0.92 /  0.90    +0.98 / +0.94    | +0.004 / 0.90                       | +0.012 / 0.91                   | +0.104
L42 T3      0.51   0.51     0.53 /  0.51    +0.92 / +0.68    | +0.087 / 0.43                       | +0.016 / 0.52                   | +0.023
L42 R0      0.84   0.85     0.86 /  0.83    +0.98 / +0.89    | +0.021 / 0.60                       | -0.017 / 0.78                   | +0.034
L42 MEAN    0.92   0.89     0.93 /  0.91    +0.98 / +0.92    | +0.010 / 0.92                       | +0.008 / 0.94                   | +0.104
L44 T3      0.55   0.54     0.53 /  0.55    +0.92 / +0.74    | +0.078 / 0.43                       | +0.015 / 0.51                   | +0.021
L44 R0      0.84   0.83     0.86 /  0.84    +0.98 / +0.88    | +0.030 / 0.60                       | -0.020 / 0.73                   | +0.029
L44 MEAN    0.92   0.88     0.93 /  0.92    +0.98 / +0.93    | +0.013 / 0.90                       | +0.009 / 0.94                   | +0.102
L46 T3      0.56   0.53     0.46 /  0.59    +0.93 / +0.75    | +0.064 / 0.46                       | +0.022 / 0.53                   | +0.021
L46 R0      0.81   0.83     0.86 /  0.80    +0.98 / +0.88    | +0.043 / 0.58                       | -0.018 / 0.72                   | +0.031
L46 MEAN    0.90   0.88     0.88 /  0.90    +0.98 / +0.93    | +0.013 / 0.89                       | +0.010 / 0.93                   | +0.103
L48 T3      0.54   0.47     0.51 /  0.55    +0.92 / +0.76    | +0.040 / 0.42                       | +0.008 / 0.47                   | +0.020
L48 R0      0.80   0.81     0.83 /  0.79    +0.98 / +0.86    | +0.039 / 0.57                       | -0.013 / 0.70                   | +0.027
L48 MEAN    0.91   0.90     0.92 /  0.91    +0.98 / +0.93    | +0.012 / 0.91                       | +0.012 / 0.93                   | +0.094
L50 T3      0.53   0.48     0.49 /  0.55    +0.92 / +0.72    | +0.053 / 0.42                       | +0.025 / 0.49                   | +0.018
L50 R0      0.78   0.78     0.80 /  0.77    +0.98 / +0.84    | +0.040 / 0.52                       | -0.013 / 0.65                   | +0.028
L50 MEAN    0.88   0.84     0.90 /  0.87    +0.98 / +0.92    | +0.011 / 0.89                       | +0.015 / 0.93                   | +0.092
L52 T3      0.48   0.47     0.44 /  0.49    +0.91 / +0.67    | +0.054 / 0.41                       | +0.011 / 0.45                   | +0.019
L52 R0      0.73   0.79     0.75 /  0.72    +0.97 / +0.83    | +0.045 / 0.49                       | +0.006 / 0.59                   | +0.022
L52 MEAN    0.87   0.81     0.88 /  0.87    +0.98 / +0.91    | +0.014 / 0.87                       | +0.014 / 0.91                   | +0.089
L54 T3      0.49   0.40     0.56 /  0.47    +0.91 / +0.65    | +0.060 / 0.38                       | +0.008 / 0.43                   | +0.020
L54 R0      0.75   0.74     0.80 /  0.74    +0.97 / +0.82    | +0.058 / 0.50                       | -0.000 / 0.63                   | +0.018
L54 MEAN    0.89   0.78     0.86 /  0.89    +0.98 / +0.91    | +0.014 / 0.83                       | +0.014 / 0.89                   | +0.088
L56 T3      0.49   0.44     0.53 /  0.48    +0.92 / +0.63    | +0.050 / 0.38                       | +0.021 / 0.43                   | +0.019
L56 R0      0.78   0.79     0.81 /  0.77    +0.98 / +0.81    | +0.048 / 0.35                       | +0.001 / 0.55                   | +0.019
L56 MEAN    0.88   0.78     0.88 /  0.87    +0.98 / +0.91    | +0.008 / 0.83                       | +0.011 / 0.89                   | +0.092
L58 T3      0.48   0.47     0.41 /  0.50    +0.91 / +0.65    | +0.077 / 0.37                       | +0.011 / 0.42                   | +0.015
L58 R0      0.77   0.81     0.75 /  0.77    +0.97 / +0.82    | +0.049 / 0.39                       | +0.017 / 0.58                   | +0.021
L58 MEAN    0.84   0.78     0.83 /  0.85    +0.98 / +0.88    | +0.003 / 0.79                       | +0.008 / 0.88                   | +0.092
L60 T3      0.52   0.49     0.47 /  0.54    +0.90 / +0.59    | +0.070 / 0.44                       | +0.042 / 0.46                   | +0.009
L60 R0      0.44   0.49     0.34 /  0.46    +0.88 / +0.52    | +0.036 / 0.42                       | +0.035 / 0.44                   | +0.011
L60 MEAN    0.64   0.65     0.56 /  0.66    +0.95 / +0.82    | -0.006 / 0.65                       | -0.010 / 0.70                   | +0.047

per-family m=0 slope at each site (layer with best A w2x per site):
      elapsed_planning  frequency  future_event  mention  option_age  role
site                                                                      
R0                0.20       0.02          0.14     0.12        0.16  0.23
MEAN             -0.01      -0.02          0.02     0.01        0.03 -0.04
T3                0.13       0.07          0.12     0.10        0.12  0.04
wrote figures/gemma-4-31b_matrix_s0_long/depth
