
=== L33 R0  (25 bins, log10 range [-5.72, 4.00], midpoint -0.25 = 0.57 y) ===
(a) polynomial ladder: R^2 of centroid PC_k vs orthogonal polynomials of log H, by max degree 1..4   (Guttman: PC_k needs degree k)
    PC1 (evr 0.494): deg1: 0.56  deg2: 0.59  deg3: 0.92  deg4: 0.93
    PC2 (evr 0.346): deg1: 0.09  deg2: 0.56  deg3: 0.81  deg4: 0.86
    PC3 (evr 0.097): deg1: 0.33  deg2: 0.68  deg3: 0.83  deg4: 0.87
    PC4 (evr 0.020): deg1: 0.00  deg2: 0.06  deg3: 0.10  deg4: 0.49
(b) banded similarity: centroid distance = s(1-exp(-|Δt|/ℓ)) fits with R^2 0.786, ℓ = 1.57 decades
(c) vertex vs window midpoint (windows of 11 bins, 15 windows): slope +1.18   [full-range vertex 10^-1.32 = 0.05 y vs midpoint 0.57 y]
(d) PC2 share 0.346 vs split-half noise share ≈ 0.0059 of centroid variance
(e) matched banded null (200 draws, ℓ=1.57, noise ratio 0.08):  evr1 0.23–0.28 (obs 0.49)  evr2 0.17–0.21 (obs 0.35)  evr3 0.10–0.13 (obs 0.10)
    PC2 quadratic R^2 0.60–0.80 (obs 0.56);  PC3 cubic R^2 0.37–0.65 (obs 0.83);  vertex slope 1.11–1.14 (obs +1.18);  vertex 10^-1.10–10^0.18 (obs 10^-1.32)

=== L55 T3  (25 bins, log10 range [-5.72, 4.00], midpoint -0.25 = 0.57 y) ===
(a) polynomial ladder: R^2 of centroid PC_k vs orthogonal polynomials of log H, by max degree 1..4   (Guttman: PC_k needs degree k)
    PC1 (evr 0.422): deg1: 0.51  deg2: 0.86  deg3: 0.86  deg4: 0.93
    PC2 (evr 0.204): deg1: 0.18  deg2: 0.24  deg3: 0.58  deg4: 0.62
    PC3 (evr 0.103): deg1: 0.04  deg2: 0.06  deg3: 0.23  deg4: 0.42
    PC4 (evr 0.083): deg1: 0.15  deg2: 0.43  deg3: 0.43  deg4: 0.43
(b) banded similarity: centroid distance = s(1-exp(-|Δt|/ℓ)) fits with R^2 0.516, ℓ = 0.88 decades
(c) vertex vs window midpoint (windows of 11 bins, 13 windows): slope +1.47   [full-range vertex 10^1.80 = 63.62 y vs midpoint 0.57 y]
(d) PC2 share 0.204 vs split-half noise share ≈ 0.0370 of centroid variance
(e) matched banded null (200 draws, ℓ=0.88, noise ratio 0.19):  evr1 0.17–0.21 (obs 0.42)  evr2 0.14–0.17 (obs 0.20)  evr3 0.09–0.11 (obs 0.10)
    PC2 quadratic R^2 0.36–0.70 (obs 0.24);  PC3 cubic R^2 0.21–0.62 (obs 0.23);  vertex slope 1.07–1.14 (obs +1.47);  vertex 10^-1.53–10^0.55 (obs 10^1.80)
