matrix long run: n=3240, generated tokens median 57, at cap (160): 0.076; anchors valid: M0 0.926, E0 1.000, MEAN 0.926
reasoning restates the stated horizon text: main 0.275 (structured 0.21, plain 0.23, varied 0.38)

cell        A w2x  G w2x  w2x A restate/not rho|short rho|long | m=0: mean slope / w2x over 6 families | +mention/role: slope / w2x on 4 held-out | behavior Δlogloss
L33 T3      0.71   0.62     0.80 /  0.69    +0.96 / +0.72    | +0.026 / 0.55                       | +0.007 / 0.63                   | +0.021
L33 T8      0.89   0.88     0.85 /  0.90    +0.98 / +0.93    | +0.108 / 0.51                       | +0.030 / 0.56                   | +0.009
L33 R0      0.93   0.92     0.90 /  0.94    +0.98 / +0.94    | +0.047 / 0.75                       | +0.005 / 0.86                   | +0.030
L33 R3      0.76   0.76     0.71 /  0.78    +0.98 / +0.91    | +0.050 / 0.78                       | +0.023 / 0.82                   | +0.159
L33 M0      0.90   0.88     0.93 /  0.89    +0.98 / +0.87    | +0.039 / 0.80                       | +0.005 / 0.86                   | +0.098
L33 E0      0.67   0.70     0.66 /  0.67    +0.95 / +0.79    | -0.019 / 0.68                       | -0.003 / 0.69                   | +0.085
L33 MEAN    0.95   0.95     0.93 /  0.95    +0.98 / +0.94    | +0.009 / 0.91                       | +0.009 / 0.91                   | +0.129
L39 T3      0.64   0.58     0.58 /  0.65    +0.95 / +0.69    | +0.054 / 0.45                       | +0.010 / 0.52                   | +0.029
L39 T8      0.90   0.89     0.92 /  0.90    +0.98 / +0.90    | +0.034 / 0.59                       | -0.036 / 0.71                   | +0.046
L39 R0      0.91   0.88     0.86 /  0.92    +0.98 / +0.93    | +0.033 / 0.70                       | -0.008 / 0.81                   | +0.037
L39 R3      0.83   0.76     0.85 /  0.82    +0.98 / +0.90    | +0.012 / 0.78                       | +0.002 / 0.83                   | +0.156
L39 M0      0.89   0.83     0.92 /  0.89    +0.98 / +0.85    | -0.003 / 0.73                       | -0.023 / 0.79                   | +0.109
L39 E0      0.65   0.67     0.61 /  0.66    +0.95 / +0.75    | -0.002 / 0.59                       | -0.035 / 0.63                   | +0.027
L39 MEAN    0.93   0.92     0.97 /  0.93    +0.98 / +0.93    | -0.004 / 0.88                       | +0.001 / 0.90                   | +0.089
L43 T3      0.57   0.54     0.59 /  0.56    +0.92 / +0.70    | +0.092 / 0.43                       | +0.005 / 0.52                   | +0.022
L43 T8      0.89   0.87     0.92 /  0.88    +0.98 / +0.90    | +0.039 / 0.55                       | -0.023 / 0.58                   | +0.031
L43 R0      0.85   0.86     0.90 /  0.84    +0.98 / +0.89    | +0.034 / 0.60                       | -0.022 / 0.77                   | +0.030
L43 R3      0.80   0.78     0.81 /  0.80    +0.97 / +0.87    | +0.031 / 0.76                       | +0.018 / 0.81                   | +0.155
L43 M0      0.87   0.74     0.86 /  0.87    +0.98 / +0.89    | +0.027 / 0.69                       | +0.007 / 0.82                   | +0.082
L43 E0      0.75   0.69     0.69 /  0.76    +0.97 / +0.83    | +0.047 / 0.62                       | +0.006 / 0.73                   | +0.016
L43 MEAN    0.91   0.88     0.93 /  0.90    +0.98 / +0.94    | +0.015 / 0.91                       | +0.012 / 0.95                   | +0.104
L55 T3      0.47   0.41     0.53 /  0.45    +0.91 / +0.65    | +0.064 / 0.39                       | +0.025 / 0.42                   | +0.019
L55 T8      0.81   0.78     0.81 /  0.80    +0.98 / +0.82    | +0.034 / 0.41                       | -0.033 / 0.53                   | +0.016
L55 R0      0.78   0.76     0.78 /  0.78    +0.98 / +0.82    | +0.053 / 0.46                       | -0.003 / 0.57                   | +0.018
L55 R3      0.73   0.74     0.73 /  0.73    +0.97 / +0.80    | +0.041 / 0.62                       | +0.017 / 0.73                   | +0.156
L55 M0      0.86   0.58     0.88 /  0.85    +0.98 / +0.80    | -0.006 / 0.67                       | -0.017 / 0.73                   | +0.067
L55 E0      0.68   0.66     0.69 /  0.67    +0.96 / +0.78    | +0.013 / 0.60                       | -0.004 / 0.71                   | +0.030
L55 MEAN    0.90   0.81     0.88 /  0.90    +0.98 / +0.91    | +0.011 / 0.84                       | +0.011 / 0.90                   | +0.095

per-family m=0 slope at each site (layer with best A w2x per site):
      elapsed_planning  frequency  future_event  mention  option_age  role
site                                                                      
MEAN             -0.01      -0.01          0.03     0.02        0.04 -0.02
R0                0.06      -0.03          0.03     0.06        0.06  0.10
T8                0.03      -0.06         -0.03     0.06        0.07  0.14
M0                0.03       0.01          0.04     0.06        0.07  0.02
R3               -0.02      -0.01          0.03     0.02        0.05  0.00
E0                0.05       0.02          0.05     0.04        0.06  0.07
T3                0.02      -0.01          0.03     0.07        0.07 -0.02
wrote figures/gemma-4-31b_matrix_s0_long
