
=== L33 T3  (erasure fit on 1440 train rows; PCA on 432 test rows: 6 new configs × 2 domains × 12 horizons × 3 renderings) ===
variance budget of the test rows: rendering 0.079  domain 0.170  cell 0.289  config 0.036  prompt 0.404  horizon 0.116  horizon×cell 0.169  horizon×prompt (=residual) 0.481
condition                                    rank removed | |rho1| |rho2| |rho3|  evr1  evr2  evr3 nPCh |   cent evr1/2/3 c_rho1 |  accR  accD   R2sr   R2h
none                                            0   0.000 |   0.38   0.46   0.21  0.23  0.16  0.10    4 |  0.76/0.15/0.03   0.95 |  1.00  1.00   0.72  0.95
rend                                            2   0.089 |   0.20   0.66   0.04  0.24  0.13  0.10    1 |  0.76/0.14/0.03   0.95 |  0.33  1.00   0.72  0.95
rend+dom                                        3   0.271 |   0.73   0.15   0.03  0.18  0.14  0.07    2 |  0.76/0.14/0.03   0.95 |  0.33  0.50   0.71  0.95
cell                                            5   0.312 |   0.73   0.20   0.22  0.19  0.14  0.06    1 |  0.76/0.14/0.03   0.95 |  0.33  0.50   0.71  0.95
cell+par                                       10   0.343 |   0.73   0.18   0.22  0.19  0.15  0.06    1 |  0.76/0.14/0.03   0.95 |  0.33  0.50  -0.00  0.95
cell+par orth                                  10   0.521 |   0.78   0.03   0.18  0.12  0.11  0.05    1 |  0.68/0.19/0.04   0.95 |  0.33  0.50  -0.00  0.95
cell+par +cfg(in)                              15   0.354 |   0.74   0.20   0.19  0.19  0.15  0.06    1 |  0.76/0.14/0.03   0.95 |  0.33  0.50  -0.00  0.95
cell+par +prompt(in)                           45   0.411 |   0.75   0.21   0.13  0.21  0.16  0.06    1 |  0.76/0.14/0.03   0.95 |  0.33  0.50  -0.00  0.96
  sub-cell plain|climate                        0     nan |   0.77   0.19   0.07  0.48  0.16  0.08    2 |                   h-share 0.463 | 
  sub-cell plain|investment                     0     nan |   0.76   0.32   0.29  0.45  0.11  0.07    2 |                   h-share 0.467 | 
  sub-cell structured|climate                   0     nan |   0.78   0.05   0.01  0.38  0.15  0.08    2 |                   h-share 0.486 | 
  sub-cell structured|investment                0     nan |   0.83   0.06   0.13  0.31  0.19  0.08    1 |                   h-share 0.392 | 
  sub-cell varied|climate                       0     nan |   0.67   0.08   0.39  0.31  0.12  0.10    2 |                   h-share 0.282 | 
  sub-cell varied|investment                    0     nan |   0.57   0.53   0.30  0.29  0.10  0.09    3 |                   h-share 0.287 | 
sub-cell ceiling (mean of 6)                    0     nan |   0.73   0.21   0.20  0.37  0.14  0.08    2 |                   h-share 0.396 | 
angles between sub-cell horizon directions (deg): centroid PC1 — pairs differing in rendering 44, in domain 79, in both 81; largest principal angle between top-2 centroid subspaces — rendering 72, domain 85, both 87   (random directions in R^5120: ~89)
canonical 72-row subsample (mean of 50)         0     nan |   0.81   0.21   0.34  0.27  0.19  0.12    2 |                        | 
canonical all rows, 12 horizons (n=1349)        0     nan |   0.85   0.06   0.44  0.25  0.18  0.11    2 |                   h-share 0.308 | 

=== L55 T3  (erasure fit on 1440 train rows; PCA on 432 test rows: 6 new configs × 2 domains × 12 horizons × 3 renderings) ===
variance budget of the test rows: rendering 0.038  domain 0.124  cell 0.189  config 0.021  prompt 0.293  horizon 0.080  horizon×cell 0.163  horizon×prompt (=residual) 0.627
condition                                    rank removed | |rho1| |rho2| |rho3|  evr1  evr2  evr3 nPCh |   cent evr1/2/3 c_rho1 |  accR  accD   R2sr   R2h
none                                            0   0.000 |   0.08   0.60   0.00  0.16  0.11  0.08    1 |  0.72/0.11/0.04   0.95 |  0.94  1.00   0.14  0.77
rend                                            2   0.042 |   0.08   0.64   0.16  0.16  0.11  0.08    1 |  0.71/0.11/0.04   0.95 |  0.33  1.00   0.14  0.77
rend+dom                                        3   0.170 |   0.63   0.19   0.01  0.12  0.10  0.06    1 |  0.71/0.11/0.04   0.95 |  0.33  0.50   0.14  0.77
cell                                            5   0.198 |   0.63   0.21   0.02  0.13  0.09  0.06    1 |  0.72/0.10/0.04   0.97 |  0.33  0.50   0.14  0.77
cell+par                                       10   0.212 |   0.64   0.17   0.02  0.13  0.09  0.06    1 |  0.72/0.10/0.04   0.96 |  0.33  0.50  -0.00  0.77
cell+par orth                                  10   0.417 |   0.54   0.09   0.02  0.09  0.06  0.05    1 |  0.58/0.13/0.06   0.92 |  0.33  0.50  -0.00  0.77
cell+par +cfg(in)                              15   0.228 |   0.65   0.16   0.06  0.13  0.09  0.06    1 |  0.72/0.10/0.04   0.96 |  0.33  0.50  -0.00  0.78
cell+par +prompt(in)                           45   0.308 |   0.69   0.07   0.06  0.13  0.10  0.06    1 |  0.72/0.10/0.04   0.96 |  0.33  0.50  -0.00  0.81
  sub-cell plain|climate                        0     nan |   0.59   0.17   0.39  0.41  0.14  0.07    3 |                   h-share 0.335 | 
  sub-cell plain|investment                     0     nan |   0.66   0.40   0.17  0.26  0.14  0.09    2 |                   h-share 0.306 | 
  sub-cell structured|climate                   0     nan |   0.77   0.04   0.38  0.22  0.11  0.10    2 |                   h-share 0.322 | 
  sub-cell structured|investment                0     nan |   0.00   0.50   0.24  0.22  0.13  0.10    2 |                   h-share 0.280 | 
  sub-cell varied|climate                       0     nan |   0.57   0.04   0.08  0.29  0.13  0.10    1 |                   h-share 0.230 | 
  sub-cell varied|investment                    0     nan |   0.78   0.00   0.05  0.25  0.11  0.09    1 |                   h-share 0.320 | 
sub-cell ceiling (mean of 6)                    0     nan |   0.56   0.19   0.22  0.27  0.13  0.09    1 |                   h-share 0.299 | 
angles between sub-cell horizon directions (deg): centroid PC1 — pairs differing in rendering 50, in domain 83, in both 83; largest principal angle between top-2 centroid subspaces — rendering 83, domain 87, both 89   (random directions in R^5120: ~89)
canonical 72-row subsample (mean of 50)         0     nan |   0.13   0.41   0.38  0.23  0.13  0.09    2 |                        | 
canonical all rows, 12 horizons (n=1349)        0     nan |   0.11   0.40   0.38  0.23  0.12  0.08    3 |                   h-share 0.181 | 

=== L33 R0  (erasure fit on 1440 train rows; PCA on 432 test rows: 6 new configs × 2 domains × 12 horizons × 3 renderings) ===
variance budget of the test rows: rendering 0.370  domain 0.093  cell 0.491  config 0.038  prompt 0.558  horizon 0.188  horizon×cell 0.057  horizon×prompt (=residual) 0.254
condition                                    rank removed | |rho1| |rho2| |rho3|  evr1  evr2  evr3 nPCh |   cent evr1/2/3 c_rho1 |  accR  accD   R2sr   R2h
none                                            0   0.000 |   0.40   0.81   0.06  0.38  0.18  0.10    3 |  0.84/0.11/0.02   0.98 |  1.00  1.00   0.90  0.99
rend                                            2   0.381 |   0.83   0.05   0.38  0.33  0.16  0.11    2 |  0.84/0.11/0.02   0.98 |  0.33  1.00   0.90  0.99
rend+dom                                        3   0.481 |   0.84   0.39   0.18  0.37  0.14  0.07    2 |  0.84/0.11/0.02   0.98 |  0.33  0.50   0.90  0.99
cell                                            5   0.511 |   0.84   0.42   0.18  0.39  0.14  0.07    2 |  0.84/0.11/0.02   0.98 |  0.33  0.50   0.90  0.99
cell+par                                       10   0.541 |   0.85   0.42   0.13  0.40  0.14  0.08    2 |  0.84/0.11/0.02   0.98 |  0.33  0.50  -0.00  0.99
cell+par orth                                  10   0.713 |   0.86   0.43   0.25  0.21  0.16  0.08    2 |  0.71/0.19/0.03   1.00 |  0.33  0.50  -0.00  0.99
cell+par +cfg(in)                              15   0.555 |   0.85   0.42   0.12  0.41  0.14  0.08    2 |  0.84/0.11/0.02   0.98 |  0.33  0.50  -0.00  0.99
cell+par +prompt(in)                           45   0.564 |   0.86   0.37   0.13  0.43  0.15  0.08    2 |  0.84/0.11/0.02   0.98 |  0.33  0.50  -0.00  0.99
  sub-cell plain|climate                        0     nan |   0.93   0.11   0.11  0.58  0.09  0.08    1 |                   h-share 0.621 | 
  sub-cell plain|investment                     0     nan |   0.89   0.08   0.16  0.56  0.13  0.07    1 |                   h-share 0.623 | 
  sub-cell structured|climate                   0     nan |   0.90   0.17   0.15  0.65  0.09  0.05    1 |                   h-share 0.678 | 
  sub-cell structured|investment                0     nan |   0.89   0.21   0.03  0.61  0.11  0.06    1 |                   h-share 0.649 | 
  sub-cell varied|climate                       0     nan |   0.38   0.61   0.40  0.34  0.20  0.13    3 |                   h-share 0.280 | 
  sub-cell varied|investment                    0     nan |   0.42   0.68   0.32  0.37  0.19  0.12    3 |                   h-share 0.323 | 
sub-cell ceiling (mean of 6)                    0     nan |   0.73   0.31   0.19  0.52  0.14  0.09    1 |                   h-share 0.529 | 
angles between sub-cell horizon directions (deg): centroid PC1 — pairs differing in rendering 29, in domain 24, in both 34; largest principal angle between top-2 centroid subspaces — rendering 48, domain 38, both 52   (random directions in R^5120: ~89)
canonical 72-row subsample (mean of 50)         0     nan |   0.90   0.23   0.05  0.59  0.12  0.06    1 |                        | 
canonical all rows, 12 horizons (n=1349)        0     nan |   0.90   0.23   0.00  0.59  0.12  0.05    1 |                   h-share 0.624 | 

=== L43 R0  (erasure fit on 1440 train rows; PCA on 432 test rows: 6 new configs × 2 domains × 12 horizons × 3 renderings) ===
variance budget of the test rows: rendering 0.281  domain 0.043  cell 0.338  config 0.079  prompt 0.467  horizon 0.172  horizon×cell 0.069  horizon×prompt (=residual) 0.361
condition                                    rank removed | |rho1| |rho2| |rho3|  evr1  evr2  evr3 nPCh |   cent evr1/2/3 c_rho1 |  accR  accD   R2sr   R2h
none                                            0   0.000 |   0.39   0.10   0.03  0.46  0.27  0.05    2 |  0.89/0.07/0.01   0.88 |  1.00  1.00   0.83  0.98
rend                                            2   0.281 |   0.43   0.10   0.23  0.63  0.06  0.06    2 |  0.89/0.07/0.01   0.88 |  0.33  1.00   0.84  0.98
rend+dom                                        3   0.318 |   0.43   0.13   0.12  0.66  0.07  0.05    2 |  0.89/0.07/0.01   0.88 |  0.33  0.50   0.84  0.98
cell                                            5   0.332 |   0.43   0.14   0.49  0.67  0.07  0.05    3 |  0.89/0.07/0.01   0.88 |  0.33  0.50   0.84  0.98
cell+par                                       10   0.403 |   0.56   0.13   0.52  0.63  0.08  0.05    3 |  0.89/0.08/0.01   0.90 |  0.33  0.50  -0.00  0.98
cell+par orth                                  10   0.850 |   0.11   0.54   0.65  0.20  0.12  0.08    3 |  0.63/0.20/0.05   0.99 |  0.33  0.50  -0.00  0.98
cell+par +cfg(in)                              15   0.433 |   0.56   0.14   0.48  0.64  0.08  0.05    3 |  0.89/0.08/0.01   0.90 |  0.33  0.50  -0.00  0.98
cell+par +prompt(in)                           45   0.488 |   0.61   0.15   0.41  0.64  0.08  0.05    3 |  0.89/0.08/0.01   0.90 |  0.33  0.50  -0.00  0.98
  sub-cell plain|climate                        0     nan |   0.38   0.03   0.69  0.81  0.08  0.04    2 |                   h-share 0.388 | 
  sub-cell plain|investment                     0     nan |   0.35   0.42   0.38  0.86  0.06  0.02    3 |                   h-share 0.457 | 
  sub-cell structured|climate                   0     nan |   0.52   0.70   0.15  0.42  0.23  0.08    2 |                   h-share 0.441 | 
  sub-cell structured|investment                0     nan |   0.34   0.78   0.09  0.71  0.07  0.06    2 |                   h-share 0.300 | 
  sub-cell varied|climate                       0     nan |   0.60   0.05   0.41  0.55  0.13  0.07    3 |                   h-share 0.360 | 
  sub-cell varied|investment                    0     nan |   0.37   0.16   0.32  0.62  0.11  0.08    3 |                   h-share 0.259 | 
sub-cell ceiling (mean of 6)                    0     nan |   0.42   0.35   0.34  0.66  0.11  0.06    2 |                   h-share 0.368 | 
angles between sub-cell horizon directions (deg): centroid PC1 — pairs differing in rendering 36, in domain 29, in both 39; largest principal angle between top-2 centroid subspaces — rendering 49, domain 49, both 56   (random directions in R^5120: ~89)
canonical 72-row subsample (mean of 50)         0     nan |   0.25   0.51   0.59  0.64  0.11  0.08    1 |                        | 
canonical all rows, 12 horizons (n=1349)        0     nan |   0.28   0.13   0.84  0.66  0.09  0.08    1 |                   h-share 0.179 | 
sweep L 2 T3: horizon share 0.004  none |rho1| 0.02  cell+par |rho1| 0.12  cell+par +prompt(in) |rho1| 0.12
sweep L 5 T3: horizon share 0.005  none |rho1| 0.02  cell+par |rho1| 0.03  cell+par +prompt(in) |rho1| 0.01
sweep L 8 T3: horizon share 0.008  none |rho1| 0.07  cell+par |rho1| 0.20  cell+par +prompt(in) |rho1| 0.24
sweep L11 T3: horizon share 0.010  none |rho1| 0.09  cell+par |rho1| 0.33  cell+par +prompt(in) |rho1| 0.39
sweep L14 T3: horizon share 0.014  none |rho1| 0.14  cell+par |rho1| 0.32  cell+par +prompt(in) |rho1| 0.37
sweep L17 T3: horizon share 0.017  none |rho1| 0.14  cell+par |rho1| 0.32  cell+par +prompt(in) |rho1| 0.38
sweep L20 T3: horizon share 0.024  none |rho1| 0.14  cell+par |rho1| 0.36  cell+par +prompt(in) |rho1| 0.44
sweep L23 T3: horizon share 0.039  none |rho1| 0.11  cell+par |rho1| 0.48  cell+par +prompt(in) |rho1| 0.54
sweep L26 T3: horizon share 0.064  none |rho1| 0.21  cell+par |rho1| 0.61  cell+par +prompt(in) |rho1| 0.63
sweep L29 T3: horizon share 0.085  none |rho1| 0.33  cell+par |rho1| 0.64  cell+par +prompt(in) |rho1| 0.71
sweep L32 T3: horizon share 0.122  none |rho1| 0.42  cell+par |rho1| 0.76  cell+par +prompt(in) |rho1| 0.77
sweep L35 T3: horizon share 0.117  none |rho1| 0.32  cell+par |rho1| 0.71  cell+par +prompt(in) |rho1| 0.74
sweep L38 T3: horizon share 0.101  none |rho1| 0.53  cell+par |rho1| 0.67  cell+par +prompt(in) |rho1| 0.73
sweep L41 T3: horizon share 0.103  none |rho1| 0.59  cell+par |rho1| 0.67  cell+par +prompt(in) |rho1| 0.72
sweep L44 T3: horizon share 0.098  none |rho1| 0.16  cell+par |rho1| 0.61  cell+par +prompt(in) |rho1| 0.65
sweep L47 T3: horizon share 0.096  none |rho1| 0.06  cell+par |rho1| 0.56  cell+par +prompt(in) |rho1| 0.59
sweep L50 T3: horizon share 0.089  none |rho1| 0.02  cell+par |rho1| 0.55  cell+par +prompt(in) |rho1| 0.58
sweep L53 T3: horizon share 0.086  none |rho1| 0.06  cell+par |rho1| 0.64  cell+par +prompt(in) |rho1| 0.69
sweep L56 T3: horizon share 0.077  none |rho1| 0.09  cell+par |rho1| 0.63  cell+par +prompt(in) |rho1| 0.68
sweep L59 T3: horizon share 0.066  none |rho1| 0.22  cell+par |rho1| 0.26  cell+par +prompt(in) |rho1| 0.32
sweep L 2 R0: horizon share 0.005  none |rho1| 0.05  cell+par |rho1| 0.03  cell+par +prompt(in) |rho1| 0.00
sweep L 5 R0: horizon share 0.005  none |rho1| 0.04  cell+par |rho1| 0.05  cell+par +prompt(in) |rho1| 0.06
sweep L 8 R0: horizon share 0.007  none |rho1| 0.02  cell+par |rho1| 0.03  cell+par +prompt(in) |rho1| 0.02
sweep L11 R0: horizon share 0.007  none |rho1| 0.02  cell+par |rho1| 0.04  cell+par +prompt(in) |rho1| 0.04
sweep L14 R0: horizon share 0.009  none |rho1| 0.03  cell+par |rho1| 0.10  cell+par +prompt(in) |rho1| 0.08
sweep L17 R0: horizon share 0.011  none |rho1| 0.02  cell+par |rho1| 0.08  cell+par +prompt(in) |rho1| 0.05
sweep L20 R0: horizon share 0.018  none |rho1| 0.05  cell+par |rho1| 0.06  cell+par +prompt(in) |rho1| 0.06
sweep L23 R0: horizon share 0.045  none |rho1| 0.09  cell+par |rho1| 0.02  cell+par +prompt(in) |rho1| 0.02
sweep L26 R0: horizon share 0.039  none |rho1| 0.08  cell+par |rho1| 0.22  cell+par +prompt(in) |rho1| 0.29
sweep L29 R0: horizon share 0.046  none |rho1| 0.14  cell+par |rho1| 0.03  cell+par +prompt(in) |rho1| 0.03
sweep L32 R0: horizon share 0.110  none |rho1| 0.24  cell+par |rho1| 0.75  cell+par +prompt(in) |rho1| 0.79
sweep L35 R0: horizon share 0.203  none |rho1| 0.41  cell+par |rho1| 0.90  cell+par +prompt(in) |rho1| 0.90
sweep L38 R0: horizon share 0.136  none |rho1| 0.02  cell+par |rho1| 0.90  cell+par +prompt(in) |rho1| 0.91
sweep L41 R0: horizon share 0.201  none |rho1| 0.47  cell+par |rho1| 0.59  cell+par +prompt(in) |rho1| 0.64
sweep L44 R0: horizon share 0.174  none |rho1| 0.40  cell+par |rho1| 0.56  cell+par +prompt(in) |rho1| 0.60
sweep L47 R0: horizon share 0.155  none |rho1| 0.39  cell+par |rho1| 0.52  cell+par +prompt(in) |rho1| 0.58
sweep L50 R0: horizon share 0.128  none |rho1| 0.35  cell+par |rho1| 0.53  cell+par +prompt(in) |rho1| 0.59
sweep L53 R0: horizon share 0.119  none |rho1| 0.31  cell+par |rho1| 0.52  cell+par +prompt(in) |rho1| 0.58
sweep L56 R0: horizon share 0.104  none |rho1| 0.26  cell+par |rho1| 0.50  cell+par +prompt(in) |rho1| 0.56
sweep L59 R0: horizon share 0.090  none |rho1| 0.33  cell+par |rho1| 0.46  cell+par +prompt(in) |rho1| 0.52

wrote figures/gemma-4-31b_matrix_s0/leace
