
=== L33 T3 ===

--- matrix pooled: train 1440, test 432; RRR alpha 10 (CV total R² 0.837) ---
estimator  k |  R2 d1  R2 d2  R2 d3  R2 d4  total | test-variance share per response dir |      centroid-variance share | degree per component
RRR     1 |  0.891  0.064  0.011  0.008  0.243 |                            0.134 |                         0.72 | 1
RRR     2 |  0.915  0.708  0.251  0.012  0.471 |                      0.134 0.050 |                    0.72 0.13 | 1 2
RRR     3 |  0.956  0.838  0.571  0.288  0.663 |                0.134 0.050 0.024 |               0.72 0.13 0.02 | 1 2 3
RRR     4 |  0.958  0.888  0.734  0.627  0.802 |          0.134 0.050 0.024 0.022 |          0.72 0.13 0.02 0.01 | 1 2 3 4
RRR     5 |  0.958  0.888  0.734  0.627  0.802 |          0.134 0.050 0.024 0.022 |          0.72 0.13 0.02 0.01 | 1 2 3 4
RRR     6 |  0.958  0.888  0.734  0.627  0.802 |          0.134 0.050 0.024 0.022 |          0.72 0.13 0.02 0.01 | 1 2 3 4
RRR    k95 = 4  (95% of best total held-out R² 0.802)
PLS2    1 |  0.527  0.064  0.006  0.014  0.153 |                            0.134 |                         0.72 | 1
PLS2    2 |  0.683  0.078  0.008  0.016  0.196 |                      0.134 0.051 |                    0.72 0.13 | 1 1
PLS2    3 |  0.684  0.245  0.122  0.015  0.267 |                0.134 0.051 0.020 |               0.72 0.13 0.02 | 1 1 2
PLS2    4 |  0.727  0.340  0.167  0.028  0.316 |          0.134 0.051 0.020 0.026 |          0.72 0.13 0.02 0.01 | 1 1 2 2
PLS2    5 |  0.742  0.373  0.178  0.031  0.331 |          0.134 0.051 0.020 0.026 |          0.72 0.13 0.02 0.01 | 1 1 2 2 2
PLS2    6 |  0.742  0.447  0.181  0.089  0.365 |          0.134 0.051 0.020 0.026 |          0.72 0.13 0.02 0.01 | 1 1 2 2 2 2
PLS2   k95 = 6  (95% of best total held-out R² 0.365)

--- matrix LEACE(cell+par): train 1440, test 432; RRR alpha 10 (CV total R² 0.844) ---
estimator  k |  R2 d1  R2 d2  R2 d3  R2 d4  total | test-variance share per response dir |      centroid-variance share | degree per component
RRR     1 |  0.887  0.071  0.009  0.007  0.243 |                            0.164 |                         0.72 | 1
RRR     2 |  0.915  0.690  0.263  0.012  0.470 |                      0.164 0.060 |                    0.72 0.13 | 1 2
RRR     3 |  0.956  0.837  0.569  0.285  0.662 |                0.164 0.060 0.032 |               0.72 0.13 0.02 | 1 2 3
RRR     4 |  0.958  0.890  0.722  0.628  0.799 |          0.164 0.060 0.032 0.030 |          0.72 0.13 0.02 0.01 | 1 2 3 4
RRR     5 |  0.958  0.890  0.722  0.628  0.799 |          0.164 0.060 0.032 0.030 |          0.72 0.13 0.02 0.01 | 1 2 3 4
RRR     6 |  0.958  0.890  0.722  0.628  0.799 |          0.164 0.060 0.032 0.030 |          0.72 0.13 0.02 0.01 | 1 2 3 4
RRR    k95 = 4  (95% of best total held-out R² 0.799)
PLS2    1 |  0.611  0.076  0.007  0.016  0.177 |                            0.165 |                         0.72 | 1
PLS2    2 |  0.635  0.255  0.149  0.015  0.263 |                      0.165 0.058 |                    0.72 0.13 | 1 2
PLS2    3 |  0.636  0.362  0.190  0.032  0.305 |                0.165 0.058 0.045 |               0.72 0.13 0.02 | 1 2 2
PLS2    4 |  0.780  0.364  0.188  0.040  0.343 |          0.165 0.058 0.045 0.019 |          0.72 0.13 0.02 0.01 | 1 2 2 1
PLS2    5 |  0.789  0.452  0.187  0.118  0.387 |          0.165 0.058 0.045 0.019 |          0.72 0.13 0.02 0.01 | 1 2 2 1 2
PLS2    6 |  0.806  0.473  0.194  0.119  0.398 |          0.165 0.058 0.045 0.019 |          0.72 0.13 0.02 0.01 | 1 2 2 1 2 1
PLS2   k95 = 5  (95% of best total held-out R² 0.398)

--- matrix structured|investment: train 240, test 72; RRR alpha 1 (CV total R² 0.944) ---
estimator  k |  R2 d1  R2 d2  R2 d3  R2 d4  total | test-variance share per response dir |      centroid-variance share | degree per component
RRR     1 |  0.944  0.016  0.023  0.007  0.248 |                            0.260 |                         0.58 | 1
RRR     2 |  0.966  0.901  0.023  0.066  0.489 |                      0.260 0.089 |                    0.58 0.14 | 1 2
RRR     3 |  0.983  0.905  0.854  0.130  0.718 |                0.260 0.089 0.097 |               0.58 0.14 0.05 | 1 2 3
RRR     4 |  0.990  0.970  0.928  0.914  0.951 |          0.260 0.089 0.097 0.080 |          0.58 0.14 0.05 0.06 | 1 2 3 4
RRR     5 |  0.990  0.970  0.928  0.914  0.951 |          0.260 0.089 0.097 0.080 |          0.58 0.14 0.05 0.06 | 1 2 3 4
RRR     6 |  0.990  0.970  0.928  0.914  0.951 |          0.260 0.089 0.097 0.080 |          0.58 0.14 0.05 0.06 | 1 2 3 4
RRR    k95 = 4  (95% of best total held-out R² 0.951)
PLS2    1 |  0.713  0.103  0.009  0.028  0.213 |                            0.271 |                         0.60 | 1
PLS2    2 |  0.780  0.423  0.233  0.035  0.368 |                      0.271 0.083 |                    0.60 0.15 | 1 2
PLS2    3 |  0.799  0.436  0.279  0.035  0.387 |                0.271 0.083 0.089 |               0.60 0.15 0.05 | 1 2 1
PLS2    4 |  0.851  0.422  0.371  0.187  0.458 |          0.271 0.083 0.089 0.084 |          0.60 0.15 0.05 0.04 | 1 2 1 4
PLS2    5 |  0.851  0.648  0.378  0.195  0.518 |          0.271 0.083 0.089 0.084 |          0.60 0.15 0.05 0.04 | 1 2 1 4 2
PLS2    6 |  0.870  0.663  0.390  0.361  0.571 |          0.271 0.083 0.089 0.084 |          0.60 0.15 0.05 0.04 | 1 2 1 4 2 4
PLS2   k95 = 6  (95% of best total held-out R² 0.571)

--- canonical (1890 rows, 17 horizons): train 1512, test 378; RRR alpha 10 (CV total R² 0.976) ---
estimator  k |  R2 d1  R2 d2  R2 d3  R2 d4  total | test-variance share per response dir |      centroid-variance share | degree per component
RRR     1 |  0.975  0.000  0.022  0.003  0.249 |                            0.253 |                         0.61 | 1
RRR     2 |  0.976  0.906  0.049  0.057  0.496 |                      0.253 0.097 |                    0.61 0.17 | 1 2
RRR     3 |  0.986  0.907  0.756  0.314  0.741 |                0.253 0.097 0.068 |               0.61 0.17 0.05 | 1 2 3
RRR     4 |  0.998  0.991  0.981  0.962  0.983 |          0.253 0.097 0.068 0.051 |          0.61 0.17 0.05 0.05 | 1 2 3 4
RRR     5 |  0.998  0.991  0.981  0.962  0.983 |          0.253 0.097 0.068 0.051 |          0.61 0.17 0.05 0.05 | 1 2 3 4
RRR     6 |  0.998  0.991  0.981  0.962  0.983 |          0.253 0.097 0.068 0.051 |          0.61 0.17 0.05 0.05 | 1 2 3 4
RRR    k95 = 4  (95% of best total held-out R² 0.983)
PLS2    1 |  0.711  0.106  0.013  0.028  0.214 |                            0.261 |                         0.63 | 1
PLS2    2 |  0.766  0.566  0.167  0.028  0.381 |                      0.261 0.088 |                    0.63 0.17 | 1 2
PLS2    3 |  0.798  0.568  0.393  0.087  0.461 |                0.261 0.088 0.043 |               0.63 0.17 0.05 | 1 2 3
PLS2    4 |  0.862  0.596  0.411  0.183  0.513 |          0.261 0.088 0.043 0.077 |          0.63 0.17 0.05 0.03 | 1 2 3 4
PLS2    5 |  0.862  0.717  0.467  0.204  0.562 |          0.261 0.088 0.043 0.077 |          0.63 0.17 0.05 0.03 | 1 2 3 4 2
PLS2    6 |  0.870  0.729  0.521  0.271  0.597 |          0.261 0.088 0.043 0.077 |          0.63 0.17 0.05 0.03 | 1 2 3 4 2 4
PLS2   k95 = 6  (95% of best total held-out R² 0.597)

--- extended (1927 rows, 25 horizons): train 1541, test 386; RRR alpha 10 (CV total R² 0.941) ---
estimator  k |  R2 d1  R2 d2  R2 d3  R2 d4  total | test-variance share per response dir |      centroid-variance share | degree per component
RRR     1 |  0.933  0.001  0.040  0.003  0.244 |                            0.200 |                         0.42 | 1
RRR     2 |  0.937  0.879  0.051  0.093  0.491 |                      0.200 0.103 |                    0.42 0.17 | 1 2
RRR     3 |  0.969  0.884  0.700  0.359  0.728 |                0.200 0.103 0.124 |               0.42 0.17 0.17 | 1 2 3
RRR     4 |  0.975  0.966  0.940  0.905  0.947 |          0.200 0.103 0.124 0.147 |          0.42 0.17 0.17 0.08 | 1 2 3 4
RRR     5 |  0.975  0.966  0.940  0.905  0.947 |          0.200 0.103 0.124 0.147 |          0.42 0.17 0.17 0.08 | 1 2 3 4
RRR     6 |  0.975  0.966  0.940  0.905  0.947 |          0.200 0.103 0.124 0.147 |          0.42 0.17 0.17 0.08 | 1 2 3 4
RRR    k95 = 4  (95% of best total held-out R² 0.947)
PLS2    1 |  0.482  0.269  0.026  0.068  0.212 |                            0.230 |                         0.48 | 1
PLS2    2 |  0.532  0.345  0.326  0.067  0.318 |                      0.230 0.115 |                    0.48 0.17 | 1 3
PLS2    3 |  0.695  0.576  0.330  0.112  0.429 |                0.230 0.115 0.086 |               0.48 0.17 0.10 | 1 3 2
PLS2    4 |  0.694  0.577  0.411  0.162  0.461 |          0.230 0.115 0.086 0.142 |          0.48 0.17 0.10 0.09 | 1 3 2 3
PLS2    5 |  0.815  0.627  0.490  0.169  0.526 |          0.230 0.115 0.086 0.142 |          0.48 0.17 0.10 0.09 | 1 3 2 3 1
PLS2    6 |  0.831  0.711  0.485  0.280  0.578 |          0.230 0.115 0.086 0.142 |          0.48 0.17 0.10 0.09 | 1 3 2 3 1 2
PLS2   k95 = 6  (95% of best total held-out R² 0.578)

=== L55 T3 ===

--- matrix pooled: train 1440, test 432; RRR alpha 100 (CV total R² 0.630) ---
estimator  k |  R2 d1  R2 d2  R2 d3  R2 d4  total | test-variance share per response dir |      centroid-variance share | degree per component
RRR     1 |  0.802  0.085  0.000  0.007  0.223 |                            0.101 |                         0.68 | 1
RRR     2 |  0.828  0.447  0.247  0.043  0.391 |                      0.101 0.032 |                    0.68 0.07 | 1 2
RRR     3 |  0.855  0.640  0.408  0.215  0.529 |                0.101 0.032 0.016 |               0.68 0.07 0.02 | 1 2 2
RRR     4 |  0.852  0.691  0.523  0.336  0.600 |          0.101 0.032 0.016 0.011 |          0.68 0.07 0.02 0.01 | 1 2 2 4
RRR     5 |  0.852  0.691  0.523  0.336  0.600 |          0.101 0.032 0.016 0.011 |          0.68 0.07 0.02 0.01 | 1 2 2 4
RRR     6 |  0.852  0.691  0.523  0.336  0.600 |          0.101 0.032 0.016 0.011 |          0.68 0.07 0.02 0.01 | 1 2 2 4
RRR    k95 = 4  (95% of best total held-out R² 0.600)
PLS2    1 |  0.442  0.059  0.005  0.017  0.131 |                            0.101 |                         0.68 | 1
PLS2    2 |  0.445  0.194  0.057  0.017  0.178 |                      0.101 0.034 |                    0.68 0.07 | 1 2
PLS2    3 |  0.466  0.245  0.069  0.017  0.199 |                0.101 0.034 0.014 |               0.68 0.07 0.02 | 1 2 2
PLS2    4 |  0.459  0.281  0.116  0.023  0.220 |          0.101 0.034 0.014 0.011 |          0.68 0.07 0.02 0.01 | 1 2 2 3
PLS2    5 |  0.590  0.282  0.117  0.028  0.254 |          0.101 0.034 0.014 0.011 |          0.68 0.07 0.02 0.01 | 1 2 2 3 1
PLS2    6 |  0.646  0.324  0.134  0.036  0.285 |          0.101 0.034 0.014 0.011 |          0.68 0.07 0.02 0.01 | 1 2 2 3 1 1
PLS2   k95 = 6  (95% of best total held-out R² 0.285)

--- matrix LEACE(cell+par): train 1440, test 432; RRR alpha 100 (CV total R² 0.639) ---
estimator  k |  R2 d1  R2 d2  R2 d3  R2 d4  total | test-variance share per response dir |      centroid-variance share | degree per component
RRR     1 |  0.799  0.086  0.000  0.006  0.223 |                            0.114 |                         0.68 | 1
RRR     2 |  0.827  0.441  0.247  0.044  0.390 |                      0.114 0.025 |                    0.68 0.07 | 1 2
RRR     3 |  0.851  0.641  0.408  0.212  0.528 |                0.114 0.025 0.018 |               0.68 0.07 0.02 | 1 2 2
RRR     4 |  0.848  0.690  0.522  0.332  0.598 |          0.114 0.025 0.018 0.013 |          0.68 0.07 0.02 0.01 | 1 2 2 4
RRR     5 |  0.848  0.690  0.522  0.332  0.598 |          0.114 0.025 0.018 0.013 |          0.68 0.07 0.02 0.01 | 1 2 2 4
RRR     6 |  0.848  0.690  0.522  0.332  0.598 |          0.114 0.025 0.018 0.013 |          0.68 0.07 0.02 0.01 | 1 2 2 4
RRR    k95 = 4  (95% of best total held-out R² 0.598)
PLS2    1 |  0.483  0.069  0.004  0.020  0.144 |                            0.114 |                         0.68 | 1
PLS2    2 |  0.480  0.219  0.070  0.022  0.198 |                      0.114 0.026 |                    0.68 0.07 | 1 2
PLS2    3 |  0.481  0.278  0.115  0.027  0.225 |                0.114 0.026 0.017 |               0.68 0.07 0.02 | 1 2 2
PLS2    4 |  0.539  0.282  0.137  0.017  0.243 |          0.114 0.026 0.017 0.013 |          0.68 0.07 0.02 0.01 | 1 2 2 1
PLS2    5 |  0.644  0.286  0.143  0.020  0.273 |          0.114 0.026 0.017 0.013 |          0.68 0.07 0.02 0.01 | 1 2 2 1 1
PLS2    6 |  0.642  0.283  0.175  0.079  0.295 |          0.114 0.026 0.017 0.013 |          0.68 0.07 0.02 0.01 | 1 2 2 1 1 4
PLS2   k95 = 6  (95% of best total held-out R² 0.295)

--- matrix structured|investment: train 240, test 72; RRR alpha 10 (CV total R² 0.869) ---
estimator  k |  R2 d1  R2 d2  R2 d3  R2 d4  total | test-variance share per response dir |      centroid-variance share | degree per component
RRR     1 |  0.912  0.028  0.028  0.005  0.243 |                            0.101 |                         0.30 | 1
RRR     2 |  0.936  0.721  0.034  0.121  0.453 |                      0.101 0.127 |                    0.30 0.19 | 1 2
RRR     3 |  0.970  0.733  0.866  0.121  0.672 |                0.101 0.127 0.072 |               0.30 0.19 0.08 | 1 2 3
RRR     4 |  0.969  0.889  0.865  0.763  0.871 |          0.101 0.127 0.072 0.092 |          0.30 0.19 0.08 0.09 | 1 2 3 4
RRR     5 |  0.969  0.889  0.865  0.763  0.871 |          0.101 0.127 0.072 0.092 |          0.30 0.19 0.08 0.09 | 1 2 3 4
RRR     6 |  0.969  0.889  0.865  0.763  0.871 |          0.101 0.127 0.072 0.092 |          0.30 0.19 0.08 0.09 | 1 2 3 4
RRR    k95 = 4  (95% of best total held-out R² 0.871)
PLS2    1 |  0.636  0.124  0.003  0.006  0.192 |                            0.109 |                         0.32 | 1
PLS2    2 |  0.744  0.308  0.102  0.051  0.301 |                      0.109 0.125 |                    0.32 0.22 | 1 2
PLS2    3 |  0.743  0.304  0.339  0.055  0.360 |                0.109 0.125 0.092 |               0.32 0.22 0.07 | 1 2 3
PLS2    4 |  0.815  0.304  0.349  0.171  0.410 |          0.109 0.125 0.092 0.065 |          0.32 0.22 0.07 0.05 | 1 2 3 4
PLS2    5 |  0.863  0.371  0.357  0.241  0.458 |          0.109 0.125 0.092 0.065 |          0.32 0.22 0.07 0.05 | 1 2 3 4 1
PLS2    6 |  0.868  0.617  0.376  0.278  0.535 |          0.109 0.125 0.092 0.065 |          0.32 0.22 0.07 0.05 | 1 2 3 4 1 2
PLS2   k95 = 6  (95% of best total held-out R² 0.535)

--- canonical (1890 rows, 17 horizons): train 1512, test 378; RRR alpha 10 (CV total R² 0.929) ---
estimator  k |  R2 d1  R2 d2  R2 d3  R2 d4  total | test-variance share per response dir |      centroid-variance share | degree per component
RRR     1 |  0.959  0.008  0.018  0.008  0.248 |                            0.108 |                         0.36 | 1
RRR     2 |  0.975  0.830  0.136  0.014  0.488 |                      0.108 0.147 |                    0.36 0.24 | 1 2
RRR     3 |  0.975  0.878  0.656  0.382  0.723 |                0.108 0.147 0.077 |               0.36 0.24 0.08 | 1 2 3
RRR     4 |  0.989  0.961  0.925  0.882  0.939 |          0.108 0.147 0.077 0.057 |          0.36 0.24 0.08 0.09 | 1 2 3 4
RRR     5 |  0.989  0.961  0.925  0.882  0.939 |          0.108 0.147 0.077 0.057 |          0.36 0.24 0.08 0.09 | 1 2 3 4
RRR     6 |  0.989  0.961  0.925  0.882  0.939 |          0.108 0.147 0.077 0.057 |          0.36 0.24 0.08 0.09 | 1 2 3 4
RRR    k95 = 4  (95% of best total held-out R² 0.939)
PLS2    1 |  0.589  0.146  0.000  0.018  0.188 |                            0.102 |                         0.37 | 1
PLS2    2 |  0.640  0.338  0.076  0.026  0.270 |                      0.102 0.136 |                    0.37 0.25 | 1 2
PLS2    3 |  0.716  0.345  0.220  0.030  0.328 |                0.102 0.136 0.100 |               0.37 0.25 0.07 | 1 2 3
PLS2    4 |  0.766  0.365  0.301  0.173  0.401 |          0.102 0.136 0.100 0.050 |          0.37 0.25 0.07 0.07 | 1 2 3 4
PLS2    5 |  0.812  0.570  0.383  0.175  0.485 |          0.102 0.136 0.100 0.050 |          0.37 0.25 0.07 0.07 | 1 2 3 4 2
PLS2    6 |  0.815  0.571  0.454  0.271  0.527 |          0.102 0.136 0.100 0.050 |          0.37 0.25 0.07 0.07 | 1 2 3 4 2 4
PLS2   k95 = 6  (95% of best total held-out R² 0.527)

--- extended (1927 rows, 25 horizons): train 1541, test 386; RRR alpha 100 (CV total R² 0.823) ---
estimator  k |  R2 d1  R2 d2  R2 d3  R2 d4  total | test-variance share per response dir |      centroid-variance share | degree per component
RRR     1 |  0.797  0.089  0.068  0.012  0.242 |                            0.107 |                         0.31 | 1
RRR     2 |  0.890  0.793  0.068  0.158  0.478 |                      0.107 0.080 |                    0.31 0.15 | 1 2
RRR     3 |  0.928  0.801  0.663  0.310  0.676 |                0.107 0.080 0.090 |               0.31 0.15 0.13 | 1 2 3
RRR     4 |  0.938  0.910  0.826  0.725  0.850 |          0.107 0.080 0.090 0.076 |          0.31 0.15 0.13 0.06 | 1 2 3 4
RRR     5 |  0.938  0.910  0.826  0.725  0.850 |          0.107 0.080 0.090 0.076 |          0.31 0.15 0.13 0.06 | 1 2 3 4
RRR     6 |  0.938  0.910  0.826  0.725  0.850 |          0.107 0.080 0.090 0.076 |          0.31 0.15 0.13 0.06 | 1 2 3 4
RRR    k95 = 4  (95% of best total held-out R² 0.850)
PLS2    1 |  0.462  0.278  0.008  0.050  0.200 |                            0.116 |                         0.34 | 1
PLS2    2 |  0.617  0.378  0.210  0.069  0.319 |                      0.116 0.088 |                    0.34 0.19 | 1 3
PLS2    3 |  0.682  0.380  0.260  0.073  0.349 |                0.116 0.088 0.045 |               0.34 0.19 0.05 | 1 3 3
PLS2    4 |  0.686  0.378  0.312  0.129  0.377 |          0.116 0.088 0.045 0.103 |          0.34 0.19 0.05 0.08 | 1 3 3 4
PLS2    5 |  0.770  0.580  0.358  0.128  0.460 |          0.116 0.088 0.045 0.103 |          0.34 0.19 0.05 0.08 | 1 3 3 4 2
PLS2    6 |  0.776  0.631  0.364  0.143  0.479 |          0.116 0.088 0.045 0.103 |          0.34 0.19 0.05 0.08 | 1 3 3 4 2 2
PLS2   k95 = 5  (95% of best total held-out R² 0.479)

=== L33 R0 ===

--- matrix pooled: train 1440, test 432; RRR alpha 1 (CV total R² 0.951) ---
estimator  k |  R2 d1  R2 d2  R2 d3  R2 d4  total | test-variance share per response dir |      centroid-variance share | degree per component
RRR     1 |  0.967  0.011  0.011  0.002  0.248 |                            0.207 |                         0.83 | 1
RRR     2 |  0.971  0.870  0.106  0.003  0.487 |                      0.207 0.049 |                    0.83 0.10 | 1 2
RRR     3 |  0.988  0.950  0.834  0.091  0.716 |                0.207 0.049 0.026 |               0.83 0.10 0.02 | 1 2 3
RRR     4 |  0.988  0.955  0.916  0.834  0.923 |          0.207 0.049 0.026 0.011 |          0.83 0.10 0.02 0.01 | 1 2 3 4
RRR     5 |  0.988  0.955  0.916  0.834  0.923 |          0.207 0.049 0.026 0.011 |          0.83 0.10 0.02 0.01 | 1 2 3 4
RRR     6 |  0.988  0.955  0.916  0.834  0.923 |          0.207 0.049 0.026 0.011 |          0.83 0.10 0.02 0.01 | 1 2 3 4
RRR    k95 = 4  (95% of best total held-out R² 0.923)
PLS2    1 |  0.703  0.003  0.023  0.009  0.185 |                            0.208 |                         0.83 | 1
PLS2    2 |  0.797  0.022  0.023  0.010  0.213 |                      0.208 0.048 |                    0.83 0.10 | 1 1
PLS2    3 |  0.810  0.325  0.094  0.008  0.309 |                0.208 0.048 0.026 |               0.83 0.10 0.02 | 1 1 2
PLS2    4 |  0.825  0.524  0.104  0.012  0.366 |          0.208 0.048 0.026 0.011 |          0.83 0.10 0.02 0.01 | 1 1 2 2
PLS2    5 |  0.823  0.567  0.141  0.008  0.385 |          0.208 0.048 0.026 0.011 |          0.83 0.10 0.02 0.01 | 1 1 2 2 2
PLS2    6 |  0.822  0.564  0.209  0.032  0.407 |          0.208 0.048 0.026 0.011 |          0.83 0.10 0.02 0.01 | 1 1 2 2 2 3
PLS2   k95 = 6  (95% of best total held-out R² 0.407)

--- matrix LEACE(cell+par): train 1440, test 432; RRR alpha 1 (CV total R² 0.954) ---
estimator  k |  R2 d1  R2 d2  R2 d3  R2 d4  total | test-variance share per response dir |      centroid-variance share | degree per component
RRR     1 |  0.967  0.011  0.011  0.002  0.248 |                            0.369 |                         0.83 | 1
RRR     2 |  0.971  0.862  0.113  0.003  0.487 |                      0.369 0.090 |                    0.83 0.10 | 1 2
RRR     3 |  0.988  0.951  0.833  0.091  0.716 |                0.369 0.090 0.033 |               0.83 0.10 0.02 | 1 2 3
RRR     4 |  0.988  0.955  0.916  0.833  0.923 |          0.369 0.090 0.033 0.018 |          0.83 0.10 0.02 0.01 | 1 2 3 4
RRR     5 |  0.988  0.955  0.916  0.833  0.923 |          0.369 0.090 0.033 0.018 |          0.83 0.10 0.02 0.01 | 1 2 3 4
RRR     6 |  0.988  0.955  0.916  0.833  0.923 |          0.369 0.090 0.033 0.018 |          0.83 0.10 0.02 0.01 | 1 2 3 4
RRR    k95 = 4  (95% of best total held-out R² 0.923)
PLS2    1 |  0.798  0.004  0.027  0.009  0.209 |                            0.371 |                         0.83 | 1
PLS2    2 |  0.826  0.342  0.098  0.007  0.318 |                      0.371 0.088 |                    0.83 0.10 | 1 2
PLS2    3 |  0.846  0.547  0.103  0.017  0.378 |                0.371 0.088 0.033 |               0.83 0.10 0.02 | 1 2 2
PLS2    4 |  0.846  0.568  0.208  0.026  0.412 |          0.371 0.088 0.033 0.018 |          0.83 0.10 0.02 0.01 | 1 2 2 3
PLS2    5 |  0.856  0.602  0.328  0.085  0.468 |          0.371 0.088 0.033 0.018 |          0.83 0.10 0.02 0.01 | 1 2 2 3 3
PLS2    6 |  0.888  0.600  0.332  0.107  0.482 |          0.371 0.088 0.033 0.018 |          0.83 0.10 0.02 0.01 | 1 2 2 3 3 4
PLS2   k95 = 5  (95% of best total held-out R² 0.482)

--- matrix structured|investment: train 240, test 72; RRR alpha 1 (CV total R² 0.967) ---
estimator  k |  R2 d1  R2 d2  R2 d3  R2 d4  total | test-variance share per response dir |      centroid-variance share | degree per component
RRR     1 |  0.964  0.012  0.011  0.001  0.247 |                            0.571 |                         0.80 | 1
RRR     2 |  0.966  0.693  0.280  0.020  0.490 |                      0.571 0.095 |                    0.80 0.11 | 1 2
RRR     3 |  0.986  0.962  0.830  0.109  0.722 |                0.571 0.095 0.035 |               0.80 0.11 0.02 | 1 2 3
RRR     4 |  0.986  0.968  0.939  0.814  0.927 |          0.571 0.095 0.035 0.030 |          0.80 0.11 0.02 0.01 | 1 2 3 4
RRR     5 |  0.986  0.968  0.939  0.814  0.927 |          0.571 0.095 0.035 0.030 |          0.80 0.11 0.02 0.01 | 1 2 3 4
RRR     6 |  0.986  0.968  0.939  0.814  0.927 |          0.571 0.095 0.035 0.030 |          0.80 0.11 0.02 0.01 | 1 2 3 4
RRR    k95 = 4  (95% of best total held-out R² 0.927)
PLS2    1 |  0.852  0.002  0.037  0.010  0.225 |                            0.573 |                         0.81 | 1
PLS2    2 |  0.861  0.557  0.163  0.010  0.398 |                      0.573 0.094 |                    0.81 0.11 | 1 2
PLS2    3 |  0.862  0.555  0.341  0.053  0.453 |                0.573 0.094 0.034 |               0.81 0.11 0.02 | 1 2 1
PLS2    4 |  0.886  0.562  0.398  0.210  0.514 |          0.573 0.094 0.034 0.031 |          0.81 0.11 0.02 0.01 | 1 2 1 4
PLS2    5 |  0.889  0.611  0.562  0.227  0.573 |          0.573 0.094 0.034 0.031 |          0.81 0.11 0.02 0.01 | 1 2 1 4 3
PLS2    6 |  0.891  0.702  0.592  0.279  0.616 |          0.573 0.094 0.034 0.031 |          0.81 0.11 0.02 0.01 | 1 2 1 4 3 2
PLS2   k95 = 6  (95% of best total held-out R² 0.616)

--- canonical (1890 rows, 17 horizons): train 1512, test 378; RRR alpha 1 (CV total R² 0.988) ---
estimator  k |  R2 d1  R2 d2  R2 d3  R2 d4  total | test-variance share per response dir |      centroid-variance share | degree per component
RRR     1 |  0.968  0.031  0.002  0.002  0.250 |                            0.576 |                         0.82 | 1
RRR     2 |  0.985  0.851  0.138  0.026  0.499 |                      0.576 0.101 |                    0.82 0.10 | 1 2
RRR     3 |  0.998  0.994  0.866  0.130  0.747 |                0.576 0.101 0.028 |               0.82 0.10 0.02 | 1 2 3
RRR     4 |  0.999  0.994  0.989  0.975  0.989 |          0.576 0.101 0.028 0.009 |          0.82 0.10 0.02 0.01 | 1 2 3 4
RRR     5 |  0.999  0.994  0.989  0.975  0.989 |          0.576 0.101 0.028 0.009 |          0.82 0.10 0.02 0.01 | 1 2 3 4
RRR     6 |  0.999  0.994  0.989  0.975  0.989 |          0.576 0.101 0.028 0.009 |          0.82 0.10 0.02 0.01 | 1 2 3 4
RRR    k95 = 4  (95% of best total held-out R² 0.989)
PLS2    1 |  0.853  0.000  0.038  0.006  0.224 |                            0.580 |                         0.83 | 1
PLS2    2 |  0.867  0.597  0.081  0.001  0.386 |                      0.580 0.098 |                    0.83 0.10 | 1 2
PLS2    3 |  0.869  0.641  0.410  0.035  0.488 |                0.580 0.098 0.026 |               0.83 0.10 0.02 | 1 2 3
PLS2    4 |  0.915  0.717  0.507  0.217  0.589 |          0.580 0.098 0.026 0.009 |          0.83 0.10 0.02 0.01 | 1 2 3 4
PLS2    5 |  0.917  0.735  0.613  0.223  0.622 |          0.580 0.098 0.026 0.009 |          0.83 0.10 0.02 0.01 | 1 2 3 4 3
PLS2    6 |  0.918  0.808  0.667  0.340  0.683 |          0.580 0.098 0.026 0.009 |          0.83 0.10 0.02 0.01 | 1 2 3 4 3 4
PLS2   k95 = 6  (95% of best total held-out R² 0.683)

--- extended (1927 rows, 25 horizons): train 1541, test 386; RRR alpha 1 (CV total R² 0.993) ---
estimator  k |  R2 d1  R2 d2  R2 d3  R2 d4  total | test-variance share per response dir |      centroid-variance share | degree per component
RRR     1 |  0.981  0.010  0.000  0.011  0.251 |                            0.337 |                         0.44 | 1
RRR     2 |  0.993  0.960  0.001  0.044  0.500 |                      0.337 0.202 |                    0.44 0.25 | 1 2
RRR     3 |  0.994  0.964  0.811  0.223  0.749 |                0.337 0.202 0.203 |               0.44 0.25 0.22 | 1 2 3
RRR     4 |  0.999  0.997  0.993  0.986  0.994 |          0.337 0.202 0.203 0.028 |          0.44 0.25 0.22 0.03 | 1 2 3 4
RRR     5 |  0.999  0.997  0.993  0.986  0.994 |          0.337 0.202 0.203 0.028 |          0.44 0.25 0.22 0.03 | 1 2 3 4
RRR     6 |  0.999  0.997  0.993  0.986  0.994 |          0.337 0.202 0.203 0.028 |          0.44 0.25 0.22 0.03 | 1 2 3 4
RRR    k95 = 4  (95% of best total held-out R² 0.994)
PLS2    1 |  0.573  0.079  0.210  0.023  0.221 |                            0.380 |                         0.48 | 1
PLS2    2 |  0.602  0.510  0.455  0.070  0.410 |                      0.380 0.282 |                    0.48 0.35 | 1 2
PLS2    3 |  0.950  0.778  0.585  0.090  0.601 |                0.380 0.282 0.085 |               0.48 0.35 0.10 | 1 2 1
PLS2    4 |  0.950  0.868  0.587  0.390  0.699 |          0.380 0.282 0.085 0.023 |          0.48 0.35 0.10 0.02 | 1 2 1 4
PLS2    5 |  0.950  0.868  0.632  0.550  0.750 |          0.380 0.282 0.085 0.023 |          0.48 0.35 0.10 0.02 | 1 2 1 4 4
PLS2    6 |  0.968  0.868  0.667  0.607  0.778 |          0.380 0.282 0.085 0.023 |          0.48 0.35 0.10 0.02 | 1 2 1 4 4 4
PLS2   k95 = 5  (95% of best total held-out R² 0.778)

=== L43 R0 ===

--- matrix pooled: train 1440, test 432; RRR alpha 1 (CV total R² 0.895) ---
estimator  k |  R2 d1  R2 d2  R2 d3  R2 d4  total | test-variance share per response dir |      centroid-variance share | degree per component
RRR     1 |  0.954  0.019  0.007  0.002  0.245 |                            0.297 |                         0.74 | 1
RRR     2 |  0.965  0.829  0.094  0.002  0.472 |                      0.297 0.145 |                    0.74 0.19 | 1 2
RRR     3 |  0.979  0.911  0.752  0.036  0.670 |                0.297 0.145 0.029 |               0.74 0.19 0.02 | 1 2 3
RRR     4 |  0.979  0.916  0.785  0.688  0.842 |          0.297 0.145 0.029 0.061 |          0.74 0.19 0.02 0.02 | 1 2 3 4
RRR     5 |  0.979  0.916  0.785  0.688  0.842 |          0.297 0.145 0.029 0.061 |          0.74 0.19 0.02 0.02 | 1 2 3 4
RRR     6 |  0.979  0.916  0.785  0.688  0.842 |          0.297 0.145 0.029 0.061 |          0.74 0.19 0.02 0.02 | 1 2 3 4
RRR    k95 = 4  (95% of best total held-out R² 0.842)
PLS2    1 |  0.339 -0.004  0.011 -0.004  0.086 |                            0.384 |                         0.86 | 1
PLS2    2 |  0.623  0.121  0.013  0.034  0.198 |                      0.384 0.072 |                    0.86 0.08 | 1 1
PLS2    3 |  0.780  0.139  0.014  0.029  0.240 |                0.384 0.072 0.052 |               0.86 0.08 0.01 | 1 1 1
PLS2    4 |  0.808  0.157  0.015  0.030  0.252 |          0.384 0.072 0.052 0.024 |          0.86 0.08 0.01 0.01 | 1 1 1 2
PLS2    5 |  0.806  0.380  0.069  0.010  0.316 |          0.384 0.072 0.052 0.024 |          0.86 0.08 0.01 0.01 | 1 1 1 2 2
PLS2    6 |  0.810  0.453  0.070  0.010  0.336 |          0.384 0.072 0.052 0.024 |          0.86 0.08 0.01 0.01 | 1 1 1 2 2 2
PLS2   k95 = 6  (95% of best total held-out R² 0.336)

--- matrix LEACE(cell+par): train 1440, test 432; RRR alpha 1 (CV total R² 0.900) ---
estimator  k |  R2 d1  R2 d2  R2 d3  R2 d4  total | test-variance share per response dir |      centroid-variance share | degree per component
RRR     1 |  0.955  0.018  0.007  0.002  0.245 |                            0.422 |                         0.75 | 1
RRR     2 |  0.965  0.819  0.102  0.002  0.472 |                      0.422 0.199 |                    0.75 0.18 | 1 2
RRR     3 |  0.979  0.910  0.745  0.039  0.668 |                0.422 0.199 0.035 |               0.75 0.18 0.02 | 1 2 3
RRR     4 |  0.979  0.916  0.780  0.687  0.841 |          0.422 0.199 0.035 0.063 |          0.75 0.18 0.02 0.02 | 1 2 3 4
RRR     5 |  0.979  0.916  0.780  0.687  0.841 |          0.422 0.199 0.035 0.063 |          0.75 0.18 0.02 0.02 | 1 2 3 4
RRR     6 |  0.979  0.916  0.780  0.687  0.841 |          0.422 0.199 0.035 0.063 |          0.75 0.18 0.02 0.02 | 1 2 3 4
RRR    k95 = 4  (95% of best total held-out R² 0.841)
PLS2    1 |  0.404 -0.004  0.015 -0.005  0.102 |                            0.537 |                         0.86 | 1
PLS2    2 |  0.649  0.134  0.016  0.035  0.208 |                      0.537 0.108 |                    0.86 0.08 | 1 1
PLS2    3 |  0.833  0.150  0.017  0.032  0.258 |                0.537 0.108 0.029 |               0.86 0.08 0.01 | 1 1 1
PLS2    4 |  0.832  0.399  0.081  0.005  0.330 |          0.537 0.108 0.029 0.046 |          0.86 0.08 0.01 0.01 | 1 1 1 2
PLS2    5 |  0.840  0.502  0.055  0.005  0.350 |          0.537 0.108 0.029 0.046 |          0.86 0.08 0.01 0.01 | 1 1 1 2 2
PLS2    6 |  0.883  0.503  0.058  0.011  0.364 |          0.537 0.108 0.029 0.046 |          0.86 0.08 0.01 0.01 | 1 1 1 2 2 1
PLS2   k95 = 5  (95% of best total held-out R² 0.364)

--- matrix structured|investment: train 240, test 72; RRR alpha 1 (CV total R² 0.906) ---
estimator  k |  R2 d1  R2 d2  R2 d3  R2 d4  total | test-variance share per response dir |      centroid-variance share | degree per component
RRR     1 |  0.934  0.032  0.004  0.003  0.243 |                            0.101 |                         0.28 | 1
RRR     2 |  0.950  0.687  0.245  0.014  0.474 |                      0.101 0.082 |                    0.28 0.13 | 1 2
RRR     3 |  0.973  0.805  0.590  0.187  0.639 |                0.101 0.082 0.473 |               0.28 0.13 0.39 | 1 2 3
RRR     4 |  0.974  0.865  0.827  0.613  0.820 |          0.101 0.082 0.473 0.025 |          0.28 0.13 0.39 0.01 | 1 2 3 4
RRR     5 |  0.974  0.865  0.827  0.613  0.820 |          0.101 0.082 0.473 0.025 |          0.28 0.13 0.39 0.01 | 1 2 3 4
RRR     6 |  0.974  0.865  0.827  0.613  0.820 |          0.101 0.082 0.473 0.025 |          0.28 0.13 0.39 0.01 | 1 2 3 4
RRR    k95 = 4  (95% of best total held-out R² 0.820)
PLS2    1 |  0.748  0.057  0.006  0.019  0.208 |                            0.083 |                         0.24 | 1
PLS2    2 |  0.745  0.144 -0.003  0.027  0.228 |                      0.083 0.451 |                    0.24 0.48 | 1 1
PLS2    3 |  0.841  0.446  0.079  0.020  0.347 |                0.083 0.451 0.127 |               0.24 0.48 0.09 | 1 1 2
PLS2    4 |  0.862  0.558  0.082  0.009  0.378 |          0.083 0.451 0.127 0.020 |          0.24 0.48 0.09 0.01 | 1 1 2 2
PLS2    5 |  0.855  0.549  0.106  0.069  0.395 |          0.083 0.451 0.127 0.020 |          0.24 0.48 0.09 0.01 | 1 1 2 2 4
PLS2    6 |  0.887  0.602  0.183  0.103  0.444 |          0.083 0.451 0.127 0.020 |          0.24 0.48 0.09 0.01 | 1 1 2 2 4 2
PLS2   k95 = 6  (95% of best total held-out R² 0.444)

--- canonical (1890 rows, 17 horizons): train 1512, test 378; RRR alpha 1 (CV total R² 0.961) ---
estimator  k |  R2 d1  R2 d2  R2 d3  R2 d4  total | test-variance share per response dir |      centroid-variance share | degree per component
RRR     1 |  0.946  0.051  0.001  0.003  0.250 |                            0.375 |                         0.66 | 1
RRR     2 |  0.976  0.802  0.181  0.031  0.497 |                      0.375 0.134 |                    0.66 0.15 | 1 2
RRR     3 |  0.996  0.975  0.748  0.228  0.736 |                0.375 0.134 0.126 |               0.66 0.15 0.07 | 1 2 3
RRR     4 |  0.996  0.981  0.963  0.929  0.967 |          0.375 0.134 0.126 0.028 |          0.66 0.15 0.07 0.01 | 1 2 3 4
RRR     5 |  0.996  0.981  0.963  0.929  0.967 |          0.375 0.134 0.126 0.028 |          0.66 0.15 0.07 0.01 | 1 2 3 4
RRR     6 |  0.996  0.981  0.963  0.929  0.967 |          0.375 0.134 0.126 0.028 |          0.66 0.15 0.07 0.01 | 1 2 3 4
RRR    k95 = 4  (95% of best total held-out R² 0.967)
PLS2    1 |  0.292  0.000  0.002 -0.003  0.073 |                            0.414 |                         0.66 | 1
PLS2    2 |  0.799  0.100  0.009  0.005  0.228 |                      0.414 0.180 |                    0.66 0.18 | 1 1
PLS2    3 |  0.851  0.489  0.072  0.005  0.354 |                0.414 0.180 0.051 |               0.66 0.18 0.04 | 1 1 2
PLS2    4 |  0.854  0.603  0.151  0.023  0.407 |          0.414 0.180 0.051 0.019 |          0.66 0.18 0.04 0.01 | 1 1 2 2
PLS2    5 |  0.872  0.603  0.247  0.219  0.485 |          0.414 0.180 0.051 0.019 |          0.66 0.18 0.04 0.01 | 1 1 2 2 4
PLS2    6 |  0.885  0.603  0.329  0.232  0.512 |          0.414 0.180 0.051 0.019 |          0.66 0.18 0.04 0.01 | 1 1 2 2 4 3
PLS2   k95 = 6  (95% of best total held-out R² 0.512)

--- extended (1927 rows, 25 horizons): train 1541, test 386; RRR alpha 1 (CV total R² 0.978) ---
estimator  k |  R2 d1  R2 d2  R2 d3  R2 d4  total | test-variance share per response dir |      centroid-variance share | degree per component
RRR     1 |  0.953  0.030  0.001  0.017  0.251 |                            0.215 |                         0.40 | 1
RRR     2 |  0.988  0.953  0.001  0.050  0.499 |                      0.215 0.144 |                    0.40 0.20 | 1 2
RRR     3 |  0.988  0.959  0.876  0.148  0.743 |                0.215 0.144 0.174 |               0.40 0.20 0.21 | 1 2 3
RRR     4 |  0.997  0.992  0.973  0.951  0.978 |          0.215 0.144 0.174 0.010 |          0.40 0.20 0.21 0.02 | 1 2 3 4
RRR     5 |  0.997  0.992  0.973  0.951  0.978 |          0.215 0.144 0.174 0.010 |          0.40 0.20 0.21 0.02 | 1 2 3 4
RRR     6 |  0.997  0.992  0.973  0.951  0.978 |          0.215 0.144 0.174 0.010 |          0.40 0.20 0.21 0.02 | 1 2 3 4
RRR    k95 = 4  (95% of best total held-out R² 0.978)
PLS2    1 |  0.326  0.031  0.085  0.008  0.113 |                            0.268 |                         0.44 | 1
PLS2    2 |  0.584  0.284  0.087  0.054  0.252 |                      0.268 0.199 |                    0.44 0.26 | 1 2
PLS2    3 |  0.754  0.513  0.096  0.042  0.352 |                0.268 0.199 0.064 |               0.44 0.26 0.11 | 1 2 2
PLS2    4 |  0.804  0.514  0.555  0.051  0.482 |          0.268 0.199 0.064 0.011 |          0.44 0.26 0.11 0.01 | 1 2 2 3
PLS2    5 |  0.870  0.787  0.568  0.061  0.572 |          0.268 0.199 0.064 0.011 |          0.44 0.26 0.11 0.01 | 1 2 2 3 2
PLS2    6 |  0.878  0.820  0.624  0.377  0.675 |          0.268 0.199 0.064 0.011 |          0.44 0.26 0.11 0.01 | 1 2 2 3 2 4
PLS2   k95 = 6  (95% of best total held-out R² 0.675)

wrote figures/gemma-4-31b_matrix_s0/pls
