control configs: 10 (nuisance fit on 6, pull measured on 4); pairs mention 240, role 240

=== L33 T3 ===
decoder                             A w2x  A rmse  mention pull  slope   w2x  role pull  slope   w2x
ridge                                0.69   0.343        +0.542  +0.11  0.51     -0.042  -0.00  0.51
ridge − N(mention,k=1)               0.69   0.344        +0.601  +0.12  0.51     -0.031  -0.00  0.53
ridge − N(mention,k=2)               0.69   0.344        +0.594  +0.11  0.53     -0.036  -0.00  0.51
ridge − N(mention,k=3)               0.69   0.344        +0.559  +0.11  0.52     -0.034  -0.00  0.51
ridge − N(mention,k=5)               0.70   0.344        +0.581  +0.11  0.51     -0.029  -0.00  0.53
ridge − N(role,k=1)                  0.69   0.343        +0.540  +0.11  0.52     -0.047  -0.00  0.50
ridge − N(role,k=2)                  0.68   0.343        +0.544  +0.11  0.53     -0.004  +0.01  0.47
ridge − N(role,k=3)                  0.68   0.343        +0.545  +0.11  0.53     +0.058  +0.02  0.49
ridge − N(role,k=5)                  0.69   0.344        +0.553  +0.11  0.54     +0.083  +0.03  0.55
ridge − N(both,k=1)                  0.68   0.343        +0.545  +0.11  0.52     -0.038  -0.00  0.50
ridge − N(both,k=2)                  0.69   0.344        +0.596  +0.11  0.55     -0.024  +0.00  0.52
ridge − N(both,k=3)                  0.69   0.344        +0.599  +0.12  0.50     -0.014  +0.00  0.53
ridge − N(both,k=5)                  0.68   0.344        +0.535  +0.11  0.50     +0.026  +0.01  0.52
ridge + control prompts in training   0.67   0.333        +0.365  +0.05  0.71     +0.049  +0.01  0.73
nuisance(mention) v1: energy k=1 0.28, k=3 0.49; angle to ridge weight 90°, to curve plane 65°
nuisance(role) v1: energy k=1 0.37, k=3 0.53; angle to ridge weight 90°, to curve plane 69°
bootstrap (30): ridge A w2x [+0.61, +0.72] mention pull [+0.32, +0.51] role pull [-0.13, +0.23] | ridge − N(both,3): A w2x [+0.62, +0.72] mention pull [+0.33, +0.53] role pull [-0.10, +0.23]

=== L39 T1 ===
decoder                             A w2x  A rmse  mention pull  slope   w2x  role pull  slope   w2x
ridge                                0.64   0.388        +0.541  +0.21  0.29     +0.456  +0.17  0.46
ridge − N(mention,k=1)               0.64   0.384        +0.583  +0.21  0.34     +0.450  +0.17  0.45
ridge − N(mention,k=2)               0.64   0.384        +0.575  +0.21  0.32     +0.457  +0.17  0.46
ridge − N(mention,k=3)               0.64   0.384        +0.556  +0.21  0.33     +0.457  +0.17  0.46
ridge − N(mention,k=5)               0.65   0.384        +0.535  +0.21  0.30     +0.456  +0.16  0.45
ridge − N(role,k=1)                  0.64   0.388        +0.549  +0.21  0.29     +0.459  +0.17  0.47
ridge − N(role,k=2)                  0.64   0.388        +0.551  +0.21  0.31     +0.464  +0.17  0.46
ridge − N(role,k=3)                  0.64   0.388        +0.535  +0.21  0.30     +0.449  +0.16  0.46
ridge − N(role,k=5)                  0.62   0.386        +0.531  +0.20  0.31     +0.450  +0.15  0.50
ridge − N(both,k=1)                  0.64   0.386        +0.575  +0.21  0.32     +0.450  +0.16  0.46
ridge − N(both,k=2)                  0.64   0.386        +0.573  +0.21  0.33     +0.452  +0.16  0.47
ridge − N(both,k=3)                  0.64   0.386        +0.529  +0.20  0.30     +0.445  +0.16  0.44
ridge − N(both,k=5)                  0.64   0.386        +0.545  +0.21  0.32     +0.447  +0.16  0.46
ridge + control prompts in training   0.63   0.359        +0.394  +0.11  0.48     +0.351  +0.11  0.50
nuisance(mention) v1: energy k=1 0.22, k=3 0.52; angle to ridge weight 90°, to curve plane 83°
nuisance(role) v1: energy k=1 0.20, k=3 0.48; angle to ridge weight 90°, to curve plane 73°
bootstrap (30): ridge A w2x [+0.57, +0.65] mention pull [+0.44, +0.65] role pull [+0.42, +0.51] | ridge − N(both,3): A w2x [+0.57, +0.66] mention pull [+0.45, +0.67] role pull [+0.42, +0.50]

=== L33 R0 ===
decoder                             A w2x  A rmse  mention pull  slope   w2x  role pull  slope   w2x
ridge                                0.93   0.163        +0.560  +0.07  0.78     +0.447  +0.11  0.50
ridge − N(mention,k=1)               0.93   0.163        +0.556  +0.07  0.78     +0.454  +0.11  0.51
ridge − N(mention,k=2)               0.93   0.162        +0.591  +0.06  0.86     +0.455  +0.11  0.50
ridge − N(mention,k=3)               0.93   0.162        +0.350  +0.03  0.92     +0.450  +0.11  0.50
ridge − N(mention,k=5)               0.92   0.163        +0.234  +0.02  0.94     +0.433  +0.10  0.51
ridge − N(role,k=1)                  0.93   0.163        +0.561  +0.07  0.77     +0.466  +0.12  0.52
ridge − N(role,k=2)                  0.93   0.163        +0.564  +0.07  0.77     +0.227  +0.06  0.55
ridge − N(role,k=3)                  0.93   0.163        +0.579  +0.06  0.83     +0.340  +0.07  0.66
ridge − N(role,k=5)                  0.93   0.163        +0.543  +0.06  0.84     +0.259  +0.05  0.85
ridge − N(both,k=1)                  0.93   0.163        +0.561  +0.07  0.77     +0.464  +0.12  0.52
ridge − N(both,k=2)                  0.93   0.163        +0.558  +0.07  0.79     +0.480  +0.12  0.51
ridge − N(both,k=3)                  0.92   0.164        +0.496  +0.07  0.68     +0.133  +0.04  0.53
ridge − N(both,k=5)                  0.92   0.162        +0.197  +0.02  0.95     +0.374  +0.06  0.81
ridge + control prompts in training   0.93   0.162        +0.229  +0.01  0.99     +0.284  +0.02  0.98
nuisance(mention) v1: energy k=1 0.48, k=3 0.70; angle to ridge weight 90°, to curve plane 88°
nuisance(role) v1: energy k=1 0.73, k=3 0.85; angle to ridge weight 90°, to curve plane 83°
bootstrap (30): ridge A w2x [+0.86, +0.93] mention pull [+0.41, +0.66] role pull [+0.26, +0.59] | ridge − N(both,3): A w2x [+0.86, +0.93] mention pull [+0.38, +0.63] role pull [-0.05, +0.39]

=== sweep: ridge vs ridge − N(both, k=3): new-scenario w2x | mention pull | role pull ===
layer                      T0                      T1                      T2                      T3                      T4                      T5                      T6                      T7                      T8                      R0
L21    0.81→0.81|+0.65→+0.70|+0.30→+0.26  0.78→0.78|+0.29→+0.31|+0.56→+0.54  0.84→0.84|+0.77→+0.82|+0.72→+0.51  0.82→0.83|+0.35→+0.81|+0.29→+0.35  0.64→0.63|+0.58→+0.66|+0.33→+0.31  0.90→0.90|+0.89→+0.73|+0.58→+0.55  0.75→0.75|+0.86→+0.95|+0.53→+0.55  0.94→0.94|+0.85→+0.83|+0.69→+0.75  0.68→0.67|+0.75→+0.77|+0.50→+0.44  0.69→0.69|+0.77→+0.74|+0.86→+0.80
L27    0.92→0.92|+0.61→+0.51|+0.80→+0.70  0.68→0.68|+0.29→+0.29|+0.41→+0.43  0.95→0.95|+0.44→+0.34|+0.95→+0.88  0.77→0.77|+0.67→+0.57|+0.68→+0.65  0.57→0.59|+0.26→+0.16|+0.45→+0.44  0.67→0.67|+0.44→+0.41|+0.23→+0.24  0.64→0.64|+0.44→+0.51|+0.21→+0.23  0.85→0.85|+0.56→+0.54|+0.26→+0.30  0.93→0.93|+0.37→+0.36|+0.91→+0.65  0.96→0.96|+0.73→+0.75|+0.93→+0.89
L33    0.90→0.91|+0.30→+0.22|+0.97→+0.55  0.66→0.68|+0.56→+0.51|+0.25→+0.20  0.94→0.94|+0.36→+0.35|+0.71→+0.65  0.69→0.69|+0.54→+0.60|-0.04→-0.01  0.60→0.61|+0.63→+0.67|+0.18→+0.15  0.56→0.56|+0.12→+0.24|+0.12→+0.12  0.73→0.72|+0.48→+0.57|+0.07→+0.15  0.78→0.78|+0.46→+0.44|+0.38→+0.42  0.90→0.90|+0.50→+0.51|+0.79→+0.57  0.93→0.92|+0.56→+0.50|+0.45→+0.13
L39    0.88→0.88|+0.18→+0.27|+0.91→+0.54  0.64→0.64|+0.54→+0.53|+0.46→+0.45  0.82→0.82|+0.27→+0.26|+0.34→+0.32  0.64→0.64|+0.28→+0.29|+0.34→+0.38  0.54→0.54|+0.63→+0.50|+0.31→+0.27  0.42→0.43|+0.23→+0.21|-0.22→-0.22  0.61→0.62|+0.24→+0.26|-0.04→+0.01  0.73→0.74|+0.57→+0.57|+0.29→+0.33  0.90→0.90|+0.37→+0.12|+0.55→+0.25  0.92→0.92|+0.20→+0.17|+0.71→+0.70
L43    0.81→0.81|+0.38→+0.30|+0.83→+0.79  0.62→0.61|+0.49→+0.45|+0.22→+0.17  0.87→0.86|-0.25→-0.25|+0.46→+0.39  0.57→0.56|+0.50→+0.49|+0.41→+0.44  0.49→0.48|+0.24→+0.44|+0.24→+0.24  0.43→0.44|+0.20→+0.18|+0.24→+0.21  0.51→0.50|+0.23→+0.20|+0.26→+0.19  0.65→0.65|+0.36→+0.37|+0.00→+0.00  0.85→0.84|+0.13→+0.05|+0.81→+0.66  0.84→0.84|+0.12→+0.09|+0.60→+0.61
L50    0.77→0.77|+0.25→+0.29|+0.78→+0.82  0.55→0.55|+0.52→+0.51|+0.39→+0.39  0.84→0.85|-0.21→-0.12|+0.33→+0.31  0.51→0.51|+0.41→+0.41|+0.16→+0.16  0.41→0.41|+0.39→+0.64|+0.30→+0.31  0.38→0.38|+0.20→+0.20|+0.19→+0.19  0.43→0.42|+0.18→+0.17|+0.28→+0.26  0.61→0.60|+0.26→+0.23|+0.09→+0.09  0.80→0.80|-0.07→-0.17|+0.52→+0.36  0.79→0.80|+0.00→-0.05|+0.48→+0.59
L55    0.76→0.76|+0.15→+0.21|+0.66→+0.76  0.45→0.46|+0.52→+0.52|+0.43→+0.44  0.83→0.83|-0.27→-0.18|+0.32→+0.33  0.48→0.47|+0.21→+0.21|+0.15→+0.14  0.42→0.41|+0.32→+0.45|+0.30→+0.29  0.33→0.32|+0.25→+0.26|+0.12→+0.14  0.43→0.43|+0.26→+0.26|+0.44→+0.41  0.58→0.57|+0.25→+0.25|+0.17→+0.18  0.79→0.78|-0.02→-0.12|+0.50→+0.32  0.77→0.78|+0.10→+0.01|+0.48→+0.54
cells with projected w2x >= 0.85: 15/70; among them min |mention pull| 0.12, min |role pull| 0.13
 layer position  ridge_A_w2x  proj3_A_w2x  ridge_mention_pull  proj3_mention_pull  ridge_role_pull  proj3_role_pull
    39       T8        0.899        0.899               0.369               0.125            0.555            0.250
    33       R0        0.931        0.924               0.560               0.496            0.447            0.133
    43       T2        0.868        0.865              -0.252              -0.246            0.460            0.393
    33       T0        0.903        0.910               0.301               0.225            0.969            0.548
    39       T0        0.875        0.875               0.182               0.265            0.910            0.537
wrote figures/gemma-4-31b_matrix_s0/relevance
