
################ canonical investment: n=2000, stakes levels [1000.0, 2500.0, 5000.0, 10000.0, 25000.0, 50000.0, 100000.0]
behaviour: standardised logistic coefficients for chose_short (90% bootstrap interval):
   log H            -5.201  [-5.620, -4.836]
   log ratio        -1.120  [-1.297, -0.959]
   log stakes       +0.078  [-0.070, +0.227]
   log short delay  -0.155  [-0.318, +0.007]
   log long delay   +2.450  [+2.274, +2.683]
   short first      +0.005  [-0.149, +0.148]
   stratum low  n= 518: P(short) 0.79; fitted switch horizon 10^1.23 = 17.05 y
   stratum mid  n= 549: P(short) 0.76; fitted switch horizon 10^1.20 = 15.82 y
   stratum high n= 821: P(short) 0.78; fitted switch horizon 10^1.23 = 17.16 y

=== L33 T3 (n=1890) ===
(a) ridge R² 5-fold: log H 0.997  log stakes 0.967  log ratio 0.948;  |rho(PC1-3, stakes)| [0.01, 0.06, 0.16] vs H [0.87, 0.0, 0.24]
    centroid ordinality / split-half |cos| / chord (within-spread units): stakes 0.86 / 0.62 / 0.29;  ratio 1.00 / 0.94 / 0.31;  horizon 0.96 / 1.00 / 1.57;  angle(stakes dir, horizon dir) 85°
(b) per stratum |rho(PC1, H)| low 0.84 mid 0.86 high 0.83;  chord/spread low 1.71 mid 1.70 high 1.59
    angle between strata horizon directions (PC1 / top-2 subspace): low-mid 29°/44°  mid-high 11°/14°  low-high 23°/35°
    frozen ridge for log H across strata: low→high: within-2x 0.90, RMSE 0.195 dec, R² 0.979 (in-high CV R² 0.997); high→low: within-2x 0.89, RMSE 0.188 dec, R² 0.981 (in-low CV R² 0.992)
    quad curve model, stratum as context, 5-fold R²: none 0.2469  offset 0.2525  interaction 0.2610

=== L55 T3 (n=1890) ===
(a) ridge R² 5-fold: log H 0.986  log stakes 0.660  log ratio 0.619;  |rho(PC1-3, stakes)| [0.02, 0.04, 0.04] vs H [0.08, 0.38, 0.37]
    centroid ordinality / split-half |cos| / chord (within-spread units): stakes 0.39 / 0.42 / 0.20;  ratio 0.90 / 0.87 / 0.19;  horizon 0.78 / 0.96 / 1.06;  angle(stakes dir, horizon dir) 86°
(b) per stratum |rho(PC1, H)| low 0.17 mid 0.05 high 0.05;  chord/spread low 1.26 mid 1.13 high 1.01
    angle between strata horizon directions (PC1 / top-2 subspace): low-mid 44°/36°  mid-high 19°/18°  low-high 34°/29°
    frozen ridge for log H across strata: low→high: within-2x 0.80, RMSE 0.277 dec, R² 0.959 (in-high CV R² 0.983); high→low: within-2x 0.83, RMSE 0.278 dec, R² 0.958 (in-low CV R² 0.960)
    quad curve model, stratum as context, 5-fold R²: none 0.1094  offset 0.1110  interaction 0.1129

=== L33 R0 (n=1890) ===
(a) ridge R² 5-fold: log H 0.999  log stakes 0.992  log ratio 0.979;  |rho(PC1-3, stakes)| [0.02, 0.08, 0.1] vs H [0.91, 0.21, 0.04]
    centroid ordinality / split-half |cos| / chord (within-spread units): stakes 0.93 / 0.92 / 0.57;  ratio 1.00 / 0.96 / 0.42;  horizon 0.97 / 1.00 / 3.22;  angle(stakes dir, horizon dir) 86°
(b) per stratum |rho(PC1, H)| low 0.90 mid 0.91 high 0.92;  chord/spread low 3.07 mid 3.26 high 3.30
    angle between strata horizon directions (PC1 / top-2 subspace): low-mid 5°/9°  mid-high 4°/10°  low-high 7°/11°
    frozen ridge for log H across strata: low→high: within-2x 0.99, RMSE 0.122 dec, R² 0.992 (in-high CV R² 0.998); high→low: within-2x 1.00, RMSE 0.106 dec, R² 0.994 (in-low CV R² 0.997)
    quad curve model, stratum as context, 5-fold R²: none 0.5535  offset 0.5655  interaction 0.5662

=== L43 R0 (n=1890) ===
(a) ridge R² 5-fold: log H 0.996  log stakes 0.984  log ratio 0.961;  |rho(PC1-3, stakes)| [0.11, 0.04, 0.09] vs H [0.27, 0.35, 0.8]
    centroid ordinality / split-half |cos| / chord (within-spread units): stakes 0.89 / 0.84 / 0.42;  ratio 1.00 / 0.27 / 0.29;  horizon 0.98 / 1.00 / 1.57;  angle(stakes dir, horizon dir) 60°
(b) per stratum |rho(PC1, H)| low 0.26 mid 0.28 high 0.29;  chord/spread low 1.50 mid 1.59 high 1.62
    angle between strata horizon directions (PC1 / top-2 subspace): low-mid 9°/18°  mid-high 6°/17°  low-high 10°/16°
    frozen ridge for log H across strata: low→high: within-2x 0.93, RMSE 0.168 dec, R² 0.985 (in-high CV R² 0.993); high→low: within-2x 0.93, RMSE 0.170 dec, R² 0.984 (in-low CV R² 0.991)
    quad curve model, stratum as context, 5-fold R²: none 0.1446  offset 0.1541  interaction 0.1530

################ matrix main investment: n=1080, stakes levels [1000.0, 2500.0, 5000.0, 10000.0, 25000.0, 50000.0, 100000.0]
behaviour: standardised logistic coefficients for chose_short (90% bootstrap interval):
   log H            -4.467  [-5.111, -4.117]
   log ratio        -0.974  [-1.175, -0.803]
   log stakes       +0.115  [-0.139, +0.355]
   log short delay  -0.191  [-0.420, +0.043]
   log long delay   +2.248  [+2.025, +2.618]
   short first      -0.131  [-0.372, +0.089]
   stratum low  n= 252: P(short) 0.74; fitted switch horizon 10^1.10 = 12.46 y
   stratum mid  n= 395: P(short) 0.83; fitted switch horizon 10^1.58 = 37.63 y
   stratum high n= 432: P(short) 0.81; fitted switch horizon 10^1.48 = 30.02 y

=== L33 T3 (n=1080) ===
(a) ridge R² 5-fold: log H 0.981  log stakes 0.901  log ratio 0.910;  |rho(PC1-3, stakes)| [0.03, 0.04, 0.13] vs H [0.46, 0.49, 0.43]
    centroid ordinality / split-half |cos| / chord (within-spread units): stakes 0.93 / 0.43 / 0.24;  ratio 0.10 / 0.52 / 0.22;  horizon 0.95 / 0.99 / 0.99;  angle(stakes dir, horizon dir) 80°
(b) per stratum |rho(PC1, H)| low 0.55 mid 0.44 high 0.42;  chord/spread low 1.03 mid 1.01 high 0.99
    angle between strata horizon directions (PC1 / top-2 subspace): low-mid 17°/24°  mid-high 11°/17°  low-high 19°/32°
    frozen ridge for log H across strata: low→high: within-2x 0.67, RMSE 0.352 dec, R² 0.934 (in-high CV R² 0.961); high→low: within-2x 0.74, RMSE 0.295 dec, R² 0.954 (in-low CV R² 0.948)
    quad curve model, stratum as context, 5-fold R²: none 0.1238  offset 0.1259  interaction 0.1234

=== L55 T3 (n=1080) ===
(a) ridge R² 5-fold: log H 0.937  log stakes 0.376  log ratio 0.347;  |rho(PC1-3, stakes)| [0.04, 0.0, 0.07] vs H [0.53, 0.17, 0.03]
    centroid ordinality / split-half |cos| / chord (within-spread units): stakes 0.29 / 0.27 / 0.24;  ratio 0.80 / 0.13 / 0.19;  horizon 0.97 / 0.99 / 0.84;  angle(stakes dir, horizon dir) 76°
(b) per stratum |rho(PC1, H)| low 0.63 mid 0.51 high 0.50;  chord/spread low 0.95 mid 0.87 high 0.81
    angle between strata horizon directions (PC1 / top-2 subspace): low-mid 18°/39°  mid-high 12°/29°  low-high 19°/55°
    frozen ridge for log H across strata: low→high: within-2x 0.44, RMSE 0.595 dec, R² 0.811 (in-high CV R² 0.888); high→low: within-2x 0.47, RMSE 0.529 dec, R² 0.851 (in-low CV R² 0.874)
    quad curve model, stratum as context, 5-fold R²: none 0.0823  offset 0.0823  interaction 0.0802

=== L33 R0 (n=1080) ===
(a) ridge R² 5-fold: log H 0.994  log stakes 0.973  log ratio 0.958;  |rho(PC1-3, stakes)| [0.05, 0.02, 0.13] vs H [0.35, 0.84, 0.4]
    centroid ordinality / split-half |cos| / chord (within-spread units): stakes 0.86 / 0.47 / 0.28;  ratio 0.30 / 0.32 / 0.24;  horizon 0.98 / 1.00 / 1.25;  angle(stakes dir, horizon dir) 81°
(b) per stratum |rho(PC1, H)| low 0.34 mid 0.38 high 0.33;  chord/spread low 1.21 mid 1.25 high 1.28
    angle between strata horizon directions (PC1 / top-2 subspace): low-mid 8°/14°  mid-high 8°/7°  low-high 12°/16°
    frozen ridge for log H across strata: low→high: within-2x 0.79, RMSE 0.263 dec, R² 0.963 (in-high CV R² 0.989); high→low: within-2x 0.87, RMSE 0.215 dec, R² 0.975 (in-low CV R² 0.988)
    quad curve model, stratum as context, 5-fold R²: none 0.1648  offset 0.1693  interaction 0.1647

=== L43 R0 (n=1080) ===
(a) ridge R² 5-fold: log H 0.988  log stakes 0.939  log ratio 0.909;  |rho(PC1-3, stakes)| [0.17, 0.12, 0.04] vs H [0.21, 0.04, 0.49]
    centroid ordinality / split-half |cos| / chord (within-spread units): stakes 0.86 / 0.96 / 0.39;  ratio 0.30 / 0.92 / 0.33;  horizon 0.93 / 0.99 / 1.08;  angle(stakes dir, horizon dir) 31°
(b) per stratum |rho(PC1, H)| low 0.45 mid 0.27 high 0.08;  chord/spread low 1.43 mid 1.14 high 0.86
    angle between strata horizon directions (PC1 / top-2 subspace): low-mid 8°/14°  mid-high 32°/17°  low-high 38°/21°
    frozen ridge for log H across strata: low→high: within-2x 0.56, RMSE 0.408 dec, R² 0.911 (in-high CV R² 0.981); high→low: within-2x 0.65, RMSE 0.297 dec, R² 0.953 (in-low CV R² 0.975)
    quad curve model, stratum as context, 5-fold R²: none 0.1109  offset 0.1285  interaction 0.1343

################ matrix main climate: n=1080, stakes levels [1000.0, 2500.0, 5000.0, 10000.0, 25000.0, 50000.0, 100000.0]
behaviour: standardised logistic coefficients for chose_short (90% bootstrap interval):
   log H            -4.942  [-5.621, -4.399]
   log ratio        -0.827  [-1.024, -0.670]
   log stakes       -0.162  [-0.377, +0.057]
   log short delay  -0.274  [-0.463, -0.099]
   log long delay   +1.975  [+1.722, +2.328]
   short first      +0.254  [+0.099, +0.443]
   stratum low  n= 250: P(short) 0.72; fitted switch horizon 10^1.04 = 11.09 y
   stratum mid  n= 394: P(short) 0.76; fitted switch horizon 10^1.20 = 16.00 y
   stratum high n= 430: P(short) 0.74; fitted switch horizon 10^1.09 = 12.42 y

=== L33 T3 (n=1080) ===
(a) ridge R² 5-fold: log H 0.976  log stakes 0.856  log ratio 0.880;  |rho(PC1-3, stakes)| [0.1, 0.03, 0.01] vs H [0.63, 0.21, 0.11]
    centroid ordinality / split-half |cos| / chord (within-spread units): stakes 0.50 / 0.86 / 0.32;  ratio 0.50 / 0.84 / 0.27;  horizon 0.88 / 0.99 / 1.27;  angle(stakes dir, horizon dir) 54°
(b) per stratum |rho(PC1, H)| low 0.66 mid 0.65 high 0.60;  chord/spread low 1.30 mid 1.34 high 1.21
    angle between strata horizon directions (PC1 / top-2 subspace): low-mid 11°/26°  mid-high 9°/17°  low-high 12°/29°
    frozen ridge for log H across strata: low→high: within-2x 0.50, RMSE 0.488 dec, R² 0.873 (in-high CV R² 0.948); high→low: within-2x 0.67, RMSE 0.353 dec, R² 0.934 (in-low CV R² 0.957)
    quad curve model, stratum as context, 5-fold R²: none 0.1628  offset 0.1645  interaction 0.1610

=== L55 T3 (n=1080) ===
(a) ridge R² 5-fold: log H 0.866  log stakes 0.316  log ratio 0.482;  |rho(PC1-3, stakes)| [0.05, 0.06, 0.03] vs H [0.6, 0.05, 0.14]
    centroid ordinality / split-half |cos| / chord (within-spread units): stakes 0.25 / 0.18 / 0.21;  ratio 0.90 / 0.27 / 0.22;  horizon 0.85 / 0.99 / 0.98;  angle(stakes dir, horizon dir) 52°
(b) per stratum |rho(PC1, H)| low 0.64 mid 0.56 high 0.61;  chord/spread low 1.10 mid 0.98 high 0.95
    angle between strata horizon directions (PC1 / top-2 subspace): low-mid 17°/40°  mid-high 15°/28°  low-high 19°/37°
    frozen ridge for log H across strata: low→high: within-2x 0.37, RMSE 0.769 dec, R² 0.685 (in-high CV R² 0.795); high→low: within-2x 0.39, RMSE 0.619 dec, R² 0.796 (in-low CV R² 0.821)
    quad curve model, stratum as context, 5-fold R²: none 0.1101  offset 0.1094  interaction 0.1073

=== L33 R0 (n=1080) ===
(a) ridge R² 5-fold: log H 0.994  log stakes 0.945  log ratio 0.962;  |rho(PC1-3, stakes)| [0.01, 0.02, 0.01] vs H [0.5, 0.84, 0.31]
    centroid ordinality / split-half |cos| / chord (within-spread units): stakes 0.43 / 0.43 / 0.15;  ratio 1.00 / 0.56 / 0.24;  horizon 1.00 / 1.00 / 1.34;  angle(stakes dir, horizon dir) 63°
(b) per stratum |rho(PC1, H)| low 0.50 mid 0.50 high 0.50;  chord/spread low 1.35 mid 1.38 high 1.30
    angle between strata horizon directions (PC1 / top-2 subspace): low-mid 8°/27°  mid-high 8°/18°  low-high 7°/31°
    frozen ridge for log H across strata: low→high: within-2x 0.75, RMSE 0.275 dec, R² 0.960 (in-high CV R² 0.987); high→low: within-2x 0.89, RMSE 0.189 dec, R² 0.981 (in-low CV R² 0.989)
    quad curve model, stratum as context, 5-fold R²: none 0.1766  offset 0.1780  interaction 0.1748

=== L43 R0 (n=1080) ===
(a) ridge R² 5-fold: log H 0.988  log stakes 0.877  log ratio 0.911;  |rho(PC1-3, stakes)| [0.01, 0.06, 0.13] vs H [0.26, 0.08, 0.21]
    centroid ordinality / split-half |cos| / chord (within-spread units): stakes 0.61 / 0.73 / 0.15;  ratio 0.30 / 0.86 / 0.25;  horizon 0.87 / 0.99 / 1.14;  angle(stakes dir, horizon dir) 32°
(b) per stratum |rho(PC1, H)| low 0.41 mid 0.33 high 0.24;  chord/spread low 1.28 mid 1.22 high 1.01
    angle between strata horizon directions (PC1 / top-2 subspace): low-mid 9°/20°  mid-high 11°/15°  low-high 17°/16°
    frozen ridge for log H across strata: low→high: within-2x 0.67, RMSE 0.340 dec, R² 0.938 (in-high CV R² 0.975); high→low: within-2x 0.71, RMSE 0.295 dec, R² 0.954 (in-low CV R² 0.975)
    quad curve model, stratum as context, 5-fold R²: none 0.1215  offset 0.1246  interaction 0.1272

wrote figures/stakes_pilot_gemma-4-31b
