run google/gemma-4-31B-it n=2000 factor=phrasing; reference rows 471, variant rows 1421
variants: {'p1': 482, 'p2': 475, 'p0': 471, 'p3': 464}
L21 R0: ridge(ref->variants) R^2 vs magnitude 0.755 | R^2 by phrasing {'p1': 0.765, 'p2': 0.77, 'p3': 0.725}
L33 T3: ridge(ref->variants) R^2 vs magnitude 0.770 | R^2 by phrasing {'p1': 0.898, 'p2': 0.677, 'p3': 0.724}
L33 R0: ridge(ref->variants) R^2 vs magnitude 0.870 | R^2 by phrasing {'p1': 0.983, 'p2': 0.773, 'p3': 0.848}
L43 R0: ridge(ref->variants) R^2 vs magnitude 0.788 | R^2 by phrasing {'p1': 0.965, 'p2': 0.708, 'p3': 0.668}
L55 T3: ridge(ref->variants) R^2 vs magnitude 0.768 | R^2 by phrasing {'p1': 0.888, 'p2': 0.794, 'p3': 0.598}
wrote figures/gemma-4-31b_phrasings_n2000_s0
run google/gemma-4-31B-it n=2000
=== H(sink) at T4: |rho| of the k-th PC with log horizon (same PCA fit); evr_top1; top/median PC std ===
layer  evr_top1  k=0     k=1     k=2     k=5    top/median
L21    0.337    0.006  0.013  0.163  0.471   12x
L33    0.241    0.096  0.286  0.021  0.646   7x
L43    0.206    0.131  0.294  0.129  0.397   6x
L55    0.194    0.049  0.263  0.133  0.191   6x

=== H(U-shape): 17 canonical centroids in their own PC plane; polynomial fits vs log10 horizon ===
cell     PC2: R2 quad  vertex(years)  R2 linear | PC1: R2 linear  R2 quad
L33 T3   0.734           0.93         0.056     | 0.875           0.967

=== H(variants) by phrasing_id (['0.0', '1.0', '2.0', '3.0']) ===
cell     pooled|rho_pc1|  per-variant|rho_pc1|  silhouette(variant,PC1-3)  |rho(PC1,variant-mean)|
L21 R0   0.074            0.41/0.35/0.26/0.72       +0.314                    0.584
L33 T3   0.011            0.85/0.86/0.79/0.25       -0.021                    0.601
L33 R0   0.820            0.93/0.91/0.92/0.81       +0.066                    0.313
L43 R0   0.315            0.27/0.30/0.27/0.59       -0.046                    0.269
L55 T3   0.359            0.09/0.71/0.51/0.02       -0.017                    0.383

=== H(variants) by horizon_unit (['days', 'months', 'weeks', 'years']) ===
cell     pooled|rho_pc1|  per-variant|rho_pc1|  silhouette(variant,PC1-3)  |rho(PC1,variant-mean)|
L21 R0   0.074            0.00/0.05/0.03/0.07       -0.023                    0.085
L33 T3   0.011            0.05/0.01/0.01/0.01       +0.001                    0.048
L33 R0   0.820            0.20/0.27/0.00/0.66       +0.167                    0.757
L43 R0   0.315            0.11/0.20/0.07/0.32       +0.090                    0.354
L55 T3   0.359            0.09/0.01/0.06/0.52       -0.031                    0.271
