=== analyze_run: runs/gemma-4-31b_matrix_s0 -> figures/gemma-4-31b_matrix_s0 (L=60, cells 33:R0,43:R0,55:T3,33:T3) ===
=== sweep ===
run: google/gemma-4-31B-it  n=3240  layers=60  positions=['T0', 'T1', 'T2', 'T3', 'T4', 'T5', 'T6', 'T7', 'T8', 'R0', 'R1', 'R2', 'R3', 'R4', 'R5', 'R6', 'R7']
format adherence: 0.921   chose_short overall: 0.787
horizon_bin  horizon_years   n  n_format_ok  frac_short  p_short_mean
   17 hours       0.001939  20           15    1.000000      0.999599
      1 day       0.002738 240          218    1.000000      0.998431
     3 days       0.008214  20           20    1.000000      0.983550
     1 week       0.019165 260          240    1.000000      0.999453
    2 weeks       0.038330 240          217    1.000000      0.999378
    18 days       0.049281  20           20    0.950000      0.947717
    1 month       0.083333 260          239    0.995816      0.996481
   10 weeks       0.191650  40           38    0.973684      0.970802
   3 months       0.250000 240          219    1.000000      0.999343
   6 months       0.500000 260          239    1.000000      0.999980
  10 months       0.833333  20           20    1.000000      0.999983
     1 year       1.000000  20           20    0.550000      0.554989
    2 years       2.000000 260          240    0.900000      0.899932
    3 years       3.000000  20           20    0.100000      0.100010
    5 years       5.000000 260          240    0.795833      0.797049
   10 years      10.000000 260          240    0.650000      0.650782
   20 years      20.000000 260          240    0.525000      0.522055
   30 years      30.000000 260          240    0.337500      0.333076
  100 years     100.000000 260          240    0.320833      0.321723
  300 years     300.000000  20           20    0.400000      0.390831
  self.explained_variance_ratio_ = self.explained_variance_ / total_var
  return float(spearmanr(a, b, nan_policy="omit").statistic)
  return float(spearmanr(a, b, nan_policy="omit").statistic)
  self.explained_variance_ratio_ = self.explained_variance_ / total_var
  return float(spearmanr(a, b, nan_policy="omit").statistic)
  return float(spearmanr(a, b, nan_policy="omit").statistic)
  self.explained_variance_ratio_ = self.explained_variance_ / total_var
  return float(spearmanr(a, b, nan_policy="omit").statistic)
  return float(spearmanr(a, b, nan_policy="omit").statistic)
  self.explained_variance_ratio_ = self.explained_variance_ / total_var
  return float(spearmanr(a, b, nan_policy="omit").statistic)
  return float(spearmanr(a, b, nan_policy="omit").statistic)
  self.explained_variance_ratio_ = self.explained_variance_ / total_var
  return float(spearmanr(a, b, nan_policy="omit").statistic)
  return float(spearmanr(a, b, nan_policy="omit").statistic)
  self.explained_variance_ratio_ = self.explained_variance_ / total_var
  return float(spearmanr(a, b, nan_policy="omit").statistic)
  return float(spearmanr(a, b, nan_policy="omit").statistic)
  self.explained_variance_ratio_ = self.explained_variance_ / total_var
  return float(spearmanr(a, b, nan_policy="omit").statistic)
  return float(spearmanr(a, b, nan_policy="omit").statistic)
  self.explained_variance_ratio_ = self.explained_variance_ / total_var
  return float(spearmanr(a, b, nan_policy="omit").statistic)
  return float(spearmanr(a, b, nan_policy="omit").statistic)
  self.explained_variance_ratio_ = self.explained_variance_ / total_var
  return float(spearmanr(a, b, nan_policy="omit").statistic)
  return float(spearmanr(a, b, nan_policy="omit").statistic)
  return float(spearmanr(a, b, nan_policy="omit").statistic)
  return float(spearmanr(a, b, nan_policy="omit").statistic)
  return float(spearmanr(a, b, nan_policy="omit").statistic)

top cells by |rho_pc1_horizon|:
 layer position  rho_pc1_horizon  rho_pc1_reward_ratio  evr_pc1  silhouette_choice_pc3  rho_pc1_p_short
    57       T2         0.750026             -0.066495 0.166985               0.215422        -0.421991
    56       T2         0.747943             -0.073816 0.177120               0.205912        -0.395022
    54       T2         0.746227             -0.074142 0.188219               0.221339        -0.441687
    55       T2         0.732234             -0.084660 0.184760               0.206792        -0.462709

sample-level PCA spectrum at the top cells (explained variance ratio; |rho| of each PC with log horizon):
  L57 T2: evr 0.167 0.142 0.097 0.061 0.050 0.047 0.036 0.032 0.026 0.022  (cum2 0.31 cum5 0.52 cum10 0.68; components for 90% / 95% of variance: 67 / 161)
            |rho| 0.75 0.29 0.04 0.24 0.06 0.05 0.03 0.01 0.06 0.03
  L56 T2: evr 0.177 0.149 0.101 0.062 0.050 0.049 0.035 0.033 0.027 0.021  (cum2 0.33 cum5 0.54 cum10 0.70; components for 90% / 95% of variance: 56 / 138)
            |rho| 0.75 0.27 0.09 0.34 0.09 0.07 0.05 0.07 0.07 0.02
  L54 T2: evr 0.188 0.144 0.104 0.065 0.052 0.048 0.035 0.032 0.026 0.022  (cum2 0.33 cum5 0.55 cum10 0.72; components for 90% / 95% of variance: 49 / 120)
            |rho| 0.75 0.20 0.05 0.07 0.10 0.04 0.05 0.07 0.04 0.04
  L55 T2: evr 0.185 0.151 0.100 0.063 0.052 0.050 0.036 0.034 0.026 0.021  (cum2 0.34 cum5 0.55 cum10 0.72; components for 90% / 95% of variance: 50 / 124)
            |rho| 0.73 0.18 0.08 0.29 0.11 0.07 0.08 0.03 0.04 0.01

wrote figures/gemma-4-31b_matrix_s0
=== path geometry ===
=== L33 R0 ===
  centroid planarity: top-1/2/3 PCs of the 17 centroids explain [0.4860000014305115, 0.3619999885559082, 0.07699999958276749]
  centroid scree (fraction of centroid variance), ranks 1-8: 0.486 0.362 0.077 0.028 0.015 0.010 0.008 0.004
  split-half noise scree at the same ranks:              0.262 0.043 0.021 0.011 0.007 0.005 0.003 0.002
  cumulative: beyond PC2 0.153, beyond PC3 0.076; components for 90% / 95% / 99% of centroid variance: 3 / 4 / 9; above 2x noise: 12 of 16
  in centroid top-3 PC space: path length 162.7, tortuosity 11.91 (full-space 11.71); turning angles median 118 deg, max 176
  split-half: centroid-plane correlation r = 0.633; median odd/even centroid gap / median segment = 0.64
  spacing per decade of horizon: first 80.3, last 18.1, middle median 43.7  (ends/middle 1.13)
=== L43 R0 ===
  centroid planarity: top-1/2/3 PCs of the 17 centroids explain [0.4959999918937683, 0.3630000054836273, 0.0860000029206276]
  centroid scree (fraction of centroid variance), ranks 1-8: 0.496 0.363 0.086 0.024 0.010 0.008 0.005 0.003
  split-half noise scree at the same ranks:              0.252 0.125 0.036 0.021 0.013 0.004 0.002 0.001
  cumulative: beyond PC2 0.142, beyond PC3 0.056; components for 90% / 95% / 99% of centroid variance: 3 / 4 / 7; above 2x noise: 5 of 16
  in centroid top-3 PC space: path length 241.3, tortuosity 8.37 (full-space 8.54); turning angles median 109 deg, max 175
  split-half: centroid-plane correlation r = 0.525; median odd/even centroid gap / median segment = 1.39
  spacing per decade of horizon: first 106.8, last 37.0, middle median 73.5  (ends/middle 0.98)
=== L55 T3 ===
  centroid planarity: top-1/2/3 PCs of the 17 centroids explain [0.527999997138977, 0.16699999570846558, 0.08100000023841858]
  centroid scree (fraction of centroid variance), ranks 1-8: 0.528 0.167 0.081 0.066 0.034 0.029 0.025 0.017
  split-half noise scree at the same ranks:              0.405 0.196 0.098 0.059 0.046 0.023 0.017 0.014
  cumulative: beyond PC2 0.306, beyond PC3 0.225; components for 90% / 95% / 99% of centroid variance: 6 / 9 / 14; above 2x noise: 0 of 16
  in centroid top-3 PC space: path length 214.0, tortuosity 5.91 (full-space 7.41); turning angles median 133 deg, max 179
  split-half: centroid-plane correlation r = 0.624; median odd/even centroid gap / median segment = 0.55
  spacing per decade of horizon: first 119.9, last 7.6, middle median 59.7  (ends/middle 1.07)
=== L33 T3 ===
  centroid planarity: top-1/2/3 PCs of the 17 centroids explain [0.5009999871253967, 0.1770000010728836, 0.12099999934434891]
  centroid scree (fraction of centroid variance), ranks 1-8: 0.501 0.177 0.121 0.089 0.033 0.021 0.016 0.013
  split-half noise scree at the same ranks:              0.313 0.172 0.065 0.048 0.039 0.012 0.010 0.009
  cumulative: beyond PC2 0.322, beyond PC3 0.201; components for 90% / 95% / 99% of centroid variance: 5 / 7 / 12; above 2x noise: 1 of 16
  in centroid top-3 PC space: path length 249.9, tortuosity 4.92 (full-space 6.18); turning angles median 120 deg, max 177
  split-half: centroid-plane correlation r = 0.754; median odd/even centroid gap / median segment = 0.40
  spacing per decade of horizon: first 142.9, last 38.0, middle median 45.6  (ends/middle 1.98)
per-layer components for 95% of centroid variance (layers 1..L):
  T3: 2 3 3 3 3 3 4 4 4 4 4 5 5 5 5 4 5 5 5 4 4 5 5 6 6 6 7 7 8 7 7 7 7 7 7 8 8 8 8 8 8 8 8 8 8 8 8 8 8 8 8 8 8 9 9 9 9 9 9 8
  R0: 2 2 2 2 2 2 2 2 2 2 2 2 2 2 2 2 2 2 2 2 2 4 5 5 4 4 4 5 4 4 4 4 4 4 4 4 4 4 5 5 4 4 4 4 4 4 4 4 4 4 4 5 5 4 4 5 5 5 4 4
per-layer fraction of centroid variance beyond PC2:
  T3: 0.04 0.06 0.06 0.05 0.06 0.07 0.09 0.10 0.10 0.10 0.10 0.12 0.12 0.12 0.13 0.14 0.15 0.15 0.14 0.13 0.12 0.14 0.16 0.18 0.19 0.25 0.30 0.35 0.33 0.31 0.33 0.31 0.32 0.32 0.31 0.31 0.33 0.34 0.33 0.31 0.29 0.28 0.27 0.27 0.27 0.27 0.26 0.26 0.27 0.28 0.28 0.29 0.29 0.30 0.31 0.32 0.33 0.35 0.33 0.35
  R0: 0.03 0.01 0.01 0.01 0.01 0.01 0.01 0.02 0.01 0.01 0.02 0.03 0.02 0.02 0.02 0.02 0.02 0.02 0.03 0.04 0.04 0.09 0.16 0.17 0.16 0.17 0.16 0.18 0.16 0.15 0.13 0.15 0.15 0.14 0.14 0.14 0.14 0.15 0.18 0.20 0.17 0.15 0.14 0.14 0.16 0.16 0.16 0.15 0.16 0.16 0.17 0.18 0.19 0.18 0.19 0.19 0.19 0.19 0.19 0.20
wrote figures/gemma-4-31b_matrix_s0
=== hypothesis checks ===
run google/gemma-4-31B-it n=3240
=== H(sink) at T4: |rho| of the k-th PC with log horizon (same PCA fit); evr_top1; top/median PC std ===
layer  evr_top1  k=0     k=1     k=2     k=5    top/median
L33    0.149    0.044  0.128  0.011  0.231   5x
L43    0.141    0.205  0.108  0.113  0.137   5x
L55    0.099    0.049  0.261  0.055  0.068   4x

=== H(U-shape): 17 canonical centroids in their own PC plane; polynomial fits vs log10 horizon ===
cell     PC2: R2 quad  vertex(years)  R2 linear | PC1: R2 linear  R2 quad
(U-shape fit restricted to 18 bins in [0.0027, 100.0] years)
L33 R0   0.732           0.01         0.633     | 0.215           0.263
L33 T3   0.186           2.93         0.105     | 0.779           0.882
L43 R0   0.665           0.00         0.651     | 0.099           0.266
L55 T3   0.190           1.80         0.075     | 0.757           0.883

=== H(variants) by horizon_unit (['days', 'hours', 'months', 'weeks', 'years']) ===
cell     pooled|rho_pc1|  per-variant|rho_pc1|  silhouette(variant,PC1-3)  |rho(PC1,variant-mean)|
  per = "/".join(f"{abs(spearmanr(PCA(1, random_state=0).fit_transform(X[vv == k])[:, 0], yy[vv == k]).statistic):.2f}" for k in keys if (vv == k).sum() > 10)
L21 R0   0.101            0.15/nan/0.00/0.10/0.14       -0.619                    0.063
  per = "/".join(f"{abs(spearmanr(PCA(1, random_state=0).fit_transform(X[vv == k])[:, 0], yy[vv == k]).statistic):.2f}" for k in keys if (vv == k).sum() > 10)
L33 T3   0.122            0.10/nan/0.06/0.04/0.15       -0.041                    0.092
  per = "/".join(f"{abs(spearmanr(PCA(1, random_state=0).fit_transform(X[vv == k])[:, 0], yy[vv == k]).statistic):.2f}" for k in keys if (vv == k).sum() > 10)
L33 R0   0.135            0.42/nan/0.04/0.08/0.18       -0.326                    0.178
  per = "/".join(f"{abs(spearmanr(PCA(1, random_state=0).fit_transform(X[vv == k])[:, 0], yy[vv == k]).statistic):.2f}" for k in keys if (vv == k).sum() > 10)
L43 R0   0.149            0.29/nan/0.06/0.01/0.11       -0.033                    0.166
  per = "/".join(f"{abs(spearmanr(PCA(1, random_state=0).fit_transform(X[vv == k])[:, 0], yy[vv == k]).statistic):.2f}" for k in keys if (vv == k).sum() > 10)
L55 T3   0.056            0.11/nan/0.02/0.03/0.09       -0.045                    0.042
=== 3-D views ===
wrote figures/gemma-4-31b_matrix_s0/view3d_centroid_L33_R0.html  (689 KB; plotly.min.js shared in figures/gemma-4-31b_matrix_s0)
wrote figures/gemma-4-31b_matrix_s0/view3d_centroid_L43_R0.html  (687 KB; plotly.min.js shared in figures/gemma-4-31b_matrix_s0)
wrote figures/gemma-4-31b_matrix_s0/view3d_centroid_L55_T3.html  (687 KB; plotly.min.js shared in figures/gemma-4-31b_matrix_s0)
wrote figures/gemma-4-31b_matrix_s0/view3d_centroid_L33_T3.html  (688 KB; plotly.min.js shared in figures/gemma-4-31b_matrix_s0)
wrote figures/gemma-4-31b_matrix_s0/view3d_sample_L33_R0.html  (687 KB; plotly.min.js shared in figures/gemma-4-31b_matrix_s0)
ANALYZE_RUN DONE
[train-structured-investment+climate] train rows 320  dev rows 192  candidate cells 42  alphas [1.0, 10.0, 100.0, 1000.0, 10000.0]
selected on dev: layer 43 position T8 alpha 1  (dev rmse 0.507, within2x 0.54)
dev rmse by position (best layer/alpha each): T0 0.807, T1 0.705, T3 0.741, T5 0.594, T8 0.507, R0 0.577
dev rmse by layer (best position/alpha each): L21 0.828, L27 0.677, L33 0.643, L39 0.578, L43 0.507, L50 0.624, L55 0.805

=== test suites (frozen decoder; log10-year errors) ===
suite                                                     n  method          rmse   bias     sd  medae    rho  w/in2x worst bin
A new scenarios, structured, train horizons              96  activation     0.195  +0.00  0.195  0.106  0.989    0.89   0.75 (100 years)
A new scenarios, structured, train horizons              96  regex_first    1.762  +0.04  1.762  1.380  0.000    0.15   0.00 (1 day)
A new scenarios, structured, train horizons              96  regex_horizon  0.000  +0.00  0.000  0.000  1.000    1.00   1.00 (1 day)
A new scenarios, structured, train horizons              96  text_ridge     0.436  +0.05  0.433  0.348  0.986    0.43   0.00 (1 day)
B familiar scenarios, plain, train horizons             320  activation     0.483  +0.28  0.394  0.311  0.967    0.50   0.10 (1 day)
B familiar scenarios, plain, train horizons             320  regex_first    1.978  +0.14  1.973  1.416  0.000    0.13   0.00 (1 day)
B familiar scenarios, plain, train horizons             320  regex_horizon  0.000  +0.00  0.000  0.000  1.000    1.00   1.00 (1 day)
B familiar scenarios, plain, train horizons             320  text_ridge     1.042  +0.07  1.039  0.935  0.969    0.18   0.00 (1 day)
C familiar scenarios, varied, train horizons            320  activation     0.703  +0.18  0.678  0.452  0.900    0.37   0.10 (1 day)
C familiar scenarios, varied, train horizons            320  regex_first    1.363  +0.06  1.361  0.000  0.542    0.58   0.40 (1 day)
C familiar scenarios, varied, train horizons            320  regex_horizon  0.000  +0.00  0.000  0.000  1.000    1.00   1.00 (1 day)
C familiar scenarios, varied, train horizons            320  text_ridge     1.028  +0.09  1.024  0.911  0.964    0.18   0.00 (1 day)
D new scenarios, plain, train horizons                   96  activation     0.541  +0.36  0.404  0.333  0.958    0.48   0.17 (1 day)
D new scenarios, plain, train horizons                   96  regex_first    1.762  +0.04  1.762  1.380  0.000    0.15   0.00 (1 day)
D new scenarios, plain, train horizons                   96  regex_horizon  0.000  +0.00  0.000  0.000  1.000    1.00   1.00 (1 day)
D new scenarios, plain, train horizons                   96  text_ridge     1.067  +0.11  1.061  0.939  0.873    0.17   0.00 (1 day)
E new scenarios, varied, train horizons                  96  activation     0.750  +0.15  0.736  0.557  0.872    0.23   0.08 (1 day)
E new scenarios, varied, train horizons                  96  regex_first    1.413  +0.16  1.404  0.602  0.482    0.46   0.17 (10 years)
E new scenarios, varied, train horizons                  96  regex_horizon  0.000  +0.00  0.000  0.000  1.000    1.00   1.00 (1 day)
E new scenarios, varied, train horizons                  96  text_ridge     1.056  +0.12  1.050  0.927  0.867    0.16   0.00 (1 day)
F withheld horizons, structured, train scenarios        160  activation     0.118  +0.02  0.117  0.078  0.968    0.99   0.97 (2 weeks)
F withheld horizons, structured, train scenarios        160  regex_first    1.670  +0.04  1.670  1.115  0.000    0.11   0.00 (2 weeks)
F withheld horizons, structured, train scenarios        160  regex_horizon  0.000  +0.00  0.000  0.000  1.000    1.00   1.00 (2 weeks)
F withheld horizons, structured, train scenarios        160  text_ridge     0.822  +0.01  0.822  0.700  0.726    0.09   0.00 (2 weeks)
G withheld horizons, all renderings, new scenarios      144  activation     0.490  +0.19  0.453  0.248  0.906    0.56   0.47 (20 years)
G withheld horizons, all renderings, new scenarios      144  regex_first    1.354  -0.03  1.354  1.000  0.103    0.17   0.06 (2 weeks)
G withheld horizons, all renderings, new scenarios      144  regex_horizon  0.000  +0.00  0.000  0.000  1.000    1.00   1.00 (2 weeks)
G withheld horizons, all renderings, new scenarios      144  text_ridge     0.960  -0.00  0.960  0.883  0.444    0.12   0.00 (2 weeks)

=== controls (frozen decoder) ===
mention  n=240  activation: rmse 0.606 within2x 0.37 rho(pred,H) 0.940  rho(residual, D-H) +0.263 | regex-first within2x 0.04  regex-horizon within2x 1.00
role     n=240  activation: rmse 0.607 within2x 0.42 rho(pred,H) 0.936  rho(residual, D-H) +0.396 | regex-first within2x 0.12  regex-horizon within2x 1.00
factual  n=240  activation at T8: rmse 2.110 within2x 0.05 rho 0.696   (no decision task; same quantities)
scaling  n=360  slope of prediction vs log10(scale factor): mean 0.48 (1 = absolute horizon, 0 = relative to option delays); within2x of absolute H 0.38; rho(pred, absolute H) 0.916, rho(pred, H/short-delay) 0.788
wrote figures/gemma-4-31b_matrix_s0/transfer
[train-structured+plain+varied-investment+climate] train rows 960  dev rows 192  candidate cells 42  alphas [1.0, 10.0, 100.0, 1000.0, 10000.0]
selected on dev: layer 33 position T0 alpha 1  (dev rmse 0.138, within2x 0.96)
dev rmse by position (best layer/alpha each): T0 0.138, T1 0.291, T3 0.210, T5 0.187, T8 0.156, R0 0.142
dev rmse by layer (best position/alpha each): L21 0.187, L27 0.156, L33 0.138, L39 0.159, L43 0.189, L50 0.205, L55 0.214

=== test suites (frozen decoder; log10-year errors) ===
suite                                                     n  method          rmse   bias     sd  medae    rho  w/in2x worst bin
A new scenarios, structured, train horizons              96  activation     0.170  +0.00  0.170  0.088  0.992    0.93   0.83 (1 month)
A new scenarios, structured, train horizons              96  regex_first    1.762  +0.04  1.762  1.380  0.000    0.15   0.00 (1 day)
A new scenarios, structured, train horizons              96  regex_horizon  0.000  +0.00  0.000  0.000  1.000    1.00   1.00 (1 day)
A new scenarios, structured, train horizons              96  text_ridge     0.357  +0.07  0.350  0.263  0.984    0.55   0.17 (1 day)
B familiar scenarios, plain, train horizons [IN TRAINING SET under this condition]  320  activation     0.043  +0.00  0.043  0.029  0.992    1.00   1.00 (1 day)
B familiar scenarios, plain, train horizons [IN TRAINING SET under this condition]  320  regex_first    1.978  +0.14  1.973  1.416  0.000    0.13   0.00 (1 day)
B familiar scenarios, plain, train horizons [IN TRAINING SET under this condition]  320  regex_horizon  0.000  +0.00  0.000  0.000  1.000    1.00   1.00 (1 day)
B familiar scenarios, plain, train horizons [IN TRAINING SET under this condition]  320  text_ridge     0.210  -0.00  0.210  0.160  0.992    0.82   0.50 (1 day)
C familiar scenarios, varied, train horizons [IN TRAINING SET under this condition]  320  activation     0.041  +0.00  0.041  0.024  0.992    1.00   1.00 (1 day)
C familiar scenarios, varied, train horizons [IN TRAINING SET under this condition]  320  regex_first    1.363  +0.06  1.361  0.000  0.542    0.58   0.40 (1 day)
C familiar scenarios, varied, train horizons [IN TRAINING SET under this condition]  320  regex_horizon  0.000  +0.00  0.000  0.000  1.000    1.00   1.00 (1 day)
C familiar scenarios, varied, train horizons [IN TRAINING SET under this condition]  320  text_ridge     0.448  +0.00  0.448  0.292  0.984    0.52   0.17 (1 day)
D new scenarios, plain, train horizons                   96  activation     0.119  +0.04  0.111  0.074  0.992    0.97   0.92 (1 day)
D new scenarios, plain, train horizons                   96  regex_first    1.762  +0.04  1.762  1.380  0.000    0.15   0.00 (1 day)
D new scenarios, plain, train horizons                   96  regex_horizon  0.000  +0.00  0.000  0.000  1.000    1.00   1.00 (1 day)
D new scenarios, plain, train horizons                   96  text_ridge     0.303  +0.06  0.296  0.215  0.984    0.69   0.42 (1 day)
E new scenarios, varied, train horizons                  96  activation     0.216  +0.00  0.216  0.150  0.985    0.81   0.67 (100 years)
E new scenarios, varied, train horizons                  96  regex_first    1.413  +0.16  1.404  0.602  0.482    0.46   0.17 (10 years)
E new scenarios, varied, train horizons                  96  regex_horizon  0.000  +0.00  0.000  0.000  1.000    1.00   1.00 (1 day)
E new scenarios, varied, train horizons                  96  text_ridge     0.506  -0.00  0.506  0.321  0.964    0.48   0.17 (1 day)
F withheld horizons, structured, train scenarios        160  activation     0.095  +0.01  0.094  0.074  0.968    1.00   1.00 (2 weeks)
F withheld horizons, structured, train scenarios        160  regex_first    1.670  +0.04  1.670  1.115  0.000    0.11   0.00 (2 weeks)
F withheld horizons, structured, train scenarios        160  regex_horizon  0.000  +0.00  0.000  0.000  1.000    1.00   1.00 (2 weeks)
F withheld horizons, structured, train scenarios        160  text_ridge     0.760  -0.00  0.760  0.657  0.858    0.16   0.00 (2 weeks)
G withheld horizons, all renderings, new scenarios      144  activation     0.192  +0.06  0.182  0.104  0.968    0.88   0.69 (2 weeks)
G withheld horizons, all renderings, new scenarios      144  regex_first    1.354  -0.03  1.354  1.000  0.103    0.17   0.06 (2 weeks)
G withheld horizons, all renderings, new scenarios      144  regex_horizon  0.000  +0.00  0.000  0.000  1.000    1.00   1.00 (2 weeks)
G withheld horizons, all renderings, new scenarios      144  text_ridge     0.831  +0.04  0.830  0.750  0.687    0.22   0.00 (2 weeks)

=== controls (frozen decoder) ===
mention  n=240  activation: rmse 0.866 within2x 0.10 rho(pred,H) 0.962  rho(residual, D-H) +0.370 | regex-first within2x 0.04  regex-horizon within2x 1.00
role     n=240  activation: rmse 1.413 within2x 0.11 rho(pred,H) 0.842  rho(residual, D-H) +0.968 | regex-first within2x 0.12  regex-horizon within2x 1.00
factual  n=240  activation at T0: rmse 2.173 within2x 0.09 rho 0.050   (no decision task; same quantities)
scaling  n=360  slope of prediction vs log10(scale factor): mean 0.79 (1 = absolute horizon, 0 = relative to option delays); within2x of absolute H 0.74; rho(pred, absolute H) 0.988, rho(pred, H/short-delay) 0.729

=== distractor sweep (train-structured+plain+varied-investment+climate; alpha=1 per cell): new-scenario within-2x | mention within-2x, rho(resid, D-H) | role within-2x, rho(resid, D-H) ===
layer                T0                T1                T2                T3                T4                T5                T6                T7                T8                R0
L21     0.81|0.45,+0.72|0.38,+0.30  0.78|0.07,+0.27|0.31,+0.53  0.84|0.32,+0.79|0.49,+0.72  0.83|0.25,+0.41|0.33,+0.25  0.64|0.26,+0.58|0.40,+0.30  0.90|0.28,+0.87|0.25,+0.54  0.75|0.16,+0.88|0.49,+0.46  0.94|0.62,+0.82|0.41,+0.70  0.68|0.24,+0.78|0.21,+0.57  0.69|0.19,+0.80|0.35,+0.81
L27     0.92|0.19,+0.69|0.11,+0.81  0.68|0.33,+0.17|0.30,+0.37  0.95|0.63,+0.53|0.17,+0.92  0.77|0.50,+0.67|0.43,+0.61  0.58|0.16,+0.33|0.45,+0.26  0.67|0.33,+0.48|0.60,+0.17  0.64|0.33,+0.55|0.62,+0.18  0.85|0.62,+0.48|0.53,+0.26  0.93|0.53,+0.53|0.00,+0.89  0.96|0.75,+0.74|0.25,+0.93
L33     0.90|0.10,+0.37|0.11,+0.97  0.66|0.33,+0.38|0.47,+0.06  0.94|0.68,+0.28|0.58,+0.72  0.69|0.50,+0.36|0.58,-0.12  0.60|0.36,+0.70|0.51,+0.22  0.56|0.29,+0.18|0.41,+0.13  0.73|0.58,+0.29|0.70,+0.08  0.78|0.72,+0.29|0.68,+0.37  0.90|0.53,+0.61|0.42,+0.80  0.93|0.80,+0.54|0.51,+0.47
L39     0.88|0.74,+0.10|0.12,+0.90  0.64|0.31,+0.41|0.50,+0.27  0.82|0.79,+0.18|0.78,+0.42  0.64|0.47,+0.21|0.49,+0.23  0.54|0.31,+0.60|0.50,+0.23  0.43|0.27,+0.20|0.45,-0.15  0.61|0.63,+0.21|0.62,-0.07  0.73|0.67,+0.23|0.72,+0.14  0.90|0.68,+0.37|0.45,+0.57  0.92|0.80,+0.16|0.58,+0.68
L43     0.81|0.42,+0.38|0.30,+0.82  0.62|0.33,+0.27|0.48,+0.22  0.87|0.68,-0.24|0.81,+0.56  0.57|0.37,+0.38|0.47,+0.27  0.49|0.27,+0.29|0.39,+0.13  0.43|0.32,+0.16|0.43,+0.02  0.51|0.56,+0.18|0.58,+0.07  0.65|0.67,+0.16|0.73,+0.12  0.85|0.53,+0.06|0.41,+0.75  0.84|0.70,+0.06|0.35,+0.59
L50     0.77|0.49,+0.38|0.40,+0.75  0.55|0.29,+0.36|0.42,+0.33  0.84|0.73,-0.22|0.83,+0.38  0.51|0.45,+0.26|0.44,+0.12  0.41|0.20,+0.36|0.36,+0.20  0.38|0.22,+0.14|0.43,+0.08  0.43|0.50,+0.07|0.52,+0.08  0.61|0.65,+0.18|0.66,+0.17  0.80|0.58,-0.02|0.40,+0.51  0.79|0.69,-0.02|0.10,+0.44
L55     0.76|0.41,+0.26|0.38,+0.64  0.45|0.22,+0.27|0.37,+0.36  0.83|0.70,-0.30|0.69,+0.28  0.47|0.41,+0.22|0.42,+0.14  0.42|0.19,+0.35|0.28,+0.24  0.33|0.26,+0.19|0.37,+0.06  0.43|0.42,+0.12|0.43,+0.21  0.58|0.60,+0.12|0.58,+0.13  0.79|0.50,-0.01|0.22,+0.50  0.77|0.57,+0.16|0.25,+0.47
cells with new-scenario within-2x >= 0.85: 16/70; min mention rho -0.30, min role rho -0.15 over all cells
least role-distractor pull among them:
                                             tag  layer position  test_within2x  mention_within2x  mention_rho  role_within2x  role_rho
train-structured+plain+varied-investment+climate     27       T7          0.854             0.625        0.479          0.533     0.257
train-structured+plain+varied-investment+climate     33       R0          0.931             0.804        0.537          0.512     0.471
train-structured+plain+varied-investment+climate     21       T5          0.903             0.279        0.868          0.246     0.541
train-structured+plain+varied-investment+climate     43       T2          0.868             0.683       -0.238          0.812     0.558
train-structured+plain+varied-investment+climate     39       T8          0.899             0.683        0.375          0.446     0.574
wrote figures/gemma-4-31b_matrix_s0/transfer
[train-structured+plain+varied-investment] train rows 480  dev rows 192  candidate cells 42  alphas [1.0, 10.0, 100.0, 1000.0, 10000.0]
selected on dev: layer 39 position R0 alpha 10  (dev rmse 0.269, within2x 0.78)
dev rmse by position (best layer/alpha each): T0 0.322, T1 0.657, T3 0.635, T5 0.868, T8 0.344, R0 0.269
dev rmse by layer (best position/alpha each): L21 0.668, L27 0.662, L33 0.331, L39 0.269, L43 0.293, L50 0.361, L55 0.330

=== test suites (frozen decoder; log10-year errors) ===
suite                                                     n  method          rmse   bias     sd  medae    rho  w/in2x worst bin
A new scenarios, structured, train horizons              96  activation     0.287  -0.10  0.268  0.180  0.984    0.77   0.58 (6 months)
A new scenarios, structured, train horizons              96  regex_first    1.762  +0.04  1.762  1.380  0.000    0.15   0.00 (1 day)
A new scenarios, structured, train horizons              96  regex_horizon  0.000  +0.00  0.000  0.000  1.000    1.00   1.00 (1 day)
A new scenarios, structured, train horizons              96  text_ridge     0.443  +0.09  0.434  0.379  0.980    0.47   0.00 (1 day)
B familiar scenarios, plain, train horizons [IN TRAINING SET under this condition]  320  activation     0.186  -0.01  0.185  0.082  0.990    0.88   0.85 (1 day)
B familiar scenarios, plain, train horizons [IN TRAINING SET under this condition]  320  regex_first    1.978  +0.14  1.973  1.416  0.000    0.13   0.00 (1 day)
B familiar scenarios, plain, train horizons [IN TRAINING SET under this condition]  320  regex_horizon  0.000  +0.00  0.000  0.000  1.000    1.00   1.00 (1 day)
B familiar scenarios, plain, train horizons [IN TRAINING SET under this condition]  320  text_ridge     0.272  +0.02  0.271  0.226  0.992    0.67   0.10 (1 day)
C familiar scenarios, varied, train horizons [IN TRAINING SET under this condition]  320  activation     0.295  +0.01  0.295  0.104  0.980    0.75   0.65 (30 years)
C familiar scenarios, varied, train horizons [IN TRAINING SET under this condition]  320  regex_first    1.363  +0.06  1.361  0.000  0.542    0.58   0.40 (1 day)
C familiar scenarios, varied, train horizons [IN TRAINING SET under this condition]  320  regex_horizon  0.000  +0.00  0.000  0.000  1.000    1.00   1.00 (1 day)
C familiar scenarios, varied, train horizons [IN TRAINING SET under this condition]  320  text_ridge     0.526  +0.04  0.525  0.381  0.980    0.40   0.00 (1 day)
D new scenarios, plain, train horizons                   96  activation     0.262  -0.00  0.262  0.156  0.984    0.78   0.42 (1 week)
D new scenarios, plain, train horizons                   96  regex_first    1.762  +0.04  1.762  1.380  0.000    0.15   0.00 (1 day)
D new scenarios, plain, train horizons                   96  regex_horizon  0.000  +0.00  0.000  0.000  1.000    1.00   1.00 (1 day)
D new scenarios, plain, train horizons                   96  text_ridge     0.352  +0.09  0.342  0.251  0.983    0.61   0.25 (1 day)
E new scenarios, varied, train horizons                  96  activation     0.402  -0.01  0.401  0.251  0.965    0.59   0.42 (6 months)
E new scenarios, varied, train horizons                  96  regex_first    1.413  +0.16  1.404  0.602  0.482    0.46   0.17 (10 years)
E new scenarios, varied, train horizons                  96  regex_horizon  0.000  +0.00  0.000  0.000  1.000    1.00   1.00 (1 day)
E new scenarios, varied, train horizons                  96  text_ridge     0.565  +0.05  0.562  0.357  0.955    0.42   0.08 (1 day)
F withheld horizons, structured, train scenarios        160  activation     0.278  -0.14  0.242  0.125  0.962    0.78   0.70 (2 weeks)
F withheld horizons, structured, train scenarios        160  regex_first    1.670  +0.04  1.670  1.115  0.000    0.11   0.00 (2 weeks)
F withheld horizons, structured, train scenarios        160  regex_horizon  0.000  +0.00  0.000  0.000  1.000    1.00   1.00 (2 weeks)
F withheld horizons, structured, train scenarios        160  text_ridge     0.780  +0.02  0.779  0.637  0.797    0.17   0.00 (2 weeks)
G withheld horizons, all renderings, new scenarios      144  activation     0.323  -0.05  0.319  0.163  0.951    0.74   0.53 (2 weeks)
G withheld horizons, all renderings, new scenarios      144  regex_first    1.354  -0.03  1.354  1.000  0.103    0.17   0.06 (2 weeks)
G withheld horizons, all renderings, new scenarios      144  regex_horizon  0.000  +0.00  0.000  0.000  1.000    1.00   1.00 (2 weeks)
G withheld horizons, all renderings, new scenarios      144  text_ridge     0.844  +0.07  0.841  0.752  0.683    0.21   0.00 (2 weeks)
H domain transfer -> climate, all renderings, all scenarios  720  activation     0.351  -0.08  0.341  0.245  0.974    0.60   0.52 (30 years)
H domain transfer -> climate, all renderings, all scenarios  720  regex_first    1.744  +0.17  1.736  1.000  0.198    0.28   0.13 (100 years)
H domain transfer -> climate, all renderings, all scenarios  720  regex_horizon  0.000  +0.00  0.000  0.000  1.000    1.00   1.00 (1 day)
H domain transfer -> climate, all renderings, all scenarios  720  text_ridge     0.383  +0.08  0.375  0.259  0.986    0.56   0.06 (1 day)

=== controls (frozen decoder) ===
mention  n=240  activation: rmse 0.300 within2x 0.69 rho(pred,H) 0.979  rho(residual, D-H) -0.144 | regex-first within2x 0.04  regex-horizon within2x 1.00
role     n=240  activation: rmse 0.431 within2x 0.52 rho(pred,H) 0.967  rho(residual, D-H) +0.540 | regex-first within2x 0.12  regex-horizon within2x 1.00
factual  n=240  activation at T3 (selected position R0 is a response position; refit at T3): rmse 1.098 within2x 0.14 rho 0.727
scaling  n=360  slope of prediction vs log10(scale factor): mean 0.58 (1 = absolute horizon, 0 = relative to option delays); within2x of absolute H 0.57; rho(pred, absolute H) 0.965, rho(pred, H/short-delay) 0.784
wrote figures/gemma-4-31b_matrix_s0/transfer
