=== L22 R0 ===
  centroid planarity: top-1/2/3 PCs of the 17 centroids explain [0.859000027179718, 0.08100000023841858, 0.020999999716877937]
  split-half noise scree at the same ranks:              0.492 0.103 0.009 0.007 0.005 0.002 0.001 0.001
  cumulative: beyond PC2 0.060, beyond PC3 0.039; components for 90% / 95% / 99% of centroid variance: 2 / 3 / 7; above 2x noise: 12 of 16
  in centroid top-3 PC space: path length 161.3, tortuosity 25.31 (full-space 23.53); turning angles median 131 deg, max 178
  split-half: centroid-plane correlation r = 0.422; median odd/even centroid gap / median segment = 0.24
=== L26 MEAN ===
  centroid planarity: top-1/2/3 PCs of the 17 centroids explain [0.6420000195503235, 0.12200000137090683, 0.0860000029206276]
  split-half noise scree at the same ranks:              0.166 0.053 0.037 0.021 0.013 0.007 0.005 0.004
  cumulative: beyond PC2 0.235, beyond PC3 0.149; components for 90% / 95% / 99% of centroid variance: 5 / 7 / 13; above 2x noise: 15 of 16
  in centroid top-3 PC space: path length 208.2, tortuosity 5.90 (full-space 7.61); turning angles median 147 deg, max 171
  split-half: centroid-plane correlation r = 0.949; median odd/even centroid gap / median segment = 0.27
=== L26 M0 ===
  centroid planarity: top-1/2/3 PCs of the 17 centroids explain [0.5019999742507935, 0.3540000021457672, 0.04899999871850014]
  split-half noise scree at the same ranks:              0.124 0.040 0.024 0.016 0.013 0.007 0.004 0.003
  cumulative: beyond PC2 0.144, beyond PC3 0.095; components for 90% / 95% / 99% of centroid variance: 3 / 6 / 10; above 2x noise: 13 of 16
  in centroid top-3 PC space: path length 736.7, tortuosity 9.54 (full-space 10.22); turning angles median 117 deg, max 175
  split-half: centroid-plane correlation r = 0.723; median odd/even centroid gap / median segment = 0.90
=== L37 T3 ===
  centroid planarity: top-1/2/3 PCs of the 17 centroids explain [0.7020000219345093, 0.14100000262260437, 0.07999999821186066]
  split-half noise scree at the same ranks:              0.650 0.084 0.031 0.012 0.009 0.004 0.002 0.002
  cumulative: beyond PC2 0.156, beyond PC3 0.076; components for 90% / 95% / 99% of centroid variance: 3 / 4 / 10; above 2x noise: 11 of 16
  in centroid top-3 PC space: path length 1744.8, tortuosity 15.79 (full-space 15.04); turning angles median 124 deg, max 176
  split-half: centroid-plane correlation r = 0.695; median odd/even centroid gap / median segment = 0.60
per-layer components for 95% of centroid variance (layers 1..L):
  T3: 5 3 3 2 1 1 2 2 2 2 1 2 1 2 2 2 2 3 3 3 3 3 3 3 4 4 4 4 4 4 4 4 4 4 4 4 4 4 4 4
  R0: 2 2 2 2 2 2 3 3 2 3 3 3 3 3 3 3 4 4 3 4 3 3 3 3 4 5 5 5 5 5 5 5 5 5 5 5 5 5 5 4
  MEAN: 10 10 10 10 10 11 11 10 10 10 10 10 10 9 8 8 8 8 8 8 8 8 8 8 8 7 7 8 8 9 9 9 8 9 10 10 10 10 11 10
per-layer fraction of centroid variance beyond PC2:
  T3: 0.12 0.06 0.05 0.03 0.03 0.02 0.04 0.05 0.05 0.04 0.03 0.03 0.03 0.04 0.05 0.04 0.04 0.06 0.08 0.08 0.08 0.09 0.09 0.10 0.11 0.11 0.12 0.12 0.13 0.13 0.13 0.14 0.14 0.14 0.15 0.15 0.16 0.16 0.17 0.17
  R0: 0.01 0.01 0.01 0.02 0.03 0.03 0.05 0.06 0.05 0.05 0.05 0.05 0.05 0.07 0.06 0.07 0.08 0.08 0.07 0.08 0.07 0.06 0.06 0.08 0.12 0.14 0.15 0.15 0.15 0.16 0.15 0.14 0.14 0.14 0.13 0.13 0.13 0.14 0.14 0.11
  MEAN: 0.34 0.34 0.35 0.35 0.34 0.35 0.36 0.35 0.32 0.32 0.32 0.30 0.30 0.28 0.26 0.26 0.26 0.25 0.25 0.25 0.25 0.25 0.25 0.25 0.24 0.24 0.24 0.25 0.25 0.29 0.27 0.27 0.25 0.26 0.29 0.30 0.31 0.31 0.32 0.30
GEOM_DONE
