
=== L35 R0  (17 bins, log10 range [-2.56, 2.00], midpoint -0.09 = 0.81 y) ===
(a) polynomial ladder: R^2 of centroid PC_k vs orthogonal polynomials of log H, by max degree 1..4   (Guttman: PC_k needs degree k)
    PC1 (evr 0.726): deg1: 0.97  deg2: 0.97  deg3: 0.99  deg4: 0.99
    PC2 (evr 0.152): deg1: 0.00  deg2: 0.89  deg3: 0.98  deg4: 0.99
    PC3 (evr 0.032): deg1: 0.02  deg2: 0.10  deg3: 0.59  deg4: 0.59
    PC4 (evr 0.023): deg1: 0.00  deg2: 0.03  deg3: 0.28  deg4: 0.36
(b) banded similarity: centroid distance = s(1-exp(-|Δt|/ℓ)) fits with R^2 0.938, ℓ = 2.42 decades
(c) vertex vs window midpoint (windows of 9 bins, 8 windows): slope +1.05   [full-range vertex 10^-0.25 = 0.56 y vs midpoint 0.81 y]
(d) PC2 share 0.152 vs split-half noise share ≈ 0.0097 of centroid variance
(e) matched banded null (200 draws, ℓ=2.42, noise ratio 0.10):  evr1 0.41–0.48 (obs 0.73)  evr2 0.17–0.22 (obs 0.15)  evr3 0.08–0.11 (obs 0.03)
    PC2 quadratic R^2 0.83–0.92 (obs 0.89);  PC3 cubic R^2 0.59–0.80 (obs 0.59);  vertex slope 1.01–1.05 (obs +1.05);  vertex 10^-0.26–10^-0.09 (obs 10^-0.25)

=== L59 T3  (17 bins, log10 range [-2.56, 2.00], midpoint -0.09 = 0.81 y) ===
(a) polynomial ladder: R^2 of centroid PC_k vs orthogonal polynomials of log H, by max degree 1..4   (Guttman: PC_k needs degree k)
    PC1 (evr 0.558): deg1: 0.61  deg2: 0.98  deg3: 0.99  deg4: 0.99
    PC2 (evr 0.338): deg1: 0.31  deg2: 0.69  deg3: 0.95  deg4: 0.97
    PC3 (evr 0.043): deg1: 0.05  deg2: 0.23  deg3: 0.62  deg4: 0.63
    PC4 (evr 0.020): deg1: 0.00  deg2: 0.01  deg3: 0.04  deg4: 0.31
(b) banded similarity: centroid distance = s(1-exp(-|Δt|/ℓ)) fits with R^2 0.591, ℓ = 1.30 decades
(c) vertex vs window midpoint (windows of 9 bins, 9 windows): slope +1.08   [full-range vertex 10^0.35 = 2.26 y vs midpoint 0.81 y]
(d) PC2 share 0.338 vs split-half noise share ≈ 0.0103 of centroid variance
(e) matched banded null (200 draws, ℓ=1.30, noise ratio 0.10):  evr1 0.33–0.40 (obs 0.56)  evr2 0.18–0.23 (obs 0.34)  evr3 0.10–0.13 (obs 0.04)
    PC2 quadratic R^2 0.76–0.89 (obs 0.69);  PC3 cubic R^2 0.53–0.76 (obs 0.62);  vertex slope 1.01–1.05 (obs +1.08);  vertex 10^-0.28–10^-0.04 (obs 10^0.35)

=== L35 T3  (17 bins, log10 range [-2.56, 2.00], midpoint -0.09 = 0.81 y) ===
(a) polynomial ladder: R^2 of centroid PC_k vs orthogonal polynomials of log H, by max degree 1..4   (Guttman: PC_k needs degree k)
    PC1 (evr 0.654): deg1: 0.91  deg2: 0.97  deg3: 0.99  deg4: 0.99
    PC2 (evr 0.226): deg1: 0.03  deg2: 0.81  deg3: 0.98  deg4: 0.99
    PC3 (evr 0.033): deg1: 0.05  deg2: 0.15  deg3: 0.62  deg4: 0.66
    PC4 (evr 0.022): deg1: 0.01  deg2: 0.04  deg3: 0.13  deg4: 0.48
(b) banded similarity: centroid distance = s(1-exp(-|Δt|/ℓ)) fits with R^2 0.823, ℓ = 1.74 decades
(c) vertex vs window midpoint (windows of 9 bins, 9 windows): slope +1.04   [full-range vertex 10^-0.10 = 0.80 y vs midpoint 0.81 y]
(d) PC2 share 0.226 vs split-half noise share ≈ 0.0089 of centroid variance
(e) matched banded null (200 draws, ℓ=1.74, noise ratio 0.09):  evr1 0.37–0.44 (obs 0.65)  evr2 0.18–0.23 (obs 0.23)  evr3 0.09–0.12 (obs 0.03)
    PC2 quadratic R^2 0.80–0.90 (obs 0.81);  PC3 cubic R^2 0.57–0.78 (obs 0.62);  vertex slope 1.01–1.05 (obs +1.04);  vertex 10^-0.27–10^-0.07 (obs 10^-0.10)

=== L46 R0  (17 bins, log10 range [-2.56, 2.00], midpoint -0.09 = 0.81 y) ===
(a) polynomial ladder: R^2 of centroid PC_k vs orthogonal polynomials of log H, by max degree 1..4   (Guttman: PC_k needs degree k)
    PC1 (evr 0.750): deg1: 0.95  deg2: 0.95  deg3: 0.98  deg4: 0.99
    PC2 (evr 0.124): deg1: 0.00  deg2: 0.91  deg3: 0.97  deg4: 0.97
    PC3 (evr 0.031): deg1: 0.04  deg2: 0.06  deg3: 0.64  deg4: 0.91
    PC4 (evr 0.027): deg1: 0.01  deg2: 0.05  deg3: 0.15  deg4: 0.18
(b) banded similarity: centroid distance = s(1-exp(-|Δt|/ℓ)) fits with R^2 0.906, ℓ = 2.22 decades
(c) vertex vs window midpoint (windows of 9 bins, 9 windows): slope +1.03   [full-range vertex 10^-0.20 = 0.64 y vs midpoint 0.81 y]
(d) PC2 share 0.124 vs split-half noise share ≈ 0.0107 of centroid variance
(e) matched banded null (200 draws, ℓ=2.22, noise ratio 0.10):  evr1 0.40–0.47 (obs 0.75)  evr2 0.17–0.22 (obs 0.12)  evr3 0.09–0.12 (obs 0.03)
    PC2 quadratic R^2 0.82–0.91 (obs 0.91);  PC3 cubic R^2 0.59–0.79 (obs 0.64);  vertex slope 1.01–1.05 (obs +1.03);  vertex 10^-0.26–10^-0.09 (obs 10^-0.20)
