2026-10-03 16:54:20 CHAIN START commit 3ee92fd model google/gemma-4-31B-it tag gemma-4-31b; nproc 4, cgroup CPU quota 23 cores, OMP_NUM_THREADS 4
torch 2.11.0+cu128 12.8 NVIDIA A100 80GB PCIe
2026-10-03 16:55:17 tests: 79 passed, 42 skipped in 18.69s
2026-10-03 16:55:40 verify: mem per gpu (GiB): [59.07] VERIFY OK 
2026-10-03 16:55:40 START commit 3ee92fd model google/gemma-4-31B-it tag gemma-4-31b cap [--model google/gemma-4-31B-it --batch-size 16]
2026-10-03 16:55:40 datasets
2026-10-03 16:55:43 datasets done
2026-10-03 16:55:43 capture gemma-4-31b_investment_n2000_s0 start
2026-10-03 17:12:08 capture gemma-4-31b_investment_n2000_s0 done: 2000 samples, format adherence 1998/2000 = 0.999
2026-10-03 17:12:08 capture gemma-4-31b_matrix_s0 start
2026-10-03 17:39:30 capture gemma-4-31b_matrix_s0 done: 3240 samples, format adherence 2985/3240 = 0.921
2026-10-03 17:39:30 capture gemma-4-31b_extended_n2000_s0 start
2026-10-03 17:57:16 capture gemma-4-31b_extended_n2000_s0 done: 2000 samples, format adherence 1996/2000 = 0.998
2026-10-03 17:57:16 capture gemma-4-31b_phrasings_n2000_s0 start
2026-10-03 18:15:02 capture gemma-4-31b_phrasings_n2000_s0 done: 2000 samples, format adherence 1995/2000 = 0.998
2026-10-03 18:15:02 capture gemma-4-31b_units_paired_n2000_s1 start
2026-10-03 18:31:44 capture gemma-4-31b_units_paired_n2000_s1 done: 2000 samples, format adherence 1997/2000 = 0.999
2026-10-03 18:31:44 all captures done; waiting for analyses
2026-10-03 18:31:54 checksums
gemma-4-31b_investment_n2000_s0: n=2000 index=ec3ab8a131e5 T3sum=570235 R0sum=402831
gemma-4-31b_matrix_s0: n=3240 index=b55764730fe3 T3sum=1.01662e+06 R0sum=670346
gemma-4-31b_extended_n2000_s0: n=2000 index=ebb221c483a5 T3sum=564139 R0sum=403416
gemma-4-31b_phrasings_n2000_s0: n=2000 index=552783417f51 T3sum=572272 R0sum=398949
gemma-4-31b_units_paired_n2000_s1: n=2000 index=37c46cc74434 T3sum=568396 R0sum=401953
wrote snapshot/checksums_gemma-4-31b.json
2026-10-03 18:32:00 ALL DONE
2026-10-03 18:32:00 capture gemma-4-31b_families_s0 start
2026-10-03 18:40:16 capture gemma-4-31b_families_s0 done: 960 samples, format adherence 951/960 = 0.991
2026-10-03 18:40:16 capture gemma-4-31b_matrix_s0_long start
2026-10-03 19:25:41 capture gemma-4-31b_matrix_s0_long done: 3240 samples, format adherence 2985/3240 = 0.921
2026-10-03 19:25:41 capture gemma-4-31b_families_s0_long start
2026-10-03 19:36:45 capture gemma-4-31b_families_s0_long done: 960 samples, format adherence 951/960 = 0.991
2026-10-03 19:36:45 analysis curve_model start
2026-10-03 19:38:36 analysis curve_model done
2026-10-03 19:38:36 analysis relevance_decoder start
2026-10-03 19:40:36 analysis relevance_decoder done
2026-10-03 19:40:36 analysis relevance_families start
2026-10-03 19:41:57 analysis relevance_families done
2026-10-03 19:41:57 analysis scaling_test start
2026-10-03 19:59:39 analysis scaling_test done
2026-10-03 19:59:39 analysis guttman_canonical start
2026-10-03 19:59:51 analysis guttman_canonical done
2026-10-03 19:59:51 analysis guttman_extended start
2026-10-03 20:00:02 analysis guttman_extended done
2026-10-03 20:00:02 analysis leace_check start
2026-10-03 20:05:31 analysis leace_check done
2026-10-03 20:05:31 analysis pls_check start
2026-10-03 20:07:28 analysis pls_check done
2026-10-03 20:07:28 analysis stakes_pilot start
2026-10-03 20:08:09 analysis stakes_pilot done
2026-10-03 20:08:09 analysis late_readout start
2026-10-03 20:08:51 analysis late_readout done
2026-10-03 20:08:51 analysis depth_profile start
2026-10-03 20:10:58 analysis depth_profile done
2026-10-03 20:10:58 analysis analyze_long start
2026-10-03 20:43:32 analysis analyze_long done
2026-10-03 20:43:32 export subset runs/gemma-4-31b_investment_n2000_s0
2026-10-03 20:43:40 export subset runs/gemma-4-31b_matrix_s0
2026-10-03 20:43:50 export subset runs/gemma-4-31b_extended_n2000_s0
2026-10-03 20:43:58 export subset runs/gemma-4-31b_phrasings_n2000_s0
2026-10-03 20:44:07 export subset runs/gemma-4-31b_units_paired_n2000_s1
2026-10-03 20:44:16 export subset runs/gemma-4-31b_families_s0
2026-10-03 20:44:23 export subset runs/gemma-4-31b_matrix_s0_long
2026-10-03 20:44:33 export subset runs/gemma-4-31b_families_s0_long
gemma-4-31b_phrasings_n2000_s0: n=2000 index=552783417f51 T3sum=572272 R0sum=398949
gemma-4-31b_units_paired_n2000_s1: n=2000 index=37c46cc74434 T3sum=568396 R0sum=401953
wrote snapshot/checksums_gemma-4-31b_all.json
2026-10-03 20:47:16 tier-1 size: 21G	total
2026-10-03 20:47:16 CHAIN DONE
