Using CPython 3.12.3 interpreter at: /usr/bin/python3
Creating virtual environment at: .venv
Resolved 82 packages in 1ms
   Building ptm @ file:///workspace/SPAR-2026
Downloading torch (782.3MiB)
Downloading networkx (2.0MiB)
Downloading setuptools (1.0MiB)
Downloading tokenizers (3.2MiB)
Downloading sympy (6.0MiB)
Downloading hf-xet (4.3MiB)
Downloading triton (179.5MiB)
Downloading nvidia-cuda-nvrtc-cu12 (84.0MiB)
Downloading nvidia-nvjitlink-cu12 (37.4MiB)
Downloading pandas (10.3MiB)
Downloading scipy (33.7MiB)
Downloading nvidia-cusparselt-cu12 (273.9MiB)
Downloading nvidia-cuda-cupti-cu12 (9.8MiB)
Downloading pyarrow (47.8MiB)
Downloading transformers (11.7MiB)
Downloading nvidia-curand-cu12 (60.7MiB)
Downloading nvidia-cusparse-cu12 (274.9MiB)
Downloading numpy (15.9MiB)
Downloading nvidia-nvshmem-cu12 (132.7MiB)
Downloading nvidia-cublas-cu12 (566.8MiB)
Downloading nvidia-cufft-cu12 (184.2MiB)
Downloading scikit-learn (8.7MiB)
Downloading plotly (9.2MiB)
Downloading nvidia-cusolver-cu12 (255.1MiB)
Downloading matplotlib (9.4MiB)
Downloading cuda-bindings (7.2MiB)
Downloading pygments (1.2MiB)
Downloading kiwisolver (1.4MiB)
Downloading nvidia-cufile-cu12 (1.1MiB)
Downloading pillow (6.6MiB)
Downloading fonttools (5.2MiB)
Downloading nvidia-cudnn-cu12 (627.4MiB)
Downloading nvidia-nccl-cu12 (283.0MiB)
 Downloaded setuptools
 Downloaded nvidia-cufile-cu12
 Downloaded pygments
 Downloaded kiwisolver
 Downloaded networkx
 Downloaded tokenizers
 Downloaded hf-xet
 Downloaded fonttools
 Downloaded sympy
 Downloaded pillow
 Downloaded cuda-bindings
 Downloaded scikit-learn
 Downloaded plotly
 Downloaded matplotlib
 Downloaded nvidia-cuda-cupti-cu12
 Downloaded pandas
 Downloaded transformers
 Downloaded numpy
      Built ptm @ file:///workspace/SPAR-2026
 Downloaded scipy
 Downloaded nvidia-nvjitlink-cu12
 Downloaded pyarrow
 Downloaded nvidia-curand-cu12
 Downloaded nvidia-cuda-nvrtc-cu12
 Downloaded nvidia-nvshmem-cu12
 Downloaded triton
 Downloaded nvidia-cufft-cu12
 Downloaded nvidia-cusolver-cu12
 Downloaded nvidia-cusparse-cu12
 Downloaded nvidia-cusparselt-cu12
 Downloaded nvidia-nccl-cu12
 Downloaded torch
 Downloaded nvidia-cublas-cu12
 Downloaded nvidia-cudnn-cu12
Prepared 80 packages in 9.26s
Installed 80 packages in 6.38s
 + accelerate==1.15.0
 + annotated-doc==0.0.5
 + anyio==4.15.1
 + certifi==2026.7.22
 + click==8.5.0
 + cloudpickle==3.1.2
 + contourpy==1.4.0
 + cuda-bindings==12.9.8
 + cuda-pathfinder==1.8.2
 + cuda-toolkit==12.8.1
 + cycler==0.12.1
 + einops==0.8.2
 + filelock==4.0.1
 + fla-core==0.5.2
 + flash-linear-attention==0.5.2
 + fonttools==4.65.0
 + fsspec==2026.9.0
 + h11==0.16.0
 + hf-xet==1.6.0
 + httpcore==1.0.9
 + httpx==0.28.1
 + huggingface-hub==1.32.0
 + idna==3.20
 + iniconfig==2.3.0
 + jinja2==3.1.6
 + joblib==1.6.0
 + kiwisolver==1.5.1
 + markdown-it-py==4.2.0
 + markupsafe==3.0.3
 + matplotlib==3.11.2
 + mdurl==0.1.2
 + mpmath==1.3.0
 + narwhals==2.26.0
 + networkx==3.6.1
 + numpy==2.5.3
 + nvidia-cublas-cu12==12.8.4.1
 + nvidia-cuda-cupti-cu12==12.8.90
 + nvidia-cuda-nvrtc-cu12==12.8.93
 + nvidia-cuda-runtime-cu12==12.8.90
 + nvidia-cudnn-cu12==9.19.0.56
 + nvidia-cufft-cu12==11.3.3.83
 + nvidia-cufile-cu12==1.13.1.3
 + nvidia-curand-cu12==10.3.9.90
 + nvidia-cusolver-cu12==11.7.3.90
 + nvidia-cusparse-cu12==12.5.8.93
 + nvidia-cusparselt-cu12==0.7.1
 + nvidia-nccl-cu12==2.28.9
 + nvidia-nvjitlink-cu12==12.8.93
 + nvidia-nvshmem-cu12==3.4.5
 + nvidia-nvtx-cu12==12.8.90
 + packaging==26.3
 + pandas==3.0.6
 + pillow==12.3.0
 + plotly==7.1.0
 + pluggy==1.6.0
 + psutil==7.2.2
 + ptm==0.0.1 (from file:///workspace/SPAR-2026)
 + pyarrow==25.0.1
 + pygments==2.21.0
 + pyparsing==3.3.2
 + pytest==9.1.1
 + python-dateutil==2.9.0.post0
 + pyyaml==6.0.3
 + regex==2026.9.10
 + rich==15.0.0
 + safetensors==0.8.0
 + scikit-learn==1.9.1
 + scipy==1.18.1
 + setuptools==81.0.0
 + shellingham==1.5.4
 + six==1.17.0
 + sympy==1.14.0
 + threadpoolctl==3.7.0
 + tokenizers==0.23.2
 + torch==2.11.0+cu128
 + tqdm==4.70.1
 + transformers==5.17.0
 + triton==3.6.0
 + typer==0.27.2
 + typing-extensions==4.16.0
